<?xml version="1.0" encoding="UTF-8"?>
<testsuites name="GutTests" failures="0" tests="1568" >
  <testsuite name="tests/headless/test_aero_visibility.gd" tests="7" failures="0" skipped="0" time="7.792635" >
      <testcase name="test_set_aero_visible_hides_only_aero_meshes" assertions="3" status="pass" classname="tests/headless/test_aero_visibility.gd" time="1.182466" >
      </testcase>
      <testcase name="test_set_aero_visible_reveals_aero_meshes" assertions="2" status="pass" classname="tests/headless/test_aero_visibility.gd" time="1.077319" >
      </testcase>
      <testcase name="test_set_aero_visible_null_body_is_noop" assertions="1" status="pass" classname="tests/headless/test_aero_visibility.gd" time="1.071162" >
      </testcase>
      <testcase name="test_body_reveal_hides_wing_by_default" assertions="1" status="pass" classname="tests/headless/test_aero_visibility.gd" time="1.110153" >
      </testcase>
      <testcase name="test_aero_visibility_follows_enabled_state" assertions="3" status="pass" classname="tests/headless/test_aero_visibility.gd" time="1.130593" >
      </testcase>
      <testcase name="test_set_body_hidden_restore_keeps_wing_for_upgraded_car" assertions="3" status="pass" classname="tests/headless/test_aero_visibility.gd" time="1.11134" >
      </testcase>
      <testcase name="test_aero_meshes_keep_their_own_material" assertions="2" status="pass" classname="tests/headless/test_aero_visibility.gd" time="1.109602" >
      </testcase>
  </testsuite>
  <testsuite name="tests/headless/test_benchmark_mode.gd" tests="19" failures="0" skipped="0" time="1.253265" >
      <testcase name="test_every_toggle_has_a_default_on_option" assertions="16" status="pass" classname="tests/headless/test_benchmark_mode.gd" time="0.002543" >
      </testcase>
      <testcase name="test_set_option_flips_and_reads_back" assertions="2" status="pass" classname="tests/headless/test_benchmark_mode.gd" time="0.002157" >
      </testcase>
      <testcase name="test_apply_overrides_sets_up_the_benchmark_stage" assertions="3" status="pass" classname="tests/headless/test_benchmark_mode.gd" time="0.00217" >
      </testcase>
      <testcase name="test_apply_overrides_with_everything_on_keeps_features_enabled" assertions="8" status="pass" classname="tests/headless/test_benchmark_mode.gd" time="0.002185" >
      </testcase>
      <testcase name="test_toggles_off_disable_their_config_switches" assertions="8" status="pass" classname="tests/headless/test_benchmark_mode.gd" time="0.002144" >
      </testcase>
      <testcase name="test_render_distance_toggle_halves_foliage_distance" assertions="1" status="pass" classname="tests/headless/test_benchmark_mode.gd" time="0.002148" >
      </testcase>
      <testcase name="test_uncap_fps_toggle_clears_the_frame_cap" assertions="6" status="pass" classname="tests/headless/test_benchmark_mode.gd" time="0.002218" >
      </testcase>
      <testcase name="test_restore_returns_every_overridden_field" assertions="19" status="pass" classname="tests/headless/test_benchmark_mode.gd" time="0.002609" >
      </testcase>
      <testcase name="test_reapplying_overrides_keeps_the_original_snapshot" assertions="3" status="pass" classname="tests/headless/test_benchmark_mode.gd" time="0.002307" >
      </testcase>
      <testcase name="test_restore_without_a_snapshot_is_a_noop" assertions="1" status="pass" classname="tests/headless/test_benchmark_mode.gd" time="0.002112" >
      </testcase>
      <testcase name="test_summarise_frame_stats" assertions="8" status="pass" classname="tests/headless/test_benchmark_mode.gd" time="0.002191" >
      </testcase>
      <testcase name="test_summarise_handles_missing_and_empty_streams" assertions="3" status="pass" classname="tests/headless/test_benchmark_mode.gd" time="0.002114" >
      </testcase>
      <testcase name="test_summarise_covers_the_monitor_streams" assertions="3" status="pass" classname="tests/headless/test_benchmark_mode.gd" time="0.002109" >
      </testcase>
      <testcase name="test_percentile_nearest_rank" assertions="4" status="pass" classname="tests/headless/test_benchmark_mode.gd" time="0.002111" >
      </testcase>
      <testcase name="test_benchmark_scene_boots_gated_and_drives" assertions="59" status="pass" classname="tests/headless/test_benchmark_mode.gd" time="1.211026" >
      </testcase>
      <testcase name="test_steer_toward_turns_toward_the_target" assertions="4" status="pass" classname="tests/headless/test_benchmark_mode.gd" time="0.002573" >
      </testcase>
      <testcase name="test_steer_toward_respects_the_car_heading" assertions="1" status="pass" classname="tests/headless/test_benchmark_mode.gd" time="0.00216" >
      </testcase>
      <testcase name="test_throttle_for_holds_the_target_speed" assertions="3" status="pass" classname="tests/headless/test_benchmark_mode.gd" time="0.002219" >
      </testcase>
      <testcase name="test_frame_interval_measures_elapsed_wall_time" assertions="2" status="pass" classname="tests/headless/test_benchmark_mode.gd" time="0.004169" >
      </testcase>
  </testsuite>
  <testsuite name="tests/headless/test_benchmark_report.gd" tests="9" failures="0" skipped="0" time="0.001605" >
      <testcase name="test_build_carries_all_sections" assertions="7" status="pass" classname="tests/headless/test_benchmark_report.gd" time="0.00056" >
      </testcase>
      <testcase name="test_build_disabled_defaults_empty_when_absent" assertions="1" status="pass" classname="tests/headless/test_benchmark_report.gd" time="0.000106" >
      </testcase>
      <testcase name="test_to_json_roundtrips" assertions="2" status="pass" classname="tests/headless/test_benchmark_report.gd" time="0.00045" >
      </testcase>
      <testcase name="test_label_baseline_when_nothing_disabled" assertions="2" status="pass" classname="tests/headless/test_benchmark_report.gd" time="0.000071" >
      </testcase>
      <testcase name="test_label_lists_disabled_toggles" assertions="2" status="pass" classname="tests/headless/test_benchmark_report.gd" time="0.000066" >
      </testcase>
      <testcase name="test_label_is_filesystem_safe" assertions="27" status="pass" classname="tests/headless/test_benchmark_report.gd" time="0.000115" >
      </testcase>
      <testcase name="test_capture_averages_over_frame_count" assertions="2" status="pass" classname="tests/headless/test_benchmark_report.gd" time="0.000077" >
      </testcase>
      <testcase name="test_capture_ignores_tracks_outside_the_window" assertions="1" status="pass" classname="tests/headless/test_benchmark_report.gd" time="0.000057" >
      </testcase>
      <testcase name="test_capture_zero_frames_is_empty" assertions="1" status="pass" classname="tests/headless/test_benchmark_report.gd" time="0.000103" >
      </testcase>
  </testsuite>
  <testsuite name="tests/headless/test_benchmark_ui.gd" tests="6" failures="0" skipped="0" time="0.100419" >
      <testcase name="test_benchmark_page_has_a_row_per_toggle" assertions="9" status="pass" classname="tests/headless/test_benchmark_ui.gd" time="0.032066" >
      </testcase>
      <testcase name="test_toggle_row_flips_the_option_and_repaints" assertions="4" status="pass" classname="tests/headless/test_benchmark_ui.gd" time="0.032755" >
      </testcase>
      <testcase name="test_benchmark_page_navigation" assertions="4" status="pass" classname="tests/headless/test_benchmark_ui.gd" time="0.032996" >
      </testcase>
      <testcase name="test_results_panel_lines_carry_the_breakdown" assertions="6" status="pass" classname="tests/headless/test_benchmark_ui.gd" time="0.000269" >
      </testcase>
      <testcase name="test_results_panel_lines_survive_empty_stats" assertions="9" status="pass" classname="tests/headless/test_benchmark_ui.gd" time="0.000124" >
      </testcase>
      <testcase name="test_results_panel_is_keyboard_navigable_and_actions_fire" assertions="7" status="pass" classname="tests/headless/test_benchmark_ui.gd" time="0.002209" >
      </testcase>
  </testsuite>
  <testsuite name="tests/headless/test_billboard_field.gd" tests="4" failures="0" skipped="0" time="1.398836" >
      <testcase name="test_size_factor_in_jitter_range_and_matches_internal" assertions="6" status="pass" classname="tests/headless/test_billboard_field.gd" time="0.354472" >
      </testcase>
      <testcase name="test_size_factor_is_one_when_jitter_disabled" assertions="3" status="pass" classname="tests/headless/test_billboard_field.gd" time="0.347737" >
      </testcase>
      <testcase name="test_size_factor_bad_index_is_one" assertions="2" status="pass" classname="tests/headless/test_billboard_field.gd" time="0.348202" >
      </testcase>
      <testcase name="test_opaque_material_has_sun_uniforms" assertions="6" status="pass" classname="tests/headless/test_billboard_field.gd" time="0.348425" >
      </testcase>
  </testsuite>
  <testsuite name="tests/headless/test_bush_field.gd" tests="7" failures="0" skipped="0" time="0.000787" >
      <testcase name="test_drag_torque_sign_is_side_based" assertions="3" status="pass" classname="tests/headless/test_bush_field.gd" time="0.000098" >
      </testcase>
      <testcase name="test_drag_torque_zero_head_on_and_scales_with_magnitude" assertions="2" status="pass" classname="tests/headless/test_bush_field.gd" time="0.000072" >
      </testcase>
      <testcase name="test_drag_torque_zero_on_degenerate_input" assertions="2" status="pass" classname="tests/headless/test_bush_field.gd" time="0.000086" >
      </testcase>
      <testcase name="test_entering_a_bush_applies_drag_and_torque_once" assertions="5" status="pass" classname="tests/headless/test_bush_field.gd" time="0.000188" >
      </testcase>
      <testcase name="test_leaving_and_re_entering_re_arms" assertions="3" status="pass" classname="tests/headless/test_bush_field.gd" time="0.000134" >
      </testcase>
      <testcase name="test_below_min_speed_does_not_drag_or_tug" assertions="2" status="pass" classname="tests/headless/test_bush_field.gd" time="0.000105" >
      </testcase>
      <testcase name="test_far_from_any_bush_is_a_noop" assertions="2" status="pass" classname="tests/headless/test_bush_field.gd" time="0.000104" >
      </testcase>
  </testsuite>
  <testsuite name="tests/headless/test_camera_manager.gd" tests="6" failures="0" skipped="0" time="0.093005" >
      <testcase name="test_starts_on_chase_camera" assertions="3" status="pass" classname="tests/headless/test_camera_manager.gd" time="0.000225" >
      </testcase>
      <testcase name="test_cycle_switches_to_bonnet_then_back" assertions="6" status="pass" classname="tests/headless/test_camera_manager.gd" time="0.000191" >
      </testcase>
      <testcase name="test_set_mode_selects_and_persists" assertions="4" status="pass" classname="tests/headless/test_camera_manager.gd" time="0.000115" >
      </testcase>
      <testcase name="test_bonnet_uses_configured_offset_and_fov" assertions="2" status="pass" classname="tests/headless/test_camera_manager.gd" time="0.000092" >
      </testcase>
      <testcase name="test_bonnet_offset_composes_base_plus_per_car" assertions="1" status="pass" classname="tests/headless/test_camera_manager.gd" time="0.000079" >
      </testcase>
      <testcase name="test_cycle_car_retargets_both_cameras" assertions="3" status="pass" classname="tests/headless/test_camera_manager.gd" time="0.092303" >
      </testcase>
  </testsuite>
  <testsuite name="tests/headless/test_car.gd" tests="51" failures="0" skipped="0" time="4.650688" >
      <testcase name="test_car_settles_on_ground" assertions="2" status="pass" classname="tests/headless/test_car.gd" time="0.093392" >
      </testcase>
      <testcase name="test_handbrake_holds_against_slope_force" assertions="4" status="pass" classname="tests/headless/test_car.gd" time="0.070044" >
      </testcase>
      <testcase name="test_accelerate_moves_car_forward" assertions="1" status="pass" classname="tests/headless/test_car.gd" time="0.097631" >
      </testcase>
      <testcase name="test_locked_car_ignores_accelerate" assertions="1" status="pass" classname="tests/headless/test_car.gd" time="0.07738" >
      </testcase>
      <testcase name="test_is_held_true_under_either_hold_flag" assertions="4" status="pass" classname="tests/headless/test_car.gd" time="0.047876" >
      </testcase>
      <testcase name="test_countdown_hold_does_not_read_as_throttling" assertions="2" status="pass" classname="tests/headless/test_car.gd" time="0.046958" >
      </testcase>
      <testcase name="test_fully_locked_car_does_not_read_as_throttling" assertions="1" status="pass" classname="tests/headless/test_car.gd" time="0.047172" >
      </testcase>
      <testcase name="test_free_car_flooring_it_reads_as_throttling" assertions="1" status="pass" classname="tests/headless/test_car.gd" time="0.046385" >
      </testcase>
      <testcase name="test_reset_returns_to_start" assertions="3" status="pass" classname="tests/headless/test_car.gd" time="0.119036" >
      </testcase>
      <testcase name="test_aero_drag_decelerates_at_speed" assertions="3" status="pass" classname="tests/headless/test_car.gd" time="0.089967" >
      </testcase>
      <testcase name="test_redline_gearing_caps_top_speed" assertions="1" status="pass" classname="tests/headless/test_car.gd" time="0.069337" >
      </testcase>
      <testcase name="test_roll_influence_scales_longitudinal_pitch" assertions="2" status="pass" classname="tests/headless/test_car.gd" time="0.053312" >
      </testcase>
      <testcase name="test_front_wheels_caster_toward_travel_direction" assertions="2" status="pass" classname="tests/headless/test_car.gd" time="0.084752" >
      </testcase>
      <testcase name="test_travel_alignment_zero_disables_castering" assertions="1" status="pass" classname="tests/headless/test_car.gd" time="0.054335" >
      </testcase>
      <testcase name="test_travel_alignment_scales_down_at_low_speed" assertions="1" status="pass" classname="tests/headless/test_car.gd" time="0.095564" >
      </testcase>
      <testcase name="test_steer_assist_suppressed_below_min_speed" assertions="1" status="pass" classname="tests/headless/test_car.gd" time="0.069867" >
      </testcase>
      <testcase name="test_steer_assist_tapers_with_slip_angle" assertions="2" status="pass" classname="tests/headless/test_car.gd" time="0.211457" >
      </testcase>
      <testcase name="test_spin_assist_yaws_nose_back_toward_travel" assertions="1" status="pass" classname="tests/headless/test_car.gd" time="0.129083" >
      </testcase>
      <testcase name="test_spin_assist_inactive_below_threshold" assertions="1" status="pass" classname="tests/headless/test_car.gd" time="0.126916" >
      </testcase>
      <testcase name="test_spin_assist_suppressed_by_handbrake" assertions="1" status="pass" classname="tests/headless/test_car.gd" time="0.131781" >
      </testcase>
      <testcase name="test_rear_downforce_loads_rear_axle_at_speed" assertions="2" status="pass" classname="tests/headless/test_car.gd" time="0.060618" >
      </testcase>
      <testcase name="test_front_downforce_loads_front_axle_at_speed" assertions="2" status="pass" classname="tests/headless/test_car.gd" time="0.062606" >
      </testcase>
      <testcase name="test_negative_rear_downforce_lifts_rear_axle_at_speed" assertions="2" status="pass" classname="tests/headless/test_car.gd" time="0.059757" >
      </testcase>
      <testcase name="test_negative_front_downforce_lifts_front_axle_at_speed" assertions="2" status="pass" classname="tests/headless/test_car.gd" time="0.061182" >
      </testcase>
      <testcase name="test_downforce_inert_at_standstill" assertions="1" status="pass" classname="tests/headless/test_car.gd" time="0.056743" >
      </testcase>
      <testcase name="test_retune_on_a_live_settled_car_keeps_it_grounded" assertions="3" status="pass" classname="tests/headless/test_car.gd" time="0.142104" >
      </testcase>
      <testcase name="test_apply_car_sets_downforce_from_spec_overwriting_stale" assertions="2" status="pass" classname="tests/headless/test_car.gd" time="0.080711" >
      </testcase>
      <testcase name="test_apply_car_seeds_brake_bias_from_spec_else_keeps_config_default" assertions="2" status="pass" classname="tests/headless/test_car.gd" time="0.116389" >
      </testcase>
      <testcase name="test_aero_kit_upgrade_adds_downforce" assertions="3" status="pass" classname="tests/headless/test_car.gd" time="0.085335" >
      </testcase>
      <testcase name="test_level_assist_rights_a_rolled_car" assertions="1" status="pass" classname="tests/headless/test_car.gd" time="0.066856" >
      </testcase>
      <testcase name="test_level_assist_rights_a_pitched_car" assertions="1" status="pass" classname="tests/headless/test_car.gd" time="0.064057" >
      </testcase>
      <testcase name="test_level_assist_does_not_yaw" assertions="1" status="pass" classname="tests/headless/test_car.gd" time="0.063193" >
      </testcase>
      <testcase name="test_level_assist_scales_with_tilt" assertions="1" status="pass" classname="tests/headless/test_car.gd" time="0.062817" >
      </testcase>
      <testcase name="test_level_assist_quiet_when_planted" assertions="2" status="pass" classname="tests/headless/test_car.gd" time="0.111595" >
      </testcase>
      <testcase name="test_grounded_level_assist_damps_body_roll" assertions="1" status="pass" classname="tests/headless/test_car.gd" time="0.152553" >
      </testcase>
      <testcase name="test_grounded_level_assist_inert_at_zero" assertions="1" status="pass" classname="tests/headless/test_car.gd" time="0.109496" >
      </testcase>
      <testcase name="test_grounded_level_assist_quiet_on_a_settled_car" assertions="3" status="pass" classname="tests/headless/test_car.gd" time="0.109303" >
      </testcase>
      <testcase name="test_car_has_damage_model_and_contact_monitor" assertions="3" status="pass" classname="tests/headless/test_car.gd" time="0.046907" >
      </testcase>
      <testcase name="test_engine_misfire_level_tracks_damage" assertions="2" status="pass" classname="tests/headless/test_car.gd" time="0.048481" >
      </testcase>
      <testcase name="test_head_on_collision_costs_hp" assertions="2" status="pass" classname="tests/headless/test_car.gd" time="0.093281" >
      </testcase>
      <testcase name="test_no_damage_accumulates_while_held_and_revving" assertions="2" status="pass" classname="tests/headless/test_car.gd" time="0.079931" >
      </testcase>
      <testcase name="test_bent_front_wheels_veer_the_car_via_physics" assertions="3" status="pass" classname="tests/headless/test_car.gd" time="0.137084" >
      </testcase>
      <testcase name="test_wheels_use_the_specs_own_wheel_texture" assertions="3" status="pass" classname="tests/headless/test_car.gd" time="0.081401" >
      </testcase>
      <testcase name="test_modelless_car_gets_blank_wheel_texture" assertions="2" status="pass" classname="tests/headless/test_car.gd" time="0.081643" >
      </testcase>
      <testcase name="test_apply_car_sets_custom_center_of_mass_from_weight_front" assertions="12" status="pass" classname="tests/headless/test_car.gd" time="0.234675" >
      </testcase>
      <testcase name="test_nose_heavy_car_sits_com_forward_of_tail_heavy" assertions="1" status="pass" classname="tests/headless/test_car.gd" time="0.140697" >
      </testcase>
      <testcase name="test_nose_heavy_car_settles_level_not_drooping" assertions="2" status="pass" classname="tests/headless/test_car.gd" time="0.131598" >
      </testcase>
      <testcase name="test_axle_rate_splits_toward_the_heavier_axle" assertions="3" status="pass" classname="tests/headless/test_car.gd" time="0.046928" >
      </testcase>
      <testcase name="test_engine_swap_reshapes_mass_and_torque" assertions="3" status="pass" classname="tests/headless/test_car.gd" time="0.108683" >
      </testcase>
      <testcase name="test_engine_swap_brings_its_transmission" assertions="3" status="pass" classname="tests/headless/test_car.gd" time="0.108489" >
      </testcase>
      <testcase name="test_stock_car_is_unaffected_by_the_swap_step" assertions="1" status="pass" classname="tests/headless/test_car.gd" time="0.08333" >
      </testcase>
  </testsuite>
  <testsuite name="tests/headless/test_car_fixtures.gd" tests="5" failures="0" skipped="0" time="0.000686" >
      <testcase name="test_fixtures_install_swaps_both_catalogues" assertions="3" status="pass" classname="tests/headless/test_car_fixtures.gd" time="0.000213" >
      </testcase>
      <testcase name="test_fixture_cars_reference_fixture_engines" assertions="4" status="pass" classname="tests/headless/test_car_fixtures.gd" time="0.000127" >
      </testcase>
      <testcase name="test_fixtures_cover_all_drive_modes" assertions="1" status="pass" classname="tests/headless/test_car_fixtures.gd" time="0.000112" >
      </testcase>
      <testcase name="test_restore_is_idempotent_without_install" assertions="1" status="pass" classname="tests/headless/test_car_fixtures.gd" time="0.000082" >
      </testcase>
      <testcase name="test_each_call_returns_a_fresh_copy" assertions="1" status="pass" classname="tests/headless/test_car_fixtures.gd" time="0.000152" >
      </testcase>
  </testsuite>
  <testsuite name="tests/headless/test_car_library.gd" tests="17" failures="0" skipped="0" time="19.512764" >
      <testcase name="test_library_has_a_range_of_cars" assertions="2" status="pass" classname="tests/headless/test_car_library.gd" time="1.056087" >
      </testcase>
      <testcase name="test_each_spec_is_sane" assertions="225" status="pass" classname="tests/headless/test_car_library.gd" time="1.062294" >
      </testcase>
      <testcase name="test_car_ids_are_unique_and_stable_lookups_work" assertions="29" status="pass" classname="tests/headless/test_car_library.gd" time="1.058193" >
      </testcase>
      <testcase name="test_max_lateral_g_returns_compound_at_reference_load" assertions="1" status="pass" classname="tests/headless/test_car_library.gd" time="1.052397" >
      </testcase>
      <testcase name="test_max_lateral_g_scales_with_compound" assertions="1" status="pass" classname="tests/headless/test_car_library.gd" time="1.050472" >
      </testcase>
      <testcase name="test_max_lateral_g_drops_with_mass_and_recovers_with_width" assertions="2" status="pass" classname="tests/headless/test_car_library.gd" time="1.05172" >
      </testcase>
      <testcase name="test_horsepower_is_consistent_with_power_to_weight" assertions="2" status="pass" classname="tests/headless/test_car_library.gd" time="1.053985" >
      </testcase>
      <testcase name="test_horsepower_scales_with_torque" assertions="1" status="pass" classname="tests/headless/test_car_library.gd" time="1.058478" >
      </testcase>
      <testcase name="test_tire_load_factor_is_neutral_when_sensitivity_is_zero" assertions="3" status="pass" classname="tests/headless/test_car_library.gd" time="1.054126" >
      </testcase>
      <testcase name="test_main_boots_as_first_car" assertions="3" status="pass" classname="tests/headless/test_car_library.gd" time="1.058329" >
      </testcase>
      <testcase name="test_apply_car_overlays_dimensions_mass_engine_and_drive" assertions="30" status="pass" classname="tests/headless/test_car_library.gd" time="1.217432" >
      </testcase>
      <testcase name="test_apply_owned_weight_reduction_relightens_the_rigidbody" assertions="2" status="pass" classname="tests/headless/test_car_library.gd" time="1.118751" >
      </testcase>
      <testcase name="test_apply_owned_applies_drivetrain_override" assertions="1" status="pass" classname="tests/headless/test_car_library.gd" time="1.111684" >
      </testcase>
      <testcase name="test_apply_owned_ignores_override_without_kit" assertions="1" status="pass" classname="tests/headless/test_car_library.gd" time="1.111613" >
      </testcase>
      <testcase name="test_cycle_car_advances_and_wraps" assertions="7" status="pass" classname="tests/headless/test_car_library.gd" time="1.562789" >
      </testcase>
      <testcase name="test_mx5_renders_the_authored_model_others_render_boxes" assertions="31" status="pass" classname="tests/headless/test_car_library.gd" time="1.122854" >
      </testcase>
      <testcase name="test_model_car_collision_hull_matches_its_body" assertions="181" status="pass" classname="tests/headless/test_car_library.gd" time="1.71156" >
      </testcase>
  </testsuite>
  <testsuite name="tests/headless/test_car_list.gd" tests="9" failures="0" skipped="0" time="0.001469" >
      <testcase name="test_empty_list_is_inert" assertions="6" status="pass" classname="tests/headless/test_car_list.gd" time="0.000274" >
      </testcase>
      <testcase name="test_single_page_wraps_within_itself" assertions="11" status="pass" classname="tests/headless/test_car_list.gd" time="0.000184" >
      </testcase>
      <testcase name="test_multi_page_flips_pages_at_boundaries" assertions="14" status="pass" classname="tests/headless/test_car_list.gd" time="0.000242" >
      </testcase>
      <testcase name="test_global_wrap_across_all_pages" assertions="6" status="pass" classname="tests/headless/test_car_list.gd" time="0.000135" >
      </testcase>
      <testcase name="test_setup_seats_on_a_given_start_index" assertions="4" status="pass" classname="tests/headless/test_car_list.gd" time="0.00013" >
      </testcase>
      <testcase name="test_page_size_one_makes_every_item_its_own_page" assertions="8" status="pass" classname="tests/headless/test_car_list.gd" time="0.000137" >
      </testcase>
      <testcase name="test_multi_step_advance_crosses_pages" assertions="6" status="pass" classname="tests/headless/test_car_list.gd" time="0.000144" >
      </testcase>
      <testcase name="test_setup_start_out_of_range_wraps" assertions="2" status="pass" classname="tests/headless/test_car_list.gd" time="0.000111" >
      </testcase>
      <testcase name="test_focus_local_moves_within_page_only" assertions="3" status="pass" classname="tests/headless/test_car_list.gd" time="0.000112" >
      </testcase>
  </testsuite>
  <testsuite name="tests/headless/test_car_preview_audio.gd" tests="4" failures="0" skipped="0" time="0.215397" >
      <testcase name="test_hold_phase_drives_full_throttle_and_climbs_revs" assertions="2" status="pass" classname="tests/headless/test_car_preview_audio.gd" time="0.044669" >
      </testcase>
      <testcase name="test_release_falls_back_to_idle_and_ends" assertions="3" status="pass" classname="tests/headless/test_car_preview_audio.gd" time="0.046379" >
      </testcase>
      <testcase name="test_new_rev_cancels_the_previous_one" assertions="4" status="pass" classname="tests/headless/test_car_preview_audio.gd" time="0.124078" >
      </testcase>
      <testcase name="test_unknown_engine_id_is_a_no_op" assertions="1" status="pass" classname="tests/headless/test_car_preview_audio.gd" time="0.000271" >
      </testcase>
  </testsuite>
  <testsuite name="tests/headless/test_car_prop_prune.gd" tests="2" failures="0" skipped="0" time="0.186886" >
      <testcase name="test_a_display_prop_keeps_only_its_active_body" assertions="2" status="pass" classname="tests/headless/test_car_prop_prune.gd" time="0.094587" >
      </testcase>
      <testcase name="test_opting_out_of_pruning_keeps_every_body" assertions="1" status="pass" classname="tests/headless/test_car_prop_prune.gd" time="0.092299" >
      </testcase>
  </testsuite>
  <testsuite name="tests/headless/test_car_terrain.gd" tests="4" failures="0" skipped="0" time="5.596239" >
      <testcase name="test_car_settles_on_terrain" assertions="2" status="pass" classname="tests/headless/test_car_terrain.gd" time="1.231789" >
      </testcase>
      <testcase name="test_world_border_catches_car_beyond_terrain" assertions="2" status="pass" classname="tests/headless/test_car_terrain.gd" time="1.913113" >
      </testcase>
      <testcase name="test_initial_ring_is_built_from_the_cache_not_on_demand" assertions="50" status="pass" classname="tests/headless/test_car_terrain.gd" time="1.224038" >
      </testcase>
      <testcase name="test_car_is_handed_back_to_physics_after_generation" assertions="1" status="pass" classname="tests/headless/test_car_terrain.gd" time="1.227299" >
      </testcase>
  </testsuite>
  <testsuite name="tests/headless/test_car_types.gd" tests="14" failures="0" skipped="0" time="15.674619" >
      <testcase name="test_every_car_places_its_wheels_at_track_and_wheelbase" assertions="72" status="pass" classname="tests/headless/test_car_types.gd" time="1.269495" >
      </testcase>
      <testcase name="test_apply_car_on_a_second_instance_does_not_resize_the_first" assertions="9" status="pass" classname="tests/headless/test_car_types.gd" time="0.231711" >
      </testcase>
      <testcase name="test_apply_body_on_a_second_instance_does_not_resize_the_first_hitbox" assertions="2" status="pass" classname="tests/headless/test_car_types.gd" time="0.092949" >
      </testcase>
      <testcase name="test_chassis_hull_is_a_symmetric_chamfered_octagon" assertions="52" status="pass" classname="tests/headless/test_car_types.gd" time="0.048119" >
      </testcase>
      <testcase name="test_chassis_hull_clamps_an_extreme_chamfer" assertions="17" status="pass" classname="tests/headless/test_car_types.gd" time="0.047516" >
      </testcase>
      <testcase name="test_every_car_sits_on_the_ground" assertions="9" status="pass" classname="tests/headless/test_car_types.gd" time="1.738035" >
      </testcase>
      <testcase name="test_every_car_suspension_absorbs_a_one_metre_drop" assertions="9" status="pass" classname="tests/headless/test_car_types.gd" time="1.663698" >
      </testcase>
      <testcase name="test_every_car_stays_upright_while_cornering" assertions="9" status="pass" classname="tests/headless/test_car_types.gd" time="2.474262" >
      </testcase>
      <testcase name="test_every_car_drives_forward" assertions="9" status="pass" classname="tests/headless/test_car_types.gd" time="1.73884" >
      </testcase>
      <testcase name="test_every_car_applies_its_own_shift_time" assertions="9" status="pass" classname="tests/headless/test_car_types.gd" time="1.266899" >
      </testcase>
      <testcase name="test_every_car_applies_its_own_suspension" assertions="198" status="pass" classname="tests/headless/test_car_types.gd" time="1.270177" >
      </testcase>
      <testcase name="test_every_car_applies_its_own_engine_volume" assertions="9" status="pass" classname="tests/headless/test_car_types.gd" time="1.271397" >
      </testcase>
      <testcase name="test_every_car_applies_its_own_noise_level" assertions="9" status="pass" classname="tests/headless/test_car_types.gd" time="1.290597" >
      </testcase>
      <testcase name="test_every_car_applies_its_own_soft_clip_post_gain" assertions="9" status="pass" classname="tests/headless/test_car_types.gd" time="1.270924" >
      </testcase>
  </testsuite>
  <testsuite name="tests/headless/test_car_water.gd" tests="1" failures="0" skipped="0" time="1.096582" >
      <testcase name="test_drag_applied_in_water_and_recoverable" assertions="2" status="pass" classname="tests/headless/test_car_water.gd" time="1.096582" >
      </testcase>
  </testsuite>
  <testsuite name="tests/headless/test_catalogue_seam.gd" tests="13" failures="0" skipped="0" time="0.001531" >
      <testcase name="test_car_override_replaces_the_active_catalogue" assertions="3" status="pass" classname="tests/headless/test_catalogue_seam.gd" time="0.000186" >
      </testcase>
      <testcase name="test_car_reset_restores_the_real_catalogue" assertions="2" status="pass" classname="tests/headless/test_catalogue_seam.gd" time="0.000109" >
      </testcase>
      <testcase name="test_car_empty_override_falls_back_to_real" assertions="1" status="pass" classname="tests/headless/test_catalogue_seam.gd" time="0.000077" >
      </testcase>
      <testcase name="test_engine_override_replaces_the_active_catalogue" assertions="3" status="pass" classname="tests/headless/test_catalogue_seam.gd" time="0.000118" >
      </testcase>
      <testcase name="test_engine_reset_restores_the_real_catalogue" assertions="2" status="pass" classname="tests/headless/test_catalogue_seam.gd" time="0.000097" >
      </testcase>
      <testcase name="test_rally_override_replaces_the_active_catalogue" assertions="3" status="pass" classname="tests/headless/test_catalogue_seam.gd" time="0.000114" >
      </testcase>
      <testcase name="test_rally_reset_restores_the_real_catalogue" assertions="2" status="pass" classname="tests/headless/test_catalogue_seam.gd" time="0.000096" >
      </testcase>
      <testcase name="test_rally_empty_override_falls_back_to_real" assertions="1" status="pass" classname="tests/headless/test_catalogue_seam.gd" time="0.000068" >
      </testcase>
      <testcase name="test_upgrade_override_replaces_the_active_catalogue" assertions="2" status="pass" classname="tests/headless/test_catalogue_seam.gd" time="0.000096" >
      </testcase>
      <testcase name="test_upgrade_reset_restores_the_real_catalogue" assertions="2" status="pass" classname="tests/headless/test_catalogue_seam.gd" time="0.000159" >
      </testcase>
      <testcase name="test_upgrade_empty_override_falls_back_to_real" assertions="1" status="pass" classname="tests/headless/test_catalogue_seam.gd" time="0.000077" >
      </testcase>
      <testcase name="test_region_override_replaces_the_active_catalogue" assertions="2" status="pass" classname="tests/headless/test_catalogue_seam.gd" time="0.000098" >
      </testcase>
      <testcase name="test_region_reset_restores_the_real_catalogue" assertions="2" status="pass" classname="tests/headless/test_catalogue_seam.gd" time="0.000236" >
      </testcase>
  </testsuite>
  <testsuite name="tests/headless/test_centerline_table.gd" tests="6" failures="0" skipped="0" time="0.012235" >
      <testcase name="test_table_lookup_agrees_with_sample_baked_along_the_whole_curve" assertions="2" status="pass" classname="tests/headless/test_centerline_table.gd" time="0.001336" >
      </testcase>
      <testcase name="test_lookup_stays_close_even_on_a_hard_cornered_curve" assertions="1" status="pass" classname="tests/headless/test_centerline_table.gd" time="0.000216" >
      </testcase>
      <testcase name="test_lookup_interpolates_rather_than_snapping_to_the_table" assertions="2" status="pass" classname="tests/headless/test_centerline_table.gd" time="0.000096" >
      </testcase>
      <testcase name="test_endpoints_and_out_of_range_offsets_clamp_to_the_curve" assertions="4" status="pass" classname="tests/headless/test_centerline_table.gd" time="0.000281" >
      </testcase>
      <testcase name="test_repeated_and_interleaved_requests_return_equivalent_tables" assertions="3" status="pass" classname="tests/headless/test_centerline_table.gd" time="0.01014" >
      </testcase>
      <testcase name="test_degenerate_curve_does_not_crash" assertions="4" status="pass" classname="tests/headless/test_centerline_table.gd" time="0.000166" >
      </testcase>
  </testsuite>
  <testsuite name="tests/headless/test_chase_camera_aim.gd" tests="5" failures="0" skipped="0" time="0.000541" >
      <testcase name="test_aim_sits_ahead_of_the_body_origin_along_the_facing" assertions="2" status="pass" classname="tests/headless/test_chase_camera_aim.gd" time="0.000134" >
      </testcase>
      <testcase name="test_aim_follows_the_cars_yaw_not_the_world_axes" assertions="3" status="pass" classname="tests/headless/test_chase_camera_aim.gd" time="0.000106" >
      </testcase>
      <testcase name="test_zero_ratio_aims_at_the_body_origin" assertions="1" status="pass" classname="tests/headless/test_chase_camera_aim.gd" time="0.00009" >
      </testcase>
      <testcase name="test_target_without_half_length_aims_at_its_origin" assertions="1" status="pass" classname="tests/headless/test_chase_camera_aim.gd" time="0.000096" >
      </testcase>
      <testcase name="test_look_at_points_the_camera_at_the_aim_not_the_origin" assertions="2" status="pass" classname="tests/headless/test_chase_camera_aim.gd" time="0.000115" >
      </testcase>
  </testsuite>
  <testsuite name="tests/headless/test_chase_camera_fov.gd" tests="7" failures="0" skipped="0" time="0.016268" >
      <testcase name="test_faster_widens_fov" assertions="1" status="pass" classname="tests/headless/test_chase_camera_fov.gd" time="0.002784" >
      </testcase>
      <testcase name="test_standstill_settles_to_base_fov" assertions="1" status="pass" classname="tests/headless/test_chase_camera_fov.gd" time="0.001422" >
      </testcase>
      <testcase name="test_camera_stays_above_the_water_surface" assertions="1" status="pass" classname="tests/headless/test_chase_camera_fov.gd" time="0.00156" >
      </testcase>
      <testcase name="test_full_dolly_holds_apparent_size" assertions="1" status="pass" classname="tests/headless/test_chase_camera_fov.gd" time="0.003012" >
      </testcase>
      <testcase name="test_zero_mix_leaves_distance_unchanged" assertions="1" status="pass" classname="tests/headless/test_chase_camera_fov.gd" time="0.002812" >
      </testcase>
      <testcase name="test_half_length_pushes_camera_back" assertions="1" status="pass" classname="tests/headless/test_chase_camera_fov.gd" time="0.001715" >
      </testcase>
      <testcase name="test_more_mix_pulls_camera_closer" assertions="1" status="pass" classname="tests/headless/test_chase_camera_fov.gd" time="0.002963" >
      </testcase>
  </testsuite>
  <testsuite name="tests/headless/test_chase_camera_tilt.gd" tests="4" failures="0" skipped="0" time="0.012743" >
      <testcase name="test_rightward_accel_rolls_one_way" assertions="2" status="pass" classname="tests/headless/test_chase_camera_tilt.gd" time="0.001718" >
      </testcase>
      <testcase name="test_throttle_and_brake_pitch_opposite_ways" assertions="2" status="pass" classname="tests/headless/test_chase_camera_tilt.gd" time="0.001781" >
      </testcase>
      <testcase name="test_tilt_is_clamped_to_max" assertions="2" status="pass" classname="tests/headless/test_chase_camera_tilt.gd" time="0.001313" >
      </testcase>
      <testcase name="test_tilt_decays_to_level_when_g_forces_drop" assertions="3" status="pass" classname="tests/headless/test_chase_camera_tilt.gd" time="0.007931" >
      </testcase>
  </testsuite>
  <testsuite name="tests/headless/test_chunk_border_debug.gd" tests="3" failures="0" skipped="0" time="0.003739" >
      <testcase name="test_hidden_rebuild_draws_nothing" assertions="1" status="pass" classname="tests/headless/test_chunk_border_debug.gd" time="0.000744" >
      </testcase>
      <testcase name="test_visible_geometry_scales_with_chunk_count" assertions="2" status="pass" classname="tests/headless/test_chunk_border_debug.gd" time="0.001134" >
      </testcase>
      <testcase name="test_colour_encodes_ring_role" assertions="178" status="pass" classname="tests/headless/test_chunk_border_debug.gd" time="0.001861" >
      </testcase>
  </testsuite>
  <testsuite name="tests/headless/test_config_applied.gd" tests="12" failures="0" skipped="0" time="0.004392" >
      <testcase name="test_road_tile_per_meter_present" assertions="1" status="pass" classname="tests/headless/test_config_applied.gd" time="0.000273" >
      </testcase>
      <testcase name="test_bonnet_camera_config_present" assertions="3" status="pass" classname="tests/headless/test_config_applied.gd" time="0.001089" >
      </testcase>
      <testcase name="test_target_fps_for_selects_by_platform" assertions="4" status="pass" classname="tests/headless/test_config_applied.gd" time="0.000226" >
      </testcase>
      <testcase name="test_render_distance_for_selects_by_platform" assertions="4" status="pass" classname="tests/headless/test_config_applied.gd" time="0.000182" >
      </testcase>
      <testcase name="test_terrain_lod_bands_for_selects_by_platform" assertions="4" status="pass" classname="tests/headless/test_config_applied.gd" time="0.000219" >
      </testcase>
      <testcase name="test_target_fps_for_passes_through_uncapped" assertions="4" status="pass" classname="tests/headless/test_config_applied.gd" time="0.000174" >
      </testcase>
      <testcase name="test_config_resource_loads" assertions="17" status="pass" classname="tests/headless/test_config_applied.gd" time="0.001046" >
      </testcase>
      <testcase name="test_car_values_applied" assertions="29" status="pass" classname="tests/headless/test_config_applied.gd" time="0.00031" >
      </testcase>
      <testcase name="test_world_values_applied" assertions="21" status="pass" classname="tests/headless/test_config_applied.gd" time="0.000465" >
      </testcase>
      <testcase name="test_speed_lines_config_defaults_present" assertions="5" status="pass" classname="tests/headless/test_config_applied.gd" time="0.000163" >
      </testcase>
      <testcase name="test_track_config_defaults_present" assertions="3" status="pass" classname="tests/headless/test_config_applied.gd" time="0.000131" >
      </testcase>
      <testcase name="test_track_transition_cells_default" assertions="1" status="pass" classname="tests/headless/test_config_applied.gd" time="0.000114" >
      </testcase>
  </testsuite>
  <testsuite name="tests/headless/test_config_isolation.gd" tests="3" failures="0" skipped="0" time="0.348224" >
      <testcase name="test_active_car_uses_shared_global_config" assertions="1" status="pass" classname="tests/headless/test_config_isolation.gd" time="0.048316" >
      </testcase>
      <testcase name="test_isolated_config_is_a_separate_object" assertions="2" status="pass" classname="tests/headless/test_config_isolation.gd" time="0.049543" >
      </testcase>
      <testcase name="test_prop_apply_does_not_clobber_active_cars_engine" assertions="3" status="pass" classname="tests/headless/test_config_isolation.gd" time="0.250365" >
      </testcase>
  </testsuite>
  <testsuite name="tests/headless/test_confirm_popup.gd" tests="4" failures="0" skipped="0" time="0.00321" >
      <testcase name="test_open_builds_one_button_per_action" assertions="1" status="pass" classname="tests/headless/test_confirm_popup.gd" time="0.000782" >
      </testcase>
      <testcase name="test_pressing_action_fires_its_callback_and_dismisses" assertions="2" status="pass" classname="tests/headless/test_confirm_popup.gd" time="0.001149" >
      </testcase>
      <testcase name="test_disabled_action_button_is_disabled" assertions="1" status="pass" classname="tests/headless/test_confirm_popup.gd" time="0.00066" >
      </testcase>
      <testcase name="test_back_index_defaults_to_last_action" assertions="1" status="pass" classname="tests/headless/test_confirm_popup.gd" time="0.000619" >
      </testcase>
  </testsuite>
  <testsuite name="tests/headless/test_corner_library.gd" tests="5" failures="0" skipped="0" time="0.003374" >
      <testcase name="test_library_has_the_expected_corners" assertions="10" status="pass" classname="tests/headless/test_corner_library.gd" time="0.000121" >
      </testcase>
      <testcase name="test_build_curve_produces_a_usable_curve_for_every_corner" assertions="27" status="pass" classname="tests/headless/test_corner_library.gd" time="0.000403" >
      </testcase>
      <testcase name="test_first_point_is_at_origin" assertions="9" status="pass" classname="tests/headless/test_corner_library.gd" time="0.000297" >
      </testcase>
      <testcase name="test_documented_shape_semantics" assertions="9" status="pass" classname="tests/headless/test_corner_library.gd" time="0.00016" >
      </testcase>
      <testcase name="test_catalog_scene_makes_one_label_per_corner" assertions="2" status="pass" classname="tests/headless/test_corner_library.gd" time="0.002393" >
      </testcase>
  </testsuite>
  <testsuite name="tests/headless/test_cpu_particle_pool.gd" tests="6" failures="0" skipped="0" time="0.000775" >
      <testcase name="test_starts_empty_and_sized" assertions="2" status="pass" classname="tests/headless/test_cpu_particle_pool.gd" time="0.000213" >
      </testcase>
      <testcase name="test_emit_grows_live_count" assertions="1" status="pass" classname="tests/headless/test_cpu_particle_pool.gd" time="0.000118" >
      </testcase>
      <testcase name="test_ring_buffer_caps_live_at_max" assertions="1" status="pass" classname="tests/headless/test_cpu_particle_pool.gd" time="0.00011" >
      </testcase>
      <testcase name="test_reusing_a_dead_slot_does_not_double_count" assertions="2" status="pass" classname="tests/headless/test_cpu_particle_pool.gd" time="0.000115" >
      </testcase>
      <testcase name="test_clear_empties_the_pool" assertions="1" status="pass" classname="tests/headless/test_cpu_particle_pool.gd" time="0.000097" >
      </testcase>
      <testcase name="test_warm_up_draws_one_then_clears" assertions="2" status="pass" classname="tests/headless/test_cpu_particle_pool.gd" time="0.000122" >
      </testcase>
  </testsuite>
  <testsuite name="tests/headless/test_damage_model.gd" tests="22" failures="0" skipped="0" time="0.058053" >
      <testcase name="test_hp_loss_is_zero_at_rest_and_positive_above" assertions="2" status="pass" classname="tests/headless/test_damage_model.gd" time="0.003055" >
      </testcase>
      <testcase name="test_hp_loss_grows_with_square_of_speed" assertions="3" status="pass" classname="tests/headless/test_damage_model.gd" time="0.003316" >
      </testcase>
      <testcase name="test_below_threshold_g_costs_nothing" assertions="2" status="pass" classname="tests/headless/test_damage_model.gd" time="0.002425" >
      </testcase>
      <testcase name="test_above_threshold_costs_hp_and_emits" assertions="5" status="pass" classname="tests/headless/test_damage_model.gd" time="0.002401" >
      </testcase>
      <testcase name="test_full_arrest_matches_capped_square_law" assertions="1" status="pass" classname="tests/headless/test_damage_model.gd" time="0.002268" >
      </testcase>
      <testcase name="test_single_spike_is_capped_and_cannot_wreck" assertions="3" status="pass" classname="tests/headless/test_damage_model.gd" time="0.002292" >
      </testcase>
      <testcase name="test_stopped_car_self_limits_without_a_cooldown" assertions="1" status="pass" classname="tests/headless/test_damage_model.gd" time="0.002859" >
      </testcase>
      <testcase name="test_repeated_spikes_accumulate_and_wreck" assertions="2" status="pass" classname="tests/headless/test_damage_model.gd" time="0.002565" >
      </testcase>
      <testcase name="test_soft_drag_deceleration_deals_small_damage" assertions="2" status="pass" classname="tests/headless/test_damage_model.gd" time="0.002276" >
      </testcase>
      <testcase name="test_damage_fraction_tracks_hp" assertions="3" status="pass" classname="tests/headless/test_damage_model.gd" time="0.002249" >
      </testcase>
      <testcase name="test_misfire_level_zero_above_threshold_then_ramps" assertions="5" status="pass" classname="tests/headless/test_damage_model.gd" time="0.002987" >
      </testcase>
      <testcase name="test_field_loads_persisted_wheel_toe" assertions="1" status="pass" classname="tests/headless/test_damage_model.gd" time="0.003007" >
      </testcase>
      <testcase name="test_field_missing_toe_fields_straight" assertions="1" status="pass" classname="tests/headless/test_damage_model.gd" time="0.002558" >
      </testcase>
      <testcase name="test_nudge_bends_every_wheel_within_clamp" assertions="5" status="pass" classname="tests/headless/test_damage_model.gd" time="0.002335" >
      </testcase>
      <testcase name="test_nudge_zero_strength_is_noop" assertions="1" status="pass" classname="tests/headless/test_damage_model.gd" time="0.002726" >
      </testcase>
      <testcase name="test_nudge_always_clamped_over_many_hits" assertions="4" status="pass" classname="tests/headless/test_damage_model.gd" time="0.002423" >
      </testcase>
      <testcase name="test_reset_wheel_toe_straightens" assertions="1" status="pass" classname="tests/headless/test_damage_model.gd" time="0.002835" >
      </testcase>
      <testcase name="test_deceleration_bends_wheels" assertions="2" status="pass" classname="tests/headless/test_damage_model.gd" time="0.002472" >
      </testcase>
      <testcase name="test_unbound_wreck_emits_without_touching_save" assertions="3" status="pass" classname="tests/headless/test_damage_model.gd" time="0.002525" >
      </testcase>
      <testcase name="test_bound_wreck_zeroes_hp_keeping_car_and_upgrades" assertions="6" status="pass" classname="tests/headless/test_damage_model.gd" time="0.002862" >
      </testcase>
      <testcase name="test_every_car_takes_damage_and_can_wreck" assertions="5" status="pass" classname="tests/headless/test_damage_model.gd" time="0.002537" >
      </testcase>
      <testcase name="test_event_boundary_writeback_round_trips" assertions="1" status="pass" classname="tests/headless/test_damage_model.gd" time="0.00308" >
      </testcase>
  </testsuite>
  <testsuite name="tests/headless/test_debug_arrows.gd" tests="6" failures="0" skipped="0" time="0.496334" >
      <testcase name="test_wheel_force_arrows_drawn_when_grounded" assertions="5" status="pass" classname="tests/headless/test_debug_arrows.gd" time="0.067779" >
      </testcase>
      <testcase name="test_collision_box_shown_and_transparent_with_arrows" assertions="10" status="pass" classname="tests/headless/test_debug_arrows.gd" time="0.103768" >
      </testcase>
      <testcase name="test_car_body_hidden_while_overlay_shown" assertions="6" status="pass" classname="tests/headless/test_debug_arrows.gd" time="0.104409" >
      </testcase>
      <testcase name="test_downforce_arrows_drawn_at_speed" assertions="3" status="pass" classname="tests/headless/test_debug_arrows.gd" time="0.069914" >
      </testcase>
      <testcase name="test_assist_arrow_reflects_combined_yaw_assist" assertions="4" status="pass" classname="tests/headless/test_debug_arrows.gd" time="0.094122" >
      </testcase>
      <testcase name="test_h_key_toggles_arrows" assertions="2" status="pass" classname="tests/headless/test_debug_arrows.gd" time="0.056342" >
      </testcase>
  </testsuite>
  <testsuite name="tests/headless/test_display_stretch.gd" tests="15" failures="0" skipped="0" time="0.003253" >
      <testcase name="test_stretches_horizontal_by_the_factor" assertions="4" status="pass" classname="tests/headless/test_display_stretch.gd" time="0.000123" >
      </testcase>
      <testcase name="test_height_is_never_distorted" assertions="1" status="pass" classname="tests/headless/test_display_stretch.gd" time="0.000081" >
      </testcase>
      <testcase name="test_factor_one_is_a_no_op" assertions="1" status="pass" classname="tests/headless/test_display_stretch.gd" time="0.000068" >
      </testcase>
      <testcase name="test_wider_devices_still_reveal_more_width" assertions="1" status="pass" classname="tests/headless/test_display_stretch.gd" time="0.000058" >
      </testcase>
      <testcase name="test_degenerate_inputs_are_safe" assertions="2" status="pass" classname="tests/headless/test_display_stretch.gd" time="0.000061" >
      </testcase>
      <testcase name="test_config_carries_the_authored_stretch" assertions="1" status="pass" classname="tests/headless/test_display_stretch.gd" time="0.000984" >
      </testcase>
      <testcase name="test_benchmark_swaps_portrait_to_landscape" assertions="1" status="pass" classname="tests/headless/test_display_stretch.gd" time="0.000087" >
      </testcase>
      <testcase name="test_benchmark_leaves_landscape_untouched" assertions="1" status="pass" classname="tests/headless/test_display_stretch.gd" time="0.000074" >
      </testcase>
      <testcase name="test_non_benchmark_never_swaps" assertions="1" status="pass" classname="tests/headless/test_display_stretch.gd" time="0.000076" >
      </testcase>
      <testcase name="test_web_touch_takes_the_low_resolution_tier" assertions="1" status="pass" classname="tests/headless/test_display_stretch.gd" time="0.00013" >
      </testcase>
      <testcase name="test_every_other_target_keeps_the_base_height" assertions="3" status="pass" classname="tests/headless/test_display_stretch.gd" time="0.000156" >
      </testcase>
      <testcase name="test_low_tier_is_not_higher_than_the_base" assertions="2" status="pass" classname="tests/headless/test_display_stretch.gd" time="0.000895" >
      </testcase>
      <testcase name="test_virtual_resolution_stays_in_proportion" assertions="3" status="pass" classname="tests/headless/test_display_stretch.gd" time="0.000139" >
      </testcase>
      <testcase name="test_virtual_resolution_untouched_off_the_low_tier" assertions="3" status="pass" classname="tests/headless/test_display_stretch.gd" time="0.000189" >
      </testcase>
      <testcase name="test_zero_base_height_is_safe" assertions="1" status="pass" classname="tests/headless/test_display_stretch.gd" time="0.000132" >
      </testcase>
  </testsuite>
  <testsuite name="tests/headless/test_drive_mode.gd" tests="5" failures="0" skipped="0" time="0.482281" >
      <testcase name="test_default_mode_is_rwd" assertions="1" status="pass" classname="tests/headless/test_drive_mode.gd" time="0.094048" >
      </testcase>
      <testcase name="test_routing_helpers_per_mode" assertions="3" status="pass" classname="tests/headless/test_drive_mode.gd" time="0.093829" >
      </testcase>
      <testcase name="test_fwd_spins_fronts_and_leaves_rear_rolling" assertions="2" status="pass" classname="tests/headless/test_drive_mode.gd" time="0.098726" >
      </testcase>
      <testcase name="test_awd_locks_front_to_rear" assertions="3" status="pass" classname="tests/headless/test_drive_mode.gd" time="0.096788" >
      </testcase>
      <testcase name="test_fwd_locks_front_axle_into_spool" assertions="1" status="pass" classname="tests/headless/test_drive_mode.gd" time="0.09889" >
      </testcase>
  </testsuite>
  <testsuite name="tests/headless/test_drivetrain.gd" tests="12" failures="0" skipped="0" time="1.245136" >
      <testcase name="test_surface_grip_scales_mu_by_surface" assertions="5" status="pass" classname="tests/headless/test_drivetrain.gd" time="0.10398" >
      </testcase>
      <testcase name="test_launch_wheelspin" assertions="2" status="pass" classname="tests/headless/test_drivetrain.gd" time="0.112409" >
      </testcase>
      <testcase name="test_brake_lockup" assertions="2" status="pass" classname="tests/headless/test_drivetrain.gd" time="0.10356" >
      </testcase>
      <testcase name="test_brake_bias_forward_locks_the_front_not_the_rear" assertions="2" status="pass" classname="tests/headless/test_drivetrain.gd" time="0.099111" >
      </testcase>
      <testcase name="test_brake_bias_rearward_locks_the_rear_not_the_front" assertions="2" status="pass" classname="tests/headless/test_drivetrain.gd" time="0.098197" >
      </testcase>
      <testcase name="test_handbrake_locks_rear_only_and_breaks_grip" assertions="3" status="pass" classname="tests/headless/test_drivetrain.gd" time="0.11369" >
      </testcase>
      <testcase name="test_awd_handbrake_locks_rear_only" assertions="2" status="pass" classname="tests/headless/test_drivetrain.gd" time="0.113703" >
      </testcase>
      <testcase name="test_awd_no_handbrake_locks_all_four" assertions="2" status="pass" classname="tests/headless/test_drivetrain.gd" time="0.104876" >
      </testcase>
      <testcase name="test_parking_brake_holds_longitudinally" assertions="1" status="pass" classname="tests/headless/test_drivetrain.gd" time="0.114981" >
      </testcase>
      <testcase name="test_peak_lateral_grip_at_constant_slip_angle" assertions="3" status="pass" classname="tests/headless/test_drivetrain.gd" time="0.092185" >
      </testcase>
      <testcase name="test_surface_tire_params_blend" assertions="8" status="pass" classname="tests/headless/test_drivetrain.gd" time="0.094464" >
      </testcase>
      <testcase name="test_higher_slip_peak_moves_optimum_angle_out" assertions="1" status="pass" classname="tests/headless/test_drivetrain.gd" time="0.09398" >
      </testcase>
  </testsuite>
  <testsuite name="tests/headless/test_engine.gd" tests="12" failures="0" skipped="0" time="1.032771" >
      <testcase name="test_idles_at_rest" assertions="2" status="pass" classname="tests/headless/test_engine.gd" time="0.047019" >
      </testcase>
      <testcase name="test_revs_to_redline_in_first_and_limiter_holds" assertions="3" status="pass" classname="tests/headless/test_engine.gd" time="0.136003" >
      </testcase>
      <testcase name="test_never_drops_below_idle" assertions="60" status="pass" classname="tests/headless/test_engine.gd" time="0.070586" >
      </testcase>
      <testcase name="test_shift_up_changes_gear_and_drops_rpm" assertions="2" status="pass" classname="tests/headless/test_engine.gd" time="0.127212" >
      </testcase>
      <testcase name="test_shift_down_returns_to_first" assertions="1" status="pass" classname="tests/headless/test_engine.gd" time="0.048958" >
      </testcase>
      <testcase name="test_high_gear_launch_bogs_without_wheelspin" assertions="2" status="pass" classname="tests/headless/test_engine.gd" time="0.069336" >
      </testcase>
      <testcase name="test_reverse_engages_at_standstill_and_drives_backwards" assertions="2" status="pass" classname="tests/headless/test_engine.gd" time="0.08933" >
      </testcase>
      <testcase name="test_accelerating_from_reverse_returns_to_first" assertions="1" status="pass" classname="tests/headless/test_engine.gd" time="0.058844" >
      </testcase>
      <testcase name="test_manual_sequential_reaches_neutral_then_reverse" assertions="4" status="pass" classname="tests/headless/test_engine.gd" time="0.056171" >
      </testcase>
      <testcase name="test_neutral_revs_engine_without_driving" assertions="2" status="pass" classname="tests/headless/test_engine.gd" time="0.068046" >
      </testcase>
      <testcase name="test_auto_upshifts_through_the_gears" assertions="1" status="pass" classname="tests/headless/test_engine.gd" time="0.059384" >
      </testcase>
      <testcase name="test_auto_climbs_from_a_standstill_under_power" assertions="1" status="pass" classname="tests/headless/test_engine.gd" time="0.201882" >
      </testcase>
  </testsuite>
  <testsuite name="tests/headless/test_engine_audio.gd" tests="44" failures="0" skipped="0" time="2.58193" >
      <testcase name="test_firing_phases_default_inline4_even" assertions="5" status="pass" classname="tests/headless/test_engine_audio.gd" time="0.000222" >
      </testcase>
      <testcase name="test_firing_phases_empty_falls_back_to_even" assertions="2" status="pass" classname="tests/headless/test_engine_audio.gd" time="0.000158" >
      </testcase>
      <testcase name="test_fill_writes_clamped_non_empty_output" assertions="1025" status="pass" classname="tests/headless/test_engine_audio.gd" time="0.036053" >
      </testcase>
      <testcase name="test_fill_zero_frames_writes_nothing" assertions="1" status="pass" classname="tests/headless/test_engine_audio.gd" time="0.034319" >
      </testcase>
      <testcase name="test_amplitude_rises_with_throttle" assertions="1" status="pass" classname="tests/headless/test_engine_audio.gd" time="0.077441" >
      </testcase>
      <testcase name="test_frequency_rises_with_rpm" assertions="1" status="pass" classname="tests/headless/test_engine_audio.gd" time="0.087326" >
      </testcase>
      <testcase name="test_shift_cut_drops_amplitude" assertions="1" status="pass" classname="tests/headless/test_engine_audio.gd" time="0.077624" >
      </testcase>
      <testcase name="test_shift_cut_stays_audible_like_a_throttle_lift" assertions="1" status="pass" classname="tests/headless/test_engine_audio.gd" time="0.0775" >
      </testcase>
      <testcase name="test_full_low_octave_halves_the_pitch" assertions="2" status="pass" classname="tests/headless/test_engine_audio.gd" time="0.090741" >
      </testcase>
      <testcase name="test_half_low_octave_changes_the_waveform" assertions="1" status="pass" classname="tests/headless/test_engine_audio.gd" time="0.078043" >
      </testcase>
      <testcase name="test_low_octave_mix_zero_is_unchanged" assertions="4096" status="pass" classname="tests/headless/test_engine_audio.gd" time="0.102511" >
      </testcase>
      <testcase name="test_volume_scales_the_cylinder_voice" assertions="1" status="pass" classname="tests/headless/test_engine_audio.gd" time="0.076816" >
      </testcase>
      <testcase name="test_noise_is_independent_of_volume" assertions="1" status="pass" classname="tests/headless/test_engine_audio.gd" time="0.184674" >
      </testcase>
      <testcase name="test_master_volume_scales_the_noise_floor" assertions="1" status="pass" classname="tests/headless/test_engine_audio.gd" time="0.077986" >
      </testcase>
      <testcase name="test_master_volume_mute_silences_everything" assertions="1" status="pass" classname="tests/headless/test_engine_audio.gd" time="0.039026" >
      </testcase>
      <testcase name="test_fuel_cut_ducks_the_firing_voice" assertions="1" status="pass" classname="tests/headless/test_engine_audio.gd" time="0.077129" >
      </testcase>
      <testcase name="test_fuel_cut_is_sharp_despite_slow_smoothing" assertions="1" status="pass" classname="tests/headless/test_engine_audio.gd" time="0.077075" >
      </testcase>
      <testcase name="test_fuel_cut_onset_adds_crackle" assertions="1" status="pass" classname="tests/headless/test_engine_audio.gd" time="0.076915" >
      </testcase>
      <testcase name="test_misfire_cut_ducks_without_crackle" assertions="1" status="pass" classname="tests/headless/test_engine_audio.gd" time="0.076917" >
      </testcase>
      <testcase name="test_no_fuel_cut_leaves_voice_unchanged" assertions="4096" status="pass" classname="tests/headless/test_engine_audio.gd" time="0.103111" >
      </testcase>
      <testcase name="test_wavetable_matches_direct_voice" assertions="1" status="pass" classname="tests/headless/test_engine_audio.gd" time="0.0881" >
      </testcase>
      <testcase name="test_uneven_table_differs_from_even" assertions="1" status="pass" classname="tests/headless/test_engine_audio.gd" time="0.077793" >
      </testcase>
      <testcase name="test_soft_clip_keeps_output_bounded_when_overdriven" assertions="1024" status="pass" classname="tests/headless/test_engine_audio.gd" time="0.035816" >
      </testcase>
      <testcase name="test_soft_clip_curve_rounds_peaks" assertions="3" status="pass" classname="tests/headless/test_engine_audio.gd" time="0.034252" >
      </testcase>
      <testcase name="test_soft_clip_higher_drive_saturates_more" assertions="1" status="pass" classname="tests/headless/test_engine_audio.gd" time="0.068947" >
      </testcase>
      <testcase name="test_soft_clip_post_gain_scales_output" assertions="1" status="pass" classname="tests/headless/test_engine_audio.gd" time="0.067739" >
      </testcase>
      <testcase name="test_dc_blocker_keeps_overdriven_voice_audible" assertions="2" status="pass" classname="tests/headless/test_engine_audio.gd" time="0.042848" >
      </testcase>
      <testcase name="test_whistle_adds_energy_with_boost" assertions="1" status="pass" classname="tests/headless/test_engine_audio.gd" time="0.036813" >
      </testcase>
      <testcase name="test_whistle_pitch_rises_with_shaft_speed" assertions="1" status="pass" classname="tests/headless/test_engine_audio.gd" time="0.078507" >
      </testcase>
      <testcase name="test_bov_event_produces_a_burst" assertions="1" status="pass" classname="tests/headless/test_engine_audio.gd" time="0.036842" >
      </testcase>
      <testcase name="test_bov_burst_scales_with_boost" assertions="1" status="pass" classname="tests/headless/test_engine_audio.gd" time="0.07131" >
      </testcase>
      <testcase name="test_throttle_application_kills_bov_tail" assertions="2" status="pass" classname="tests/headless/test_engine_audio.gd" time="0.036331" >
      </testcase>
      <testcase name="test_bov_tail_survives_throttle_held_during_shift" assertions="1" status="pass" classname="tests/headless/test_engine_audio.gd" time="0.073001" >
      </testcase>
      <testcase name="test_bov_flutter_modulates_the_burst" assertions="2" status="pass" classname="tests/headless/test_engine_audio.gd" time="0.072576" >
      </testcase>
      <testcase name="test_bov_decay_ms_shapes_the_tail" assertions="1" status="pass" classname="tests/headless/test_engine_audio.gd" time="0.07805" >
      </testcase>
      <testcase name="test_supercharger_whine_only_when_enabled" assertions="1" status="pass" classname="tests/headless/test_engine_audio.gd" time="0.070919" >
      </testcase>
      <testcase name="test_attenuation_full_volume_inside_ref_radius" assertions="3" status="pass" classname="tests/headless/test_engine_audio.gd" time="0.00022" >
      </testcase>
      <testcase name="test_attenuation_decreases_beyond_ref_radius" assertions="2" status="pass" classname="tests/headless/test_engine_audio.gd" time="0.000066" >
      </testcase>
      <testcase name="test_attenuation_is_minus_6db_per_doubling" assertions="1" status="pass" classname="tests/headless/test_engine_audio.gd" time="0.000061" >
      </testcase>
      <testcase name="test_attenuation_clamped_at_floor" assertions="1" status="pass" classname="tests/headless/test_engine_audio.gd" time="0.000062" >
      </testcase>
      <testcase name="test_mix_rate_resolver_picks_web_touch_branch_only_on_web_touch" assertions="4" status="pass" classname="tests/headless/test_engine_audio.gd" time="0.000182" >
      </testcase>
      <testcase name="test_synth_output_is_valid_at_a_reduced_mix_rate" assertions="4098" status="pass" classname="tests/headless/test_engine_audio.gd" time="0.091057" >
      </testcase>
      <testcase name="test_noise_table_layers_are_decorrelated" assertions="1" status="pass" classname="tests/headless/test_engine_audio.gd" time="0.068728" >
      </testcase>
      <testcase name="test_inaudible_only_at_the_attenuation_floor" assertions="3" status="pass" classname="tests/headless/test_engine_audio.gd" time="0.000123" >
      </testcase>
  </testsuite>
  <testsuite name="tests/headless/test_engine_library.gd" tests="7" failures="0" skipped="0" time="0.00288" >
      <testcase name="test_catalog_is_a_sane_range_of_engines" assertions="206" status="pass" classname="tests/headless/test_engine_library.gd" time="0.001396" >
      </testcase>
      <testcase name="test_stable_id_lookups" assertions="24" status="pass" classname="tests/headless/test_engine_library.gd" time="0.000473" >
      </testcase>
      <testcase name="test_apply_writes_the_whole_profile_onto_config" assertions="20" status="pass" classname="tests/headless/test_engine_library.gd" time="0.000346" >
      </testcase>
      <testcase name="test_apply_copies_forced_induction_fields" assertions="5" status="pass" classname="tests/headless/test_engine_library.gd" time="0.000246" >
      </testcase>
      <testcase name="test_apply_falls_back_to_the_config_friction_when_omitted" assertions="1" status="pass" classname="tests/headless/test_engine_library.gd" time="0.000138" >
      </testcase>
      <testcase name="test_every_engine_declares_a_non_negative_friction_base" assertions="33" status="pass" classname="tests/headless/test_engine_library.gd" time="0.000128" >
      </testcase>
      <testcase name="test_every_engine_has_a_positive_mass" assertions="33" status="pass" classname="tests/headless/test_engine_library.gd" time="0.000153" >
      </testcase>
  </testsuite>
  <testsuite name="tests/headless/test_engine_logic.gd" tests="13" failures="0" skipped="0" time="0.028459" >
      <testcase name="test_rev_limiter_bounces_within_a_band" assertions="3" status="pass" classname="tests/headless/test_engine_logic.gd" time="0.007951" >
      </testcase>
      <testcase name="test_misfire_rate_zero_when_healthy" assertions="1" status="pass" classname="tests/headless/test_engine_logic.gd" time="0.00128" >
      </testcase>
      <testcase name="test_misfire_rate_positive_and_rises_with_load" assertions="2" status="pass" classname="tests/headless/test_engine_logic.gd" time="0.001128" >
      </testcase>
      <testcase name="test_healthy_engine_never_cuts_over_many_steps" assertions="1" status="pass" classname="tests/headless/test_engine_logic.gd" time="0.001622" >
      </testcase>
      <testcase name="test_misfire_count_advances_only_on_cuts" assertions="3" status="pass" classname="tests/headless/test_engine_logic.gd" time="0.002316" >
      </testcase>
      <testcase name="test_damaged_engine_cuts_fuel_intermittently" assertions="2" status="pass" classname="tests/headless/test_engine_logic.gd" time="0.002599" >
      </testcase>
      <testcase name="test_misfire_kills_crank_torque" assertions="3" status="pass" classname="tests/headless/test_engine_logic.gd" time="0.001509" >
      </testcase>
      <testcase name="test_shift_up_speeds_are_increasing_and_reachable" assertions="12" status="pass" classname="tests/headless/test_engine_logic.gd" time="0.001211" >
      </testcase>
      <testcase name="test_wheelspin_revs_do_not_upshift" assertions="1" status="pass" classname="tests/headless/test_engine_logic.gd" time="0.001102" >
      </testcase>
      <testcase name="test_airspeed_past_shift_point_upshifts" assertions="1" status="pass" classname="tests/headless/test_engine_logic.gd" time="0.001092" >
      </testcase>
      <testcase name="test_engine_braking_grows_with_rpm" assertions="3" status="pass" classname="tests/headless/test_engine_logic.gd" time="0.001142" >
      </testcase>
      <testcase name="test_step_records_throttle" assertions="1" status="pass" classname="tests/headless/test_engine_logic.gd" time="0.001275" >
      </testcase>
      <testcase name="test_handbrake_declutches_so_the_engine_revs" assertions="2" status="pass" classname="tests/headless/test_engine_logic.gd" time="0.004232" >
      </testcase>
  </testsuite>
  <testsuite name="tests/headless/test_engine_smoke.gd" tests="12" failures="0" skipped="0" time="0.036456" >
      <testcase name="test_no_misfire_no_smoke" assertions="1" status="pass" classname="tests/headless/test_engine_smoke.gd" time="0.003207" >
      </testcase>
      <testcase name="test_warm_up_draws_then_clears" assertions="2" status="pass" classname="tests/headless/test_engine_smoke.gd" time="0.003019" >
      </testcase>
      <testcase name="test_a_misfire_puffs_a_burst" assertions="1" status="pass" classname="tests/headless/test_engine_smoke.gd" time="0.003373" >
      </testcase>
      <testcase name="test_puff_emits_from_the_cars_engine_point" assertions="2" status="pass" classname="tests/headless/test_engine_smoke.gd" time="0.003203" >
      </testcase>
      <testcase name="test_no_new_cut_emits_nothing_more" assertions="1" status="pass" classname="tests/headless/test_engine_smoke.gd" time="0.002914" >
      </testcase>
      <testcase name="test_burst_count_capped_per_tick" assertions="1" status="pass" classname="tests/headless/test_engine_smoke.gd" time="0.002758" >
      </testcase>
      <testcase name="test_live_count_never_exceeds_pool_cap" assertions="1" status="pass" classname="tests/headless/test_engine_smoke.gd" time="0.003938" >
      </testcase>
      <testcase name="test_smoke_rises_and_expires" assertions="2" status="pass" classname="tests/headless/test_engine_smoke.gd" time="0.003104" >
      </testcase>
      <testcase name="test_disabled_emits_nothing" assertions="1" status="pass" classname="tests/headless/test_engine_smoke.gd" time="0.00275" >
      </testcase>
      <testcase name="test_synthetic_healthy_never_puffs" assertions="1" status="pass" classname="tests/headless/test_engine_smoke.gd" time="0.002552" >
      </testcase>
      <testcase name="test_synthetic_damaged_puffs_on_the_timer" assertions="2" status="pass" classname="tests/headless/test_engine_smoke.gd" time="0.002522" >
      </testcase>
      <testcase name="test_synthetic_worse_damage_puffs_sooner" assertions="2" status="pass" classname="tests/headless/test_engine_smoke.gd" time="0.003116" >
      </testcase>
  </testsuite>
  <testsuite name="tests/headless/test_engine_swap.gd" tests="9" failures="0" skipped="0" time="0.00138" >
      <testcase name="test_current_engine_id_prefers_swap_then_stock" assertions="3" status="pass" classname="tests/headless/test_engine_swap.gd" time="0.00021" >
      </testcase>
      <testcase name="test_layout_label_uppercases_known_layout" assertions="3" status="pass" classname="tests/headless/test_engine_swap.gd" time="0.000191" >
      </testcase>
      <testcase name="test_display_name_prefixes_layout_only_when_swapped" assertions="2" status="pass" classname="tests/headless/test_engine_swap.gd" time="0.000168" >
      </testcase>
      <testcase name="test_recompute_mass_swaps_the_engine_component" assertions="3" status="pass" classname="tests/headless/test_engine_swap.gd" time="0.000143" >
      </testcase>
      <testcase name="test_recompute_weight_front_moves_cog_by_engine_position" assertions="3" status="pass" classname="tests/headless/test_engine_swap.gd" time="0.000143" >
      </testcase>
      <testcase name="test_can_swap_requires_two_real_cars_regardless_of_health" assertions="4" status="pass" classname="tests/headless/test_engine_swap.gd" time="0.000115" >
      </testcase>
      <testcase name="test_pw_after_swap_stronger_donor_raises_pw" assertions="1" status="pass" classname="tests/headless/test_engine_swap.gd" time="0.000143" >
      </testcase>
      <testcase name="test_pw_after_swap_weaker_donor_lowers_pw" assertions="1" status="pass" classname="tests/headless/test_engine_swap.gd" time="0.000134" >
      </testcase>
      <testcase name="test_pw_after_swap_same_engine_is_noop" assertions="1" status="pass" classname="tests/headless/test_engine_swap.gd" time="0.000133" >
      </testcase>
  </testsuite>
  <testsuite name="tests/headless/test_finish_arch.gd" tests="7" failures="0" skipped="0" time="0.015184" >
      <testcase name="test_builds_a_solid_arch_body" assertions="4" status="pass" classname="tests/headless/test_finish_arch.gd" time="0.004031" >
      </testcase>
      <testcase name="test_arch_spans_its_opening_and_height" assertions="4" status="pass" classname="tests/headless/test_finish_arch.gd" time="0.001453" >
      </testcase>
      <testcase name="test_has_banners_ropes_and_anchors" assertions="3" status="pass" classname="tests/headless/test_finish_arch.gd" time="0.001049" >
      </testcase>
      <testcase name="test_banners_show_live_event_info" assertions="7" status="pass" classname="tests/headless/test_finish_arch.gd" time="0.003365" >
      </testcase>
      <testcase name="test_banners_fall_back_to_wordmark_without_an_event" assertions="3" status="pass" classname="tests/headless/test_finish_arch.gd" time="0.00167" >
      </testcase>
      <testcase name="test_flat_caps_face_outward" assertions="78" status="pass" classname="tests/headless/test_finish_arch.gd" time="0.001475" >
      </testcase>
      <testcase name="test_rebuild_is_idempotent" assertions="1" status="pass" classname="tests/headless/test_finish_arch.gd" time="0.002141" >
      </testcase>
  </testsuite>
  <testsuite name="tests/headless/test_freeroam_wreck.gd" tests="1" failures="0" skipped="0" time="0.04806" >
      <testcase name="test_freeroam_wreck_heals_and_resets_to_spawn" assertions="5" status="pass" classname="tests/headless/test_freeroam_wreck.gd" time="0.04806" >
      </testcase>
  </testsuite>
  <testsuite name="tests/headless/test_garage.gd" tests="9" failures="0" skipped="0" time="0.001155" >
      <testcase name="test_garage_instantiates" assertions="1" status="pass" classname="tests/headless/test_garage.gd" time="0.000168" >
      </testcase>
      <testcase name="test_has_service_bays" assertions="1" status="pass" classname="tests/headless/test_garage.gd" time="0.000069" >
      </testcase>
      <testcase name="test_structure_and_props_geometry_present" assertions="1" status="pass" classname="tests/headless/test_garage.gd" time="0.000077" >
      </testcase>
      <testcase name="test_textured_surfaces_present" assertions="1" status="pass" classname="tests/headless/test_garage.gd" time="0.000082" >
      </testcase>
      <testcase name="test_tool_cabinets_present" assertions="1" status="pass" classname="tests/headless/test_garage.gd" time="0.000081" >
      </testcase>
      <testcase name="test_tyre_stack_present" assertions="1" status="pass" classname="tests/headless/test_garage.gd" time="0.000073" >
      </testcase>
      <testcase name="test_no_team_branding" assertions="1" status="pass" classname="tests/headless/test_garage.gd" time="0.000086" >
      </testcase>
      <testcase name="test_environment_and_lighting_present" assertions="3" status="pass" classname="tests/headless/test_garage.gd" time="0.000114" >
      </testcase>
      <testcase name="test_survives_a_few_frames" assertions="1" status="pass" classname="tests/headless/test_garage.gd" time="0.000405" >
      </testcase>
  </testsuite>
  <testsuite name="tests/headless/test_hud.gd" tests="24" failures="0" skipped="0" time="1.173218" >
      <testcase name="test_hud_visible_when_enabled" assertions="2" status="pass" classname="tests/headless/test_hud.gd" time="0.005123" >
      </testcase>
      <testcase name="test_hud_hidden_when_disabled" assertions="1" status="pass" classname="tests/headless/test_hud.gd" time="1.056655" >
      </testcase>
      <testcase name="test_speed_label_tracks_airspeed" assertions="1" status="pass" classname="tests/headless/test_hud.gd" time="0.003097" >
      </testcase>
      <testcase name="test_gear_and_rpm_labels_track_engine" assertions="4" status="pass" classname="tests/headless/test_hud.gd" time="0.006968" >
      </testcase>
      <testcase name="test_speed_gear_rpm_hidden_until_h_toggle" assertions="14" status="pass" classname="tests/headless/test_hud.gd" time="0.01218" >
      </testcase>
      <testcase name="test_boost_text_formatting" assertions="6" status="pass" classname="tests/headless/test_hud.gd" time="0.004508" >
      </testcase>
      <testcase name="test_seed_text_formatting" assertions="2" status="pass" classname="tests/headless/test_hud.gd" time="0.001516" >
      </testcase>
      <testcase name="test_hud_has_no_version_label" assertions="1" status="pass" classname="tests/headless/test_hud.gd" time="0.001284" >
      </testcase>
      <testcase name="test_elapsed_timer_anchored_top_left" assertions="4" status="pass" classname="tests/headless/test_hud.gd" time="0.001557" >
      </testcase>
      <testcase name="test_countdown_label_formats_ticks_and_go" assertions="6" status="pass" classname="tests/headless/test_hud.gd" time="0.001227" >
      </testcase>
      <testcase name="test_elapsed_label_formats_and_respects_config" assertions="3" status="pass" classname="tests/headless/test_hud.gd" time="0.001796" >
      </testcase>
      <testcase name="test_stage_complete_panel_shows_final_time" assertions="3" status="pass" classname="tests/headless/test_hud.gd" time="0.001259" >
      </testcase>
      <testcase name="test_stage_delta_popup_ahead_is_green_and_labelled" assertions="6" status="pass" classname="tests/headless/test_hud.gd" time="0.001563" >
      </testcase>
      <testcase name="test_stage_delta_popup_behind_is_red_and_labelled" assertions="4" status="pass" classname="tests/headless/test_hud.gd" time="0.001164" >
      </testcase>
      <testcase name="test_stage_delta_popup_respects_config" assertions="1" status="pass" classname="tests/headless/test_hud.gd" time="0.001434" >
      </testcase>
      <testcase name="test_cut_flash_takes_precedence_over_stage_delta" assertions="4" status="pass" classname="tests/headless/test_hud.gd" time="0.001514" >
      </testcase>
      <testcase name="test_set_pacenotes_builds_a_board_per_note" assertions="3" status="pass" classname="tests/headless/test_hud.gd" time="0.004476" >
      </testcase>
      <testcase name="test_set_pacenotes_builds_nothing_when_disabled" assertions="13" status="pass" classname="tests/headless/test_hud.gd" time="0.002506" >
      </testcase>
      <testcase name="test_show_pacenotes_advances_the_current_turn" assertions="3" status="pass" classname="tests/headless/test_hud.gd" time="0.045159" >
      </testcase>
      <testcase name="test_hp_gauge_tracks_working_hp" assertions="3" status="pass" classname="tests/headless/test_hud.gd" time="0.005164" >
      </testcase>
      <testcase name="test_hp_gauge_hidden_when_disabled" assertions="1" status="pass" classname="tests/headless/test_hud.gd" time="0.00258" >
      </testcase>
      <testcase name="test_finish_panel_next_button_is_keyboard_navigable" assertions="4" status="pass" classname="tests/headless/test_hud.gd" time="0.00302" >
      </testcase>
      <testcase name="test_health_readout_reserves_zero_for_a_real_wreck" assertions="2" status="pass" classname="tests/headless/test_hud.gd" time="0.006086" >
      </testcase>
      <testcase name="test_elapsed_label_keeps_updating_as_the_clock_runs" assertions="3" status="pass" classname="tests/headless/test_hud.gd" time="0.001382" >
      </testcase>
  </testsuite>
  <testsuite name="tests/headless/test_input_remap.gd" tests="10" failures="0" skipped="0" time="0.105713" >
      <testcase name="test_actions_are_all_real_input_map_actions" assertions="10" status="pass" classname="tests/headless/test_input_remap.gd" time="0.000315" >
      </testcase>
      <testcase name="test_rebind_keyboard_replaces_only_the_keyboard_slot" assertions="4" status="pass" classname="tests/headless/test_input_remap.gd" time="0.000502" >
      </testcase>
      <testcase name="test_rebind_controller_replaces_only_the_controller_slot" assertions="4" status="pass" classname="tests/headless/test_input_remap.gd" time="0.000486" >
      </testcase>
      <testcase name="test_rebind_rejects_a_slot_mismatch" assertions="1" status="pass" classname="tests/headless/test_input_remap.gd" time="0.000242" >
      </testcase>
      <testcase name="test_reset_restores_the_defaults" assertions="1" status="pass" classname="tests/headless/test_input_remap.gd" time="0.000603" >
      </testcase>
      <testcase name="test_overrides_persist_and_reapply" assertions="2" status="pass" classname="tests/headless/test_input_remap.gd" time="0.000595" >
      </testcase>
      <testcase name="test_describe_produces_human_labels" assertions="4" status="pass" classname="tests/headless/test_input_remap.gd" time="0.000322" >
      </testcase>
      <testcase name="test_settings_page_has_a_row_per_action" assertions="1" status="pass" classname="tests/headless/test_input_remap.gd" time="0.035579" >
      </testcase>
      <testcase name="test_settings_page_captures_a_key_press" assertions="2" status="pass" classname="tests/headless/test_input_remap.gd" time="0.032048" >
      </testcase>
      <testcase name="test_settings_page_escape_cancels_the_capture" assertions="2" status="pass" classname="tests/headless/test_input_remap.gd" time="0.035021" >
      </testcase>
  </testsuite>
  <testsuite name="tests/headless/test_lake_field.gd" tests="4" failures="0" skipped="0" time="0.005084" >
      <testcase name="test_build_makes_one_water_plane" assertions="2" status="pass" classname="tests/headless/test_lake_field.gd" time="0.000326" >
      </testcase>
      <testcase name="test_water_plane_has_a_ready_shader_material" assertions="6" status="pass" classname="tests/headless/test_lake_field.gd" time="0.000222" >
      </testcase>
      <testcase name="test_submerged_cells_marks_below_water_ground" assertions="1026" status="pass" classname="tests/headless/test_lake_field.gd" time="0.004393" >
      </testcase>
      <testcase name="test_submerged_cells_empty_for_invalid_sampler" assertions="1" status="pass" classname="tests/headless/test_lake_field.gd" time="0.000143" >
      </testcase>
  </testsuite>
  <testsuite name="tests/headless/test_lakes_integration.gd" tests="2" failures="0" skipped="0" time="17.656449" >
      <testcase name="test_events_generate_dry_roads_with_lakes" assertions="4" status="pass" classname="tests/headless/test_lakes_integration.gd" time="2.366681" >
      </testcase>
      <testcase name="test_car_fielded_into_water_stage" assertions="1" status="pass" classname="tests/headless/test_lakes_integration.gd" time="15.289768" >
      </testcase>
  </testsuite>
  <testsuite name="tests/headless/test_lap_time_model.gd" tests="6" failures="0" skipped="0" time="0.002002" >
      <testcase name="test_straight_only_matches_analytic_accel" assertions="2" status="pass" classname="tests/headless/test_lap_time_model.gd" time="0.000411" >
      </testcase>
      <testcase name="test_more_power_is_faster" assertions="1" status="pass" classname="tests/headless/test_lap_time_model.gd" time="0.000578" >
      </testcase>
      <testcase name="test_more_grip_is_faster_in_corners" assertions="1" status="pass" classname="tests/headless/test_lap_time_model.gd" time="0.000252" >
      </testcase>
      <testcase name="test_tighter_corner_is_slower" assertions="1" status="pass" classname="tests/headless/test_lap_time_model.gd" time="0.000295" >
      </testcase>
      <testcase name="test_profile_total_matches_scalar" assertions="1" status="pass" classname="tests/headless/test_lap_time_model.gd" time="0.000279" >
      </testcase>
      <testcase name="test_corner_speed_near_friction_limit" assertions="1" status="pass" classname="tests/headless/test_lap_time_model.gd" time="0.000187" >
      </testcase>
  </testsuite>
  <testsuite name="tests/headless/test_lineup_cache.gd" tests="16" failures="0" skipped="0" time="6.799269" >
      <testcase name="test_rebuilding_an_unchanged_lineup_reuses_the_cached_cars" assertions="4" status="pass" classname="tests/headless/test_lineup_cache.gd" time="0.440294" >
      </testcase>
      <testcase name="test_a_changed_car_respawns_while_the_rest_are_reused" assertions="2" status="pass" classname="tests/headless/test_lineup_cache.gd" time="0.351813" >
      </testcase>
      <testcase name="test_repairing_from_the_garage_stops_the_smoke" assertions="3" status="pass" classname="tests/headless/test_lineup_cache.gd" time="0.360855" >
      </testcase>
      <testcase name="test_repairing_in_the_car_park_stops_the_smoke" assertions="2" status="pass" classname="tests/headless/test_lineup_cache.gd" time="0.401339" >
      </testcase>
      <testcase name="test_lift_prop_respawns_when_the_selected_cars_data_changes" assertions="2" status="pass" classname="tests/headless/test_lineup_cache.gd" time="0.349087" >
      </testcase>
      <testcase name="test_ensure_lift_car_reuses_an_already_parked_lineup_node" assertions="2" status="pass" classname="tests/headless/test_lineup_cache.gd" time="0.261306" >
      </testcase>
      <testcase name="test_clearing_the_lift_car_keeps_a_cached_node_alive_and_hidden" assertions="4" status="pass" classname="tests/headless/test_lineup_cache.gd" time="0.259524" >
      </testcase>
      <testcase name="test_a_car_spawned_by_the_lift_warms_the_cache_for_the_parked_lineup" assertions="1" status="pass" classname="tests/headless/test_lineup_cache.gd" time="0.25871" >
      </testcase>
      <testcase name="test_reselecting_the_same_car_from_the_garage_picker_keeps_it_on_the_lift" assertions="5" status="pass" classname="tests/headless/test_lineup_cache.gd" time="0.258605" >
      </testcase>
      <testcase name="test_lift_prop_reused_when_the_selected_car_is_unchanged" assertions="1" status="pass" classname="tests/headless/test_lineup_cache.gd" time="0.26524" >
      </testcase>
      <testcase name="test_selling_a_car_evicts_its_cached_node" assertions="3" status="pass" classname="tests/headless/test_lineup_cache.gd" time="0.260551" >
      </testcase>
      <testcase name="test_prewarmed_previews_survive_an_owned_lineup_rebuild" assertions="2" status="pass" classname="tests/headless/test_lineup_cache.gd" time="0.270634" >
      </testcase>
      <testcase name="test_deferred_prewarm_runs_to_completion" assertions="4" status="pass" classname="tests/headless/test_lineup_cache.gd" time="0.713716" >
      </testcase>
      <testcase name="test_deferred_prewarm_is_idempotent" assertions="8" status="pass" classname="tests/headless/test_lineup_cache.gd" time="0.761985" >
      </testcase>
      <testcase name="test_free_roam_entry_reuses_the_prewarmed_props" assertions="5" status="pass" classname="tests/headless/test_lineup_cache.gd" time="0.770268" >
      </testcase>
      <testcase name="test_free_roam_entered_before_the_prewarm_finishes_still_works" assertions="7" status="pass" classname="tests/headless/test_lineup_cache.gd" time="0.815342" >
      </testcase>
  </testsuite>
  <testsuite name="tests/headless/test_load_finished.gd" tests="2" failures="0" skipped="0" time="0.000487" >
      <testcase name="test_load_finished_fired_under_headless" assertions="1" status="pass" classname="tests/headless/test_load_finished.gd" time="0.000193" >
      </testcase>
      <testcase name="test_load_finished_emits_only_once" assertions="1" status="pass" classname="tests/headless/test_load_finished.gd" time="0.000294" >
      </testcase>
  </testsuite>
  <testsuite name="tests/headless/test_loading_screen.gd" tests="19" failures="0" skipped="0" time="2.12987" >
      <testcase name="test_set_step_updates_label" assertions="1" status="pass" classname="tests/headless/test_loading_screen.gd" time="0.000561" >
      </testcase>
      <testcase name="test_finish_frees_overlay" assertions="1" status="pass" classname="tests/headless/test_loading_screen.gd" time="0.00024" >
      </testcase>
      <testcase name="test_world_generation_completes_synchronously_when_headless" assertions="1" status="pass" classname="tests/headless/test_loading_screen.gd" time="1.067859" >
      </testcase>
      <testcase name="test_loading_overlay_removed_after_generation" assertions="28" status="pass" classname="tests/headless/test_loading_screen.gd" time="1.058538" >
      </testcase>
      <testcase name="test_fit_points_returns_empty_below_two_points" assertions="2" status="pass" classname="tests/headless/test_loading_screen.gd" time="0.000248" >
      </testcase>
      <testcase name="test_fit_points_maps_into_padded_rect_preserving_aspect" assertions="10" status="pass" classname="tests/headless/test_loading_screen.gd" time="0.000116" >
      </testcase>
      <testcase name="test_update_track_preview_stores_points" assertions="1" status="pass" classname="tests/headless/test_loading_screen.gd" time="0.00041" >
      </testcase>
      <testcase name="test_bounds_of_returns_min_and_span" assertions="2" status="pass" classname="tests/headless/test_loading_screen.gd" time="0.000099" >
      </testcase>
      <testcase name="test_fit_transform_maps_bounds_into_padded_rect_preserving_aspect" assertions="2" status="pass" classname="tests/headless/test_loading_screen.gd" time="0.000082" >
      </testcase>
      <testcase name="test_fit_transform_shared_frame_maps_centre_to_rect_centre" assertions="1" status="pass" classname="tests/headless/test_loading_screen.gd" time="0.000064" >
      </testcase>
      <testcase name="test_expand_to_aspect_matches_target_without_shrinking" assertions="4" status="pass" classname="tests/headless/test_loading_screen.gd" time="0.000086" >
      </testcase>
      <testcase name="test_expand_to_aspect_ignores_degenerate_input" assertions="2" status="pass" classname="tests/headless/test_loading_screen.gd" time="0.00012" >
      </testcase>
      <testcase name="test_set_chunk_size_stored" assertions="1" status="pass" classname="tests/headless/test_loading_screen.gd" time="0.000282" >
      </testcase>
      <testcase name="test_update_loaded_chunks_stores_corners" assertions="1" status="pass" classname="tests/headless/test_loading_screen.gd" time="0.00028" >
      </testcase>
      <testcase name="test_preview_clips_contents" assertions="1" status="pass" classname="tests/headless/test_loading_screen.gd" time="0.000247" >
      </testcase>
      <testcase name="test_carve_prefix_empty_and_full" assertions="3" status="pass" classname="tests/headless/test_loading_screen.gd" time="0.000132" >
      </testcase>
      <testcase name="test_carve_prefix_interpolates_boundary" assertions="4" status="pass" classname="tests/headless/test_loading_screen.gd" time="0.000122" >
      </testcase>
      <testcase name="test_set_carve_progress_clamps_and_stores" assertions="2" status="pass" classname="tests/headless/test_loading_screen.gd" time="0.000274" >
      </testcase>
      <testcase name="test_loading_screen_joins_loading_screen_group" assertions="1" status="pass" classname="tests/headless/test_loading_screen.gd" time="0.00011" >
      </testcase>
  </testsuite>
  <testsuite name="tests/headless/test_menu_flow.gd" tests="101" failures="0" skipped="0" time="33.189795" >
      <testcase name="test_hq_boots_to_the_exterior_title" assertions="6" status="pass" classname="tests/headless/test_menu_flow.gd" time="0.084012" >
      </testcase>
      <testcase name="test_title_has_focusable_exit_game_button_on_desktop" assertions="4" status="pass" classname="tests/headless/test_menu_flow.gd" time="0.17799" >
      </testcase>
      <testcase name="test_hq_frames_the_lot_with_config_matched_trees" assertions="3" status="pass" classname="tests/headless/test_menu_flow.gd" time="0.173321" >
      </testcase>
      <testcase name="test_hq_map_table_is_a_proper_wooden_model" assertions="28" status="pass" classname="tests/headless/test_menu_flow.gd" time="0.167099" >
      </testcase>
      <testcase name="test_hq_settings_page_selects_and_persists_control_scheme" assertions="13" status="pass" classname="tests/headless/test_menu_flow.gd" time="0.195488" >
      </testcase>
      <testcase name="test_hq_title_focuses_start_for_keyboard_nav" assertions="3" status="pass" classname="tests/headless/test_menu_flow.gd" time="0.174396" >
      </testcase>
      <testcase name="test_hq_title_accept_does_not_force_start" assertions="2" status="pass" classname="tests/headless/test_menu_flow.gd" time="0.163816" >
      </testcase>
      <testcase name="test_hq_title_shows_build_version" assertions="4" status="pass" classname="tests/headless/test_menu_flow.gd" time="0.166841" >
      </testcase>
      <testcase name="test_hq_map_table_pans_camera_and_tracks_centre" assertions="11" status="pass" classname="tests/headless/test_menu_flow.gd" time="0.170118" >
      </testcase>
      <testcase name="test_hq_table_entry_focuses_hardest_incomplete_rally" assertions="3" status="pass" classname="tests/headless/test_menu_flow.gd" time="0.176811" >
      </testcase>
      <testcase name="test_table_arrow_is_a_focus_target_that_swaps_on_select" assertions="8" status="pass" classname="tests/headless/test_menu_flow.gd" time="0.193996" >
      </testcase>
      <testcase name="test_table_arrows_hide_at_the_ends_of_the_region_list" assertions="6" status="pass" classname="tests/headless/test_menu_flow.gd" time="0.159676" >
      </testcase>
      <testcase name="test_table_arrow_labels_reflect_lock_state" assertions="6" status="pass" classname="tests/headless/test_menu_flow.gd" time="0.162248" >
      </testcase>
      <testcase name="test_hq_lift_hub_has_an_up_down_cursor" assertions="11" status="pass" classname="tests/headless/test_menu_flow.gd" time="0.215038" >
      </testcase>
      <testcase name="test_hq_upgrades_page_is_keyboard_navigable" assertions="2" status="pass" classname="tests/headless/test_menu_flow.gd" time="0.193867" >
      </testcase>
      <testcase name="test_hq_upgrades_menunav_survives_rebuild" assertions="2" status="pass" classname="tests/headless/test_menu_flow.gd" time="0.203149" >
      </testcase>
      <testcase name="test_hq_upgrades_toggle_keeps_focus_on_same_control" assertions="3" status="pass" classname="tests/headless/test_menu_flow.gd" time="0.198484" >
      </testcase>
      <testcase name="test_hq_tune_slider_changes_on_left_right_without_selecting" assertions="4" status="pass" classname="tests/headless/test_menu_flow.gd" time="0.203406" >
      </testcase>
      <testcase name="test_hq_tune_page_can_navigate_down_to_back_button" assertions="3" status="pass" classname="tests/headless/test_menu_flow.gd" time="0.192501" >
      </testcase>
      <testcase name="test_hq_dev_page_unlocks_cars_upgrades_and_wipes" assertions="7" status="pass" classname="tests/headless/test_menu_flow.gd" time="0.172623" >
      </testcase>
      <testcase name="test_hq_title_parks_all_owned_cars" assertions="1" status="pass" classname="tests/headless/test_menu_flow.gd" time="0.296639" >
      </testcase>
      <testcase name="test_hq_title_parks_starter_previews_when_garage_is_empty" assertions="4" status="pass" classname="tests/headless/test_menu_flow.gd" time="0.354235" >
      </testcase>
      <testcase name="test_hq_lift_repair_button_reflects_state_and_repairs" assertions="9" status="pass" classname="tests/headless/test_menu_flow.gd" time="0.254378" >
      </testcase>
      <testcase name="test_hq_start_flies_into_the_garage" assertions="3" status="pass" classname="tests/headless/test_menu_flow.gd" time="0.171123" >
      </testcase>
      <testcase name="test_hq_garage_is_a_left_right_cursor" assertions="11" status="pass" classname="tests/headless/test_menu_flow.gd" time="0.214155" >
      </testcase>
      <testcase name="test_hq_free_roam_prepares_a_fresh_unseeded_run" assertions="2" status="pass" classname="tests/headless/test_menu_flow.gd" time="0.171133" >
      </testcase>
      <testcase name="test_hq_free_roam_randomises_water_relief_and_location" assertions="60" status="pass" classname="tests/headless/test_menu_flow.gd" time="0.170713" >
      </testcase>
      <testcase name="test_hq_garage_button_opens_the_car_park_to_pick_a_car" assertions="7" status="pass" classname="tests/headless/test_menu_flow.gd" time="0.399974" >
      </testcase>
      <testcase name="test_free_roam_fields_the_picked_owned_car" assertions="2" status="pass" classname="tests/headless/test_menu_flow.gd" time="1.063822" >
      </testcase>
      <testcase name="test_free_roam_finish_next_returns_to_hq" assertions="1" status="pass" classname="tests/headless/test_menu_flow.gd" time="1.052101" >
      </testcase>
      <testcase name="test_run_scene_stages_a_roadside_opponent_wreck" assertions="7" status="pass" classname="tests/headless/test_menu_flow.gd" time="2.149372" >
      </testcase>
      <testcase name="test_hq_has_bush_and_spectator_scenery" assertions="157" status="pass" classname="tests/headless/test_menu_flow.gd" time="0.152382" >
      </testcase>
      <testcase name="test_hq_opening_the_table_shows_the_map" assertions="3" status="pass" classname="tests/headless/test_menu_flow.gd" time="0.164291" >
      </testcase>
      <testcase name="test_hq_map_locks_the_showdown_until_all_others_complete" assertions="5" status="pass" classname="tests/headless/test_menu_flow.gd" time="0.151339" >
      </testcase>
      <testcase name="test_hq_unavailable_rally_dims_its_floating_readout" assertions="2" status="pass" classname="tests/headless/test_menu_flow.gd" time="0.148424" >
      </testcase>
      <testcase name="test_hq_pins_stars_reflect_best_placement" assertions="7" status="pass" classname="tests/headless/test_menu_flow.gd" time="0.183525" >
      </testcase>
      <testcase name="test_hq_tapping_a_pin_opens_its_detail" assertions="6" status="pass" classname="tests/headless/test_menu_flow.gd" time="0.179826" >
      </testcase>
      <testcase name="test_hq_table_drag_pans_and_clamps" assertions="3" status="pass" classname="tests/headless/test_menu_flow.gd" time="0.152607" >
      </testcase>
      <testcase name="test_hq_dragging_the_map_does_not_open_a_rally" assertions="3" status="pass" classname="tests/headless/test_menu_flow.gd" time="0.163574" >
      </testcase>
      <testcase name="test_hq_choosing_a_rally_filters_to_eligible_cars" assertions="6" status="pass" classname="tests/headless/test_menu_flow.gd" time="0.362297" >
      </testcase>
      <testcase name="test_hq_open_rally_parks_the_whole_lineup_with_per_car_meshes" assertions="4" status="pass" classname="tests/headless/test_menu_flow.gd" time="0.470189" >
      </testcase>
      <testcase name="test_hq_parked_cars_rest_on_their_wheels_frozen" assertions="5" status="pass" classname="tests/headless/test_menu_flow.gd" time="0.334879" >
      </testcase>
      <testcase name="test_hq_cycling_focus_changes_the_focused_and_selected_car" assertions="6" status="pass" classname="tests/headless/test_menu_flow.gd" time="0.553399" >
      </testcase>
      <testcase name="test_hq_carpark_swipe_cycles_the_focus" assertions="3" status="pass" classname="tests/headless/test_menu_flow.gd" time="0.475271" >
      </testcase>
      <testcase name="test_hq_carpark_tap_on_a_parked_car_focuses_it" assertions="4" status="pass" classname="tests/headless/test_menu_flow.gd" time="0.417618" >
      </testcase>
      <testcase name="test_hq_lineup_overlays_pass_pointer_input_through" assertions="12" status="pass" classname="tests/headless/test_menu_flow.gd" time="0.142954" >
      </testcase>
      <testcase name="test_hq_carpark_parks_cars_in_bays_facing_the_camera" assertions="11" status="pass" classname="tests/headless/test_menu_flow.gd" time="0.4599" >
      </testcase>
      <testcase name="test_hq_carpark_camera_frames_the_car_from_the_front" assertions="2" status="pass" classname="tests/headless/test_menu_flow.gd" time="0.209403" >
      </testcase>
      <testcase name="test_hq_boots_to_title_with_more_cars_than_bays" assertions="2" status="pass" classname="tests/headless/test_menu_flow.gd" time="0.269893" >
      </testcase>
      <testcase name="test_hq_free_roam_lists_whole_catalogue_and_paginates" assertions="10" status="pass" classname="tests/headless/test_menu_flow.gd" time="0.650004" >
      </testcase>
      <testcase name="test_hq_carpark_gates_a_wrecked_car_and_repairs_it" assertions="8" status="pass" classname="tests/headless/test_menu_flow.gd" time="0.684733" >
      </testcase>
      <testcase name="test_hq_carpark_routes_over_powered_car_to_change_upgrades" assertions="15" status="pass" classname="tests/headless/test_menu_flow.gd" time="0.410891" >
      </testcase>
      <testcase name="test_hq_carpark_excludes_a_car_below_the_band_floor" assertions="1" status="pass" classname="tests/headless/test_menu_flow.gd" time="0.157906" >
      </testcase>
      <testcase name="test_swap_car_qualifies_for_restricted_rally" assertions="2" status="pass" classname="tests/headless/test_menu_flow.gd" time="0.148981" >
      </testcase>
      <testcase name="test_swap_and_detune_stack_for_a_rally_restricting_both" assertions="2" status="pass" classname="tests/headless/test_menu_flow.gd" time="0.149366" >
      </testcase>
      <testcase name="test_hq_lift_raises_the_selected_car" assertions="10" status="pass" classname="tests/headless/test_menu_flow.gd" time="0.179721" >
      </testcase>
      <testcase name="test_hq_lift_lowest_pose_matches_the_cars_calculated_rest_height" assertions="3" status="pass" classname="tests/headless/test_menu_flow.gd" time="0.163043" >
      </testcase>
      <testcase name="test_hq_lift_opens_on_a_hub_with_its_own_menu_pages" assertions="14" status="pass" classname="tests/headless/test_menu_flow.gd" time="0.229411" >
      </testcase>
      <testcase name="test_hq_lift_tune_sliders_save_tuning_per_car" assertions="2" status="pass" classname="tests/headless/test_menu_flow.gd" time="0.159874" >
      </testcase>
      <testcase name="test_hq_lift_gates_locked_sliders_by_upgrade" assertions="4" status="pass" classname="tests/headless/test_menu_flow.gd" time="0.312299" >
      </testcase>
      <testcase name="test_hq_lift_hub_has_a_test_drive_button_targeting_the_lift_car" assertions="5" status="pass" classname="tests/headless/test_menu_flow.gd" time="0.160489" >
      </testcase>
      <testcase name="test_hq_lift_upgrades_menu_has_no_apply_from_pool_rows" assertions="13" status="pass" classname="tests/headless/test_menu_flow.gd" time="0.307458" >
      </testcase>
      <testcase name="test_hq_lift_single_part_slot_is_an_option_selector" assertions="8" status="pass" classname="tests/headless/test_menu_flow.gd" time="0.563509" >
      </testcase>
      <testcase name="test_hq_back_steps_carpark_to_table_to_garage" assertions="5" status="pass" classname="tests/headless/test_menu_flow.gd" time="0.239358" >
      </testcase>
      <testcase name="test_hq_choose_rally_then_car_then_start_launches_a_session" assertions="4" status="pass" classname="tests/headless/test_menu_flow.gd" time="0.887564" >
      </testcase>
      <testcase name="test_hq_starting_a_rally_selects_the_fielded_car" assertions="3" status="pass" classname="tests/headless/test_menu_flow.gd" time="1.767017" >
      </testcase>
      <testcase name="test_hq_mobile_first_start_gates_on_control_scheme_pick" assertions="9" status="pass" classname="tests/headless/test_menu_flow.gd" time="0.841302" >
      </testcase>
      <testcase name="test_hq_mobile_start_skips_gate_once_scheme_chosen" assertions="2" status="pass" classname="tests/headless/test_menu_flow.gd" time="0.806356" >
      </testcase>
      <testcase name="test_standings_interstitial_renders_the_leaderboard" assertions="6" status="pass" classname="tests/headless/test_menu_flow.gd" time="0.004926" >
      </testcase>
      <testcase name="test_standings_non_final_event_collects_an_upgrade_reward" assertions="6" status="pass" classname="tests/headless/test_menu_flow.gd" time="0.005985" >
      </testcase>
      <testcase name="test_standings_final_event_has_no_collect_reward" assertions="1" status="pass" classname="tests/headless/test_menu_flow.gd" time="0.005222" >
      </testcase>
      <testcase name="test_podium_shows_the_finish_summary" assertions="17" status="pass" classname="tests/headless/test_menu_flow.gd" time="0.046345" >
      </testcase>
      <testcase name="test_podium_camera_points_at_the_player_car_off_pole" assertions="4" status="pass" classname="tests/headless/test_menu_flow.gd" time="0.187599" >
      </testcase>
      <testcase name="test_podium_sequence_reveals_leaderboard_then_car" assertions="13" status="pass" classname="tests/headless/test_menu_flow.gd" time="0.131437" >
      </testcase>
      <testcase name="test_podium_dnf_sequence_has_no_reward_stages" assertions="2" status="pass" classname="tests/headless/test_menu_flow.gd" time="0.006093" >
      </testcase>
      <testcase name="test_run_scene_fields_the_bound_session_car" assertions="2" status="pass" classname="tests/headless/test_menu_flow.gd" time="2.141727" >
      </testcase>
      <testcase name="test_first_run_start_opens_starter_pick_then_grants_first_car" assertions="13" status="pass" classname="tests/headless/test_menu_flow.gd" time="0.57097" >
      </testcase>
      <testcase name="test_returning_player_start_goes_straight_to_garage" assertions="2" status="pass" classname="tests/headless/test_menu_flow.gd" time="0.15837" >
      </testcase>
      <testcase name="test_starter_pick_back_returns_to_title" assertions="3" status="pass" classname="tests/headless/test_menu_flow.gd" time="0.068858" >
      </testcase>
      <testcase name="test_engine_swap_flow_exchanges_engines" assertions="3" status="pass" classname="tests/headless/test_menu_flow.gd" time="0.512245" >
      </testcase>
      <testcase name="test_engine_swap_works_on_a_damaged_car_and_leaves_hp" assertions="5" status="pass" classname="tests/headless/test_menu_flow.gd" time="0.5902" >
      </testcase>
      <testcase name="test_engine_swap_blocked_without_a_token" assertions="2" status="pass" classname="tests/headless/test_menu_flow.gd" time="0.446816" >
      </testcase>
      <testcase name="test_swap_preview_visible_only_in_swap_mode" assertions="4" status="pass" classname="tests/headless/test_menu_flow.gd" time="0.527302" >
      </testcase>
      <testcase name="test_display_name_reflects_swap" assertions="2" status="pass" classname="tests/headless/test_menu_flow.gd" time="0.002826" >
      </testcase>
      <testcase name="test_tuning_sliders_are_all_the_same_length" assertions="3" status="pass" classname="tests/headless/test_menu_flow.gd" time="0.180439" >
      </testcase>
      <testcase name="test_restriction_text_shows_power_to_weight_in_hp_per_tonne" assertions="2" status="pass" classname="tests/headless/test_menu_flow.gd" time="0.144179" >
      </testcase>
      <testcase name="test_detune_label_shows_power_to_weight" assertions="2" status="pass" classname="tests/headless/test_menu_flow.gd" time="0.269549" >
      </testcase>
      <testcase name="test_detune_slider_is_present_and_focusable" assertions="4" status="pass" classname="tests/headless/test_menu_flow.gd" time="0.170218" >
      </testcase>
      <testcase name="test_detune_slider_persists_as_fraction" assertions="1" status="pass" classname="tests/headless/test_menu_flow.gd" time="0.26207" >
      </testcase>
      <testcase name="test_swap_button_disabled_without_an_eligible_partner" assertions="3" status="pass" classname="tests/headless/test_menu_flow.gd" time="0.206068" >
      </testcase>
      <testcase name="test_swap_button_without_a_token_is_disabled_until_one_is_owned" assertions="5" status="pass" classname="tests/headless/test_menu_flow.gd" time="0.204747" >
      </testcase>
      <testcase name="test_detune_prompt_change_upgrades_opens_navigable_popup_without_swap" assertions="5" status="pass" classname="tests/headless/test_menu_flow.gd" time="0.199162" >
      </testcase>
      <testcase name="test_engine_swap_button_is_focusable" assertions="3" status="pass" classname="tests/headless/test_menu_flow.gd" time="0.173566" >
      </testcase>
      <testcase name="test_boot_shows_no_android_notice_outside_android_web" assertions="2" status="pass" classname="tests/headless/test_menu_flow.gd" time="0.142331" >
      </testcase>
      <testcase name="test_android_notice_is_navigable_and_back_dismisses" assertions="8" status="pass" classname="tests/headless/test_menu_flow.gd" time="0.146884" >
      </testcase>
      <testcase name="test_final_event_shows_combined_page_before_proceeding" assertions="2" status="pass" classname="tests/headless/test_menu_flow.gd" time="0.00672" >
      </testcase>
      <testcase name="test_drivetrain_selector_always_shown_gated_until_unlocked" assertions="13" status="pass" classname="tests/headless/test_menu_flow.gd" time="0.301548" >
      </testcase>
      <testcase name="test_drivetrain_selector_sets_override" assertions="1" status="pass" classname="tests/headless/test_menu_flow.gd" time="0.426899" >
      </testcase>
      <testcase name="test_selecting_a_drivetrain_keeps_the_house_font_size" assertions="21" status="pass" classname="tests/headless/test_menu_flow.gd" time="0.427483" >
      </testcase>
      <testcase name="test_turbo_selector_is_earn_gated" assertions="7" status="pass" classname="tests/headless/test_menu_flow.gd" time="0.306154" >
      </testcase>
      <testcase name="test_turbo_selector_sets_enabled_part" assertions="4" status="pass" classname="tests/headless/test_menu_flow.gd" time="0.561279" >
      </testcase>
  </testsuite>
  <testsuite name="tests/headless/test_menu_nav.gd" tests="18" failures="0" skipped="0" time="0.064856" >
      <testcase name="test_menu_input_actions_exist" assertions="6" status="pass" classname="tests/headless/test_menu_nav.gd" time="0.000349" >
      </testcase>
      <testcase name="test_wasd_is_bound_on_menu_directions" assertions="4" status="pass" classname="tests/headless/test_menu_nav.gd" time="0.000264" >
      </testcase>
      <testcase name="test_accept_and_cancel_have_a_gamepad_button" assertions="2" status="pass" classname="tests/headless/test_menu_nav.gd" time="0.000243" >
      </testcase>
      <testcase name="test_attach_makes_buttons_focusable_and_grabs_first" assertions="4" status="pass" classname="tests/headless/test_menu_nav.gd" time="0.001473" >
      </testcase>
      <testcase name="test_attach_enables_scroll_follow_focus" assertions="2" status="pass" classname="tests/headless/test_menu_nav.gd" time="0.000977" >
      </testcase>
      <testcase name="test_menu_nav_skip_meta_is_left_focus_none" assertions="1" status="pass" classname="tests/headless/test_menu_nav.gd" time="0.000743" >
      </testcase>
      <testcase name="test_wasd_moves_focus" assertions="2" status="pass" classname="tests/headless/test_menu_nav.gd" time="0.000879" >
      </testcase>
      <testcase name="test_on_back_fires_for_ui_cancel_and_menu_back" assertions="1" status="pass" classname="tests/headless/test_menu_nav.gd" time="0.000728" >
      </testcase>
      <testcase name="test_hidden_menu_does_not_consume_back" assertions="1" status="pass" classname="tests/headless/test_menu_nav.gd" time="0.000752" >
      </testcase>
      <testcase name="test_settings_menu_is_keyboard_navigable" assertions="5" status="pass" classname="tests/headless/test_menu_nav.gd" time="0.026039" >
      </testcase>
      <testcase name="test_audio_page_slider_is_focusable_and_reflects_saved_volume" assertions="4" status="pass" classname="tests/headless/test_menu_nav.gd" time="0.026435" >
      </testcase>
      <testcase name="test_standings_event_page_then_combined_is_navigable" assertions="6" status="pass" classname="tests/headless/test_menu_nav.gd" time="0.003451" >
      </testcase>
      <testcase name="test_button_cursor_wraps_at_both_ends" assertions="3" status="pass" classname="tests/headless/test_menu_nav.gd" time="0.000603" >
      </testcase>
      <testcase name="test_button_cursor_empty_is_safe" assertions="2" status="pass" classname="tests/headless/test_menu_nav.gd" time="0.00029" >
      </testcase>
      <testcase name="test_button_cursor_activate_fires_the_indexed_action" assertions="3" status="pass" classname="tests/headless/test_menu_nav.gd" time="0.000324" >
      </testcase>
      <testcase name="test_button_cursor_refresh_paints_only_the_focused_button" assertions="5" status="pass" classname="tests/headless/test_menu_nav.gd" time="0.000636" >
      </testcase>
      <testcase name="test_button_cursor_wrapped_skips_disabled" assertions="2" status="pass" classname="tests/headless/test_menu_nav.gd" time="0.00034" >
      </testcase>
      <testcase name="test_button_cursor_settled_and_disabled_activate" assertions="3" status="pass" classname="tests/headless/test_menu_nav.gd" time="0.00033" >
      </testcase>
  </testsuite>
  <testsuite name="tests/headless/test_mesh_util.gd" tests="11" failures="0" skipped="0" time="0.007317" >
      <testcase name="test_unshaded_defaults" assertions="5" status="pass" classname="tests/headless/test_mesh_util.gd" time="0.000154" >
      </testcase>
      <testcase name="test_unshaded_vertex_color_flag" assertions="1" status="pass" classname="tests/headless/test_mesh_util.gd" time="0.000081" >
      </testcase>
      <testcase name="test_unshaded_albedo_texture" assertions="1" status="pass" classname="tests/headless/test_mesh_util.gd" time="0.000132" >
      </testcase>
      <testcase name="test_apply_visibility_range_covers_the_whole_subtree" assertions="5" status="pass" classname="tests/headless/test_mesh_util.gd" time="0.000154" >
      </testcase>
      <testcase name="test_apply_visibility_range_noop_when_uncapped" assertions="2" status="pass" classname="tests/headless/test_mesh_util.gd" time="0.000101" >
      </testcase>
      <testcase name="test_feathered_ground_mesh_surface_format" assertions="7" status="pass" classname="tests/headless/test_mesh_util.gd" time="0.000462" >
      </testcase>
      <testcase name="test_feathered_ground_mesh_spans_the_full_plane" assertions="533" status="pass" classname="tests/headless/test_mesh_util.gd" time="0.003671" >
      </testcase>
      <testcase name="test_feather_band_is_resolved_at_a_low_subdivision" assertions="4" status="pass" classname="tests/headless/test_mesh_util.gd" time="0.000488" >
      </testcase>
      <testcase name="test_every_pad_is_cut_into_the_ground" assertions="3" status="pass" classname="tests/headless/test_mesh_util.gd" time="0.00099" >
      </testcase>
      <testcase name="test_no_pads_leaves_pure_grass" assertions="82" status="pass" classname="tests/headless/test_mesh_util.gd" time="0.000606" >
      </testcase>
      <testcase name="test_triangles_are_non_degenerate_and_face_up" assertions="3" status="pass" classname="tests/headless/test_mesh_util.gd" time="0.000478" >
      </testcase>
  </testsuite>
  <testsuite name="tests/headless/test_mobile_controls.gd" tests="32" failures="0" skipped="0" time="1.058978" >
      <testcase name="test_visible_when_forced" assertions="1" status="pass" classname="tests/headless/test_mobile_controls.gd" time="0.00039" >
      </testcase>
      <testcase name="test_defaults_to_slider_gas_brake" assertions="1" status="pass" classname="tests/headless/test_mobile_controls.gd" time="0.000417" >
      </testcase>
      <testcase name="test_hidden_on_desktop" assertions="1" status="pass" classname="tests/headless/test_mobile_controls.gd" time="1.049649" >
      </testcase>
      <testcase name="test_no_input_when_idle" assertions="4" status="pass" classname="tests/headless/test_mobile_controls.gd" time="0.000603" >
      </testcase>
      <testcase name="test_gas_region_accelerates" assertions="2" status="pass" classname="tests/headless/test_mobile_controls.gd" time="0.000277" >
      </testcase>
      <testcase name="test_brake_region_brakes" assertions="2" status="pass" classname="tests/headless/test_mobile_controls.gd" time="0.000244" >
      </testcase>
      <testcase name="test_slider_left_steers_left" assertions="2" status="pass" classname="tests/headless/test_mobile_controls.gd" time="0.000256" >
      </testcase>
      <testcase name="test_slider_right_steers_right" assertions="2" status="pass" classname="tests/headless/test_mobile_controls.gd" time="0.000242" >
      </testcase>
      <testcase name="test_slider_is_analog" assertions="2" status="pass" classname="tests/headless/test_mobile_controls.gd" time="0.000239" >
      </testcase>
      <testcase name="test_slider_recenters_when_released" assertions="3" status="pass" classname="tests/headless/test_mobile_controls.gd" time="0.000281" >
      </testcase>
      <testcase name="test_multitouch_steer_and_gas_together" assertions="2" status="pass" classname="tests/headless/test_mobile_controls.gd" time="0.000235" >
      </testcase>
      <testcase name="test_release_clears_button" assertions="1" status="pass" classname="tests/headless/test_mobile_controls.gd" time="0.000232" >
      </testcase>
      <testcase name="test_steer_buttons_scheme" assertions="2" status="pass" classname="tests/headless/test_mobile_controls.gd" time="0.000487" >
      </testcase>
      <testcase name="test_auto_gas_holds_throttle_when_idle" assertions="2" status="pass" classname="tests/headless/test_mobile_controls.gd" time="0.000296" >
      </testcase>
      <testcase name="test_auto_gas_releases_throttle_while_braking" assertions="2" status="pass" classname="tests/headless/test_mobile_controls.gd" time="0.000301" >
      </testcase>
      <testcase name="test_simple_one_side_steers_with_auto_gas" assertions="3" status="pass" classname="tests/headless/test_mobile_controls.gd" time="0.000357" >
      </testcase>
      <testcase name="test_simple_both_sides_brake" assertions="4" status="pass" classname="tests/headless/test_mobile_controls.gd" time="0.000351" >
      </testcase>
      <testcase name="test_tilt_steer_deadzone_and_direction" assertions="4" status="pass" classname="tests/headless/test_mobile_controls.gd" time="0.000242" >
      </testcase>
      <testcase name="test_set_scheme_releases_old_inputs" assertions="2" status="pass" classname="tests/headless/test_mobile_controls.gd" time="0.000331" >
      </testcase>
      <testcase name="test_lost_touch_clears_a_stuck_button" assertions="3" status="pass" classname="tests/headless/test_mobile_controls.gd" time="0.000458" >
      </testcase>
      <testcase name="test_lost_touch_recenters_the_slider" assertions="3" status="pass" classname="tests/headless/test_mobile_controls.gd" time="0.000241" >
      </testcase>
      <testcase name="test_live_touches_leave_held_fingers_alone" assertions="2" status="pass" classname="tests/headless/test_mobile_controls.gd" time="0.00024" >
      </testcase>
      <testcase name="test_reconcile_is_a_noop_before_any_snapshot" assertions="2" status="pass" classname="tests/headless/test_mobile_controls.gd" time="0.000246" >
      </testcase>
      <testcase name="test_reconcile_keeps_the_mouse_pointer" assertions="1" status="pass" classname="tests/headless/test_mobile_controls.gd" time="0.000213" >
      </testcase>
      <testcase name="test_stale_drag_is_reconciled_away_not_left_stuck" assertions="5" status="pass" classname="tests/headless/test_mobile_controls.gd" time="0.000287" >
      </testcase>
      <testcase name="test_reconcile_redrops_a_resurrected_pointer" assertions="2" status="pass" classname="tests/headless/test_mobile_controls.gd" time="0.000239" >
      </testcase>
      <testcase name="test_steer_presses_and_releases_across_repeated_frames" assertions="7" status="pass" classname="tests/headless/test_mobile_controls.gd" time="0.000338" >
      </testcase>
      <testcase name="test_steer_swaps_sides_cleanly" assertions="2" status="pass" classname="tests/headless/test_mobile_controls.gd" time="0.00026" >
      </testcase>
      <testcase name="test_release_all_clears_a_held_steer" assertions="2" status="pass" classname="tests/headless/test_mobile_controls.gd" time="0.000236" >
      </testcase>
      <testcase name="test_two_touches_make_two_distinct_pointers" assertions="5" status="pass" classname="tests/headless/test_mobile_controls.gd" time="0.000314" >
      </testcase>
      <testcase name="test_touch_emulated_mouse_is_ignored" assertions="2" status="pass" classname="tests/headless/test_mobile_controls.gd" time="0.00024" >
      </testcase>
      <testcase name="test_real_mouse_still_drives_the_controls" assertions="2" status="pass" classname="tests/headless/test_mobile_controls.gd" time="0.000236" >
      </testcase>
  </testsuite>
  <testsuite name="tests/headless/test_music_director.gd" tests="20" failures="0" skipped="0" time="0.010965" >
      <testcase name="test_idle_director_never_fires" assertions="2" status="pass" classname="tests/headless/test_music_director.gd" time="0.00023" >
      </testcase>
      <testcase name="test_seed_starts_segment_zero_and_sets_first_handoff" assertions="3" status="pass" classname="tests/headless/test_music_director.gd" time="0.000146" >
      </testcase>
      <testcase name="test_segments_play_in_order_and_wrap_after_the_last" assertions="12" status="pass" classname="tests/headless/test_music_director.gd" time="0.00028" >
      </testcase>
      <testcase name="test_song_change_interrupts_the_sequence_at_segment_zero" assertions="7" status="pass" classname="tests/headless/test_music_director.gd" time="0.000246" >
      </testcase>
      <testcase name="test_fire_offset_is_within_the_lead_in" assertions="1" status="pass" classname="tests/headless/test_music_director.gd" time="0.000099" >
      </testcase>
      <testcase name="test_set_volume_clamps_to_unit_range" assertions="2" status="pass" classname="tests/headless/test_music_director.gd" time="0.000106" >
      </testcase>
      <testcase name="test_set_volume_persists_the_chosen_value" assertions="1" status="pass" classname="tests/headless/test_music_director.gd" time="0.00009" >
      </testcase>
      <testcase name="test_set_volume_can_skip_persistence" assertions="1" status="pass" classname="tests/headless/test_music_director.gd" time="0.000083" >
      </testcase>
      <testcase name="test_scene_state_seeds_hq_song_then_latches_rally_song" assertions="6" status="pass" classname="tests/headless/test_music_director.gd" time="0.000177" >
      </testcase>
      <testcase name="test_scene_uses_the_locked_rally_song_across_frames" assertions="2" status="pass" classname="tests/headless/test_music_director.gd" time="0.0081" >
      </testcase>
      <testcase name="test_catch_up_after_a_stall_still_fires_aligned" assertions="2" status="pass" classname="tests/headless/test_music_director.gd" time="0.000177" >
      </testcase>
      <testcase name="test_threshold_accessors_honour_overrides" assertions="2" status="pass" classname="tests/headless/test_music_director.gd" time="0.000108" >
      </testcase>
      <testcase name="test_stall_recovery_enabled_honours_override" assertions="2" status="pass" classname="tests/headless/test_music_director.gd" time="0.000088" >
      </testcase>
      <testcase name="test_recovery_disabled_ignores_large_gaps" assertions="2" status="pass" classname="tests/headless/test_music_director.gd" time="0.000114" >
      </testcase>
      <testcase name="test_tick_fires_at_the_next_handoff_like_advance" assertions="2" status="pass" classname="tests/headless/test_music_director.gd" time="0.000125" >
      </testcase>
      <testcase name="test_large_gap_suspends_and_stops_firing" assertions="3" status="pass" classname="tests/headless/test_music_director.gd" time="0.000128" >
      </testcase>
      <testcase name="test_suspend_is_edge_triggered" assertions="3" status="pass" classname="tests/headless/test_music_director.gd" time="0.000097" >
      </testcase>
      <testcase name="test_resume_blocked_until_stable_window_met" assertions="1" status="pass" classname="tests/headless/test_music_director.gd" time="0.000076" >
      </testcase>
      <testcase name="test_resume_blocked_while_loading_screen_present" assertions="1" status="pass" classname="tests/headless/test_music_director.gd" time="0.000401" >
      </testcase>
      <testcase name="test_resume_clears_suspended_when_gates_pass" assertions="1" status="pass" classname="tests/headless/test_music_director.gd" time="0.000094" >
      </testcase>
  </testsuite>
  <testsuite name="tests/headless/test_music_library.gd" tests="11" failures="0" skipped="0" time="0.016545" >
      <testcase name="test_catalogue_entries_are_well_formed" assertions="49" status="pass" classname="tests/headless/test_music_library.gd" time="0.001042" >
      </testcase>
      <testcase name="test_segment_count_matches_the_segments_array" assertions="7" status="pass" classname="tests/headless/test_music_library.gd" time="0.000245" >
      </testcase>
      <testcase name="test_by_id_returns_a_real_catalogue_entry" assertions="2" status="pass" classname="tests/headless/test_music_library.gd" time="0.000141" >
      </testcase>
      <testcase name="test_by_id_loads_the_segment_streams" assertions="5" status="pass" classname="tests/headless/test_music_library.gd" time="0.000112" >
      </testcase>
      <testcase name="test_loaded_segments_are_cached_across_requests" assertions="5" status="pass" classname="tests/headless/test_music_library.gd" time="0.008707" >
      </testcase>
      <testcase name="test_reading_the_catalogue_does_not_load_any_audio" assertions="12" status="pass" classname="tests/headless/test_music_library.gd" time="0.004885" >
      </testcase>
      <testcase name="test_by_id_unknown_returns_empty" assertions="1" status="pass" classname="tests/headless/test_music_library.gd" time="0.000178" >
      </testcase>
      <testcase name="test_context_songs_resolve_to_real_catalogue_entries" assertions="6" status="pass" classname="tests/headless/test_music_library.gd" time="0.000108" >
      </testcase>
      <testcase name="test_is_hq_scene_only_true_for_the_hq_scene" assertions="5" status="pass" classname="tests/headless/test_music_library.gd" time="0.000106" >
      </testcase>
      <testcase name="test_random_rally_song_is_always_a_pool_member" assertions="50" status="pass" classname="tests/headless/test_music_library.gd" time="0.000174" >
      </testcase>
      <testcase name="test_random_rally_song_avoids_the_excluded_id" assertions="50" status="pass" classname="tests/headless/test_music_library.gd" time="0.000847" >
      </testcase>
  </testsuite>
  <testsuite name="tests/headless/test_music_schedule.gd" tests="7" failures="0" skipped="0" time="0.000722" >
      <testcase name="test_lead_in_and_loop_body_follow_the_authored_bar_counts" assertions="6" status="pass" classname="tests/headless/test_music_schedule.gd" time="0.000158" >
      </testcase>
      <testcase name="test_faster_incoming_song_fires_later" assertions="1" status="pass" classname="tests/headless/test_music_schedule.gd" time="0.000091" >
      </testcase>
      <testcase name="test_advance_handoff_is_constant_interval_for_same_bpm" assertions="2" status="pass" classname="tests/headless/test_music_schedule.gd" time="0.000108" >
      </testcase>
      <testcase name="test_seed_handoff_places_first_handoff_after_lead_in_plus_loop_body" assertions="1" status="pass" classname="tests/headless/test_music_schedule.gd" time="0.00009" >
      </testcase>
      <testcase name="test_late_by_clamps_into_the_lead_in_window" assertions="4" status="pass" classname="tests/headless/test_music_schedule.gd" time="0.000109" >
      </testcase>
      <testcase name="test_catch_up_advances_past_an_overshot_handoff" assertions="1" status="pass" classname="tests/headless/test_music_schedule.gd" time="0.000082" >
      </testcase>
      <testcase name="test_catch_up_is_a_noop_before_the_handoff" assertions="1" status="pass" classname="tests/headless/test_music_schedule.gd" time="0.000084" >
      </testcase>
  </testsuite>
  <testsuite name="tests/headless/test_opponent_cache.gd" tests="8" failures="0" skipped="0" time="0.092194" >
      <testcase name="test_field_survives_json_round_trip" assertions="15" status="pass" classname="tests/headless/test_opponent_cache.gd" time="0.021507" >
      </testcase>
      <testcase name="test_lookup_miss_returns_empty" assertions="1" status="pass" classname="tests/headless/test_opponent_cache.gd" time="0.00613" >
      </testcase>
      <testcase name="test_seeded_hit_is_returned" assertions="2" status="pass" classname="tests/headless/test_opponent_cache.gd" time="0.024615" >
      </testcase>
      <testcase name="test_committed_cache_covers_every_rally" assertions="13" status="pass" classname="tests/headless/test_opponent_cache.gd" time="0.007755" >
      </testcase>
      <testcase name="test_fingerprint_is_stable_across_calls" assertions="2" status="pass" classname="tests/headless/test_opponent_cache.gd" time="0.009532" >
      </testcase>
      <testcase name="test_reset_cache_drops_the_memo" assertions="4" status="pass" classname="tests/headless/test_opponent_cache.gd" time="0.009483" >
      </testcase>
      <testcase name="test_stored_source_hash_survives_a_reset" assertions="1" status="pass" classname="tests/headless/test_opponent_cache.gd" time="0.006667" >
      </testcase>
      <testcase name="test_committed_source_hash_is_fresh" assertions="2" status="pass" classname="tests/headless/test_opponent_cache.gd" time="0.006505" >
      </testcase>
  </testsuite>
  <testsuite name="tests/headless/test_pacenotes.gd" tests="9" failures="0" skipped="0" time="0.043393" >
      <testcase name="test_build_notes_every_corner_and_skips_straights" assertions="6" status="pass" classname="tests/headless/test_pacenotes.gd" time="0.000195" >
      </testcase>
      <testcase name="test_build_offsets_ascend_along_track" assertions="2" status="pass" classname="tests/headless/test_pacenotes.gd" time="0.000109" >
      </testcase>
      <testcase name="test_build_empty_for_null_or_degenerate_centerline" assertions="2" status="pass" classname="tests/headless/test_pacenotes.gd" time="0.00011" >
      </testcase>
      <testcase name="test_arrow_key_matches_the_sign_direction_convention" assertions="6" status="pass" classname="tests/headless/test_pacenotes.gd" time="0.000172" >
      </testcase>
      <testcase name="test_arrow_key_agrees_with_the_signs_for_shared_shapes" assertions="12" status="pass" classname="tests/headless/test_pacenotes.gd" time="0.000292" >
      </testcase>
      <testcase name="test_notes_to_fracs_maps_offset_over_span_from_start_line" assertions="4" status="pass" classname="tests/headless/test_pacenotes.gd" time="0.000116" >
      </testcase>
      <testcase name="test_notes_to_fracs_empty_when_span_non_positive" assertions="1" status="pass" classname="tests/headless/test_pacenotes.gd" time="0.000086" >
      </testcase>
      <testcase name="test_build_against_generated_track_covers_every_corner" assertions="2" status="pass" classname="tests/headless/test_pacenotes.gd" time="0.018235" >
      </testcase>
      <testcase name="test_every_note_arrow_key_resolves_in_the_texture_atlas" assertions="14" status="pass" classname="tests/headless/test_pacenotes.gd" time="0.024078" >
      </testcase>
  </testsuite>
  <testsuite name="tests/headless/test_pause_menu.gd" tests="15" failures="0" skipped="0" time="0.048006" >
      <testcase name="test_unarmed_pause_menu_is_inert" assertions="4" status="pass" classname="tests/headless/test_pause_menu.gd" time="0.032535" >
      </testcase>
      <testcase name="test_world_boot_arms_the_pause_menu" assertions="1" status="pass" classname="tests/headless/test_pause_menu.gd" time="0.000339" >
      </testcase>
      <testcase name="test_pause_freezes_game_and_opens_menu" assertions="4" status="pass" classname="tests/headless/test_pause_menu.gd" time="0.000658" >
      </testcase>
      <testcase name="test_resume_unfreezes_and_closes" assertions="2" status="pass" classname="tests/headless/test_pause_menu.gd" time="0.000276" >
      </testcase>
      <testcase name="test_pause_button_uses_a_drawn_icon" assertions="2" status="pass" classname="tests/headless/test_pause_menu.gd" time="0.000194" >
      </testcase>
      <testcase name="test_pause_menu_is_keyboard_navigable" assertions="4" status="pass" classname="tests/headless/test_pause_menu.gd" time="0.000884" >
      </testcase>
      <testcase name="test_reset_to_track_emits_and_resumes" assertions="4" status="pass" classname="tests/headless/test_pause_menu.gd" time="0.000556" >
      </testcase>
      <testcase name="test_reset_to_track_snaps_car_onto_manual_reset_pose" assertions="2" status="pass" classname="tests/headless/test_pause_menu.gd" time="0.000192" >
      </testcase>
      <testcase name="test_reset_to_track_holds_across_physics_steps" assertions="1" status="pass" classname="tests/headless/test_pause_menu.gd" time="0.007523" >
      </testcase>
      <testcase name="test_settings_exposes_the_shared_menu" assertions="3" status="pass" classname="tests/headless/test_pause_menu.gd" time="0.000527" >
      </testcase>
      <testcase name="test_settings_opens_on_the_category_list_and_drills_in" assertions="4" status="pass" classname="tests/headless/test_pause_menu.gd" time="0.00016" >
      </testcase>
      <testcase name="test_quit_to_hq_abandons_the_rally_and_unfreezes" assertions="4" status="pass" classname="tests/headless/test_pause_menu.gd" time="0.000492" >
      </testcase>
      <testcase name="test_picking_a_camera_in_settings_applies_live" assertions="3" status="pass" classname="tests/headless/test_pause_menu.gd" time="0.000574" >
      </testcase>
      <testcase name="test_quit_pressed_opens_confirm_popup" assertions="1" status="pass" classname="tests/headless/test_pause_menu.gd" time="0.001984" >
      </testcase>
      <testcase name="test_picking_a_scheme_in_settings_applies_live" assertions="3" status="pass" classname="tests/headless/test_pause_menu.gd" time="0.001112" >
      </testcase>
  </testsuite>
  <testsuite name="tests/headless/test_perf_log.gd" tests="4" failures="0" skipped="0" time="0.000433" >
      <testcase name="test_debug_build_accumulates_per_script_cost" assertions="1" status="pass" classname="tests/headless/test_perf_log.gd" time="0.000163" >
      </testcase>
      <testcase name="test_release_build_records_nothing" assertions="1" status="pass" classname="tests/headless/test_perf_log.gd" time="0.000089" >
      </testcase>
      <testcase name="test_capture_records_in_a_release_build" assertions="2" status="pass" classname="tests/headless/test_perf_log.gd" time="0.000096" >
      </testcase>
      <testcase name="test_capture_is_closed_after_end" assertions="1" status="pass" classname="tests/headless/test_perf_log.gd" time="0.000085" >
      </testcase>
  </testsuite>
  <testsuite name="tests/headless/test_perf_overlay.gd" tests="5" failures="0" skipped="0" time="0.613511" >
      <testcase name="test_overlay_starts_hidden_and_idle" assertions="2" status="pass" classname="tests/headless/test_perf_overlay.gd" time="0.000279" >
      </testcase>
      <testcase name="test_activation_toggles_visibility_and_measurement" assertions="4" status="pass" classname="tests/headless/test_perf_overlay.gd" time="0.000181" >
      </testcase>
      <testcase name="test_sample_and_format_do_not_error" assertions="3" status="pass" classname="tests/headless/test_perf_overlay.gd" time="0.306543" >
      </testcase>
      <testcase name="test_avg_and_max_track_the_window" assertions="2" status="pass" classname="tests/headless/test_perf_overlay.gd" time="0.000331" >
      </testcase>
      <testcase name="test_chunks_loaded_reflects_terrain" assertions="1" status="pass" classname="tests/headless/test_perf_overlay.gd" time="0.306177" >
      </testcase>
  </testsuite>
  <testsuite name="tests/headless/test_rally_detail.gd" tests="13" failures="0" skipped="0" time="1.901717" >
      <testcase name="test_empty_roster_counts_nothing" assertions="2" status="pass" classname="tests/headless/test_rally_detail.gd" time="0.146432" >
      </testcase>
      <testcase name="test_unresolved_model_is_skipped_from_total" assertions="2" status="pass" classname="tests/headless/test_rally_detail.gd" time="0.143749" >
      </testcase>
      <testcase name="test_drive_mode_restriction_counts_only_matching_cars" assertions="3" status="pass" classname="tests/headless/test_rally_detail.gd" time="0.146312" >
      </testcase>
      <testcase name="test_summary_names_the_qualifying_cars" assertions="3" status="pass" classname="tests/headless/test_rally_detail.gd" time="0.150555" >
      </testcase>
      <testcase name="test_qualifying_text_lists_all_names_up_to_the_cap" assertions="2" status="pass" classname="tests/headless/test_rally_detail.gd" time="0.142664" >
      </testcase>
      <testcase name="test_qualifying_text_elides_the_overflow" assertions="3" status="pass" classname="tests/headless/test_rally_detail.gd" time="0.144428" >
      </testcase>
      <testcase name="test_star_row_always_shows_and_fills_with_the_record" assertions="4" status="pass" classname="tests/headless/test_rally_detail.gd" time="0.15429" >
      </testcase>
      <testcase name="test_over_cap_car_lands_in_adjust_via_detune" assertions="2" status="pass" classname="tests/headless/test_rally_detail.gd" time="0.145056" >
      </testcase>
      <testcase name="test_entry_plan_over_cap_car_qualifies_via_detune" assertions="2" status="pass" classname="tests/headless/test_rally_detail.gd" time="0.144267" >
      </testcase>
      <testcase name="test_below_band_floor_is_ineligible" assertions="2" status="pass" classname="tests/headless/test_rally_detail.gd" time="0.144635" >
      </testcase>
      <testcase name="test_floor_is_judged_at_full_potential_for_a_detuned_car" assertions="1" status="pass" classname="tests/headless/test_rally_detail.gd" time="0.145164" >
      </testcase>
      <testcase name="test_floor_is_judged_with_ballast_dropped" assertions="1" status="pass" classname="tests/headless/test_rally_detail.gd" time="0.146567" >
      </testcase>
      <testcase name="test_pin_unavailable_when_the_only_car_is_below_the_band_floor" assertions="2" status="pass" classname="tests/headless/test_rally_detail.gd" time="0.147598" >
      </testcase>
  </testsuite>
  <testsuite name="tests/headless/test_rally_eligibility_reason.gd" tests="3" failures="0" skipped="0" time="0.000377" >
      <testcase name="test_open_class_is_eligible_no_reason" assertions="1" status="pass" classname="tests/headless/test_rally_eligibility_reason.gd" time="0.000128" >
      </testcase>
      <testcase name="test_wrong_drive_mode_gives_reason" assertions="2" status="pass" classname="tests/headless/test_rally_eligibility_reason.gd" time="0.000107" >
      </testcase>
      <testcase name="test_reason_empty_iff_is_eligible" assertions="2" status="pass" classname="tests/headless/test_rally_eligibility_reason.gd" time="0.000142" >
      </testcase>
  </testsuite>
  <testsuite name="tests/headless/test_rally_flag.gd" tests="8" failures="0" skipped="0" time="0.003419" >
      <testcase name="test_pennant_kind_prioritises_a_podium_result" assertions="6" status="pass" classname="tests/headless/test_rally_flag.gd" time="0.000198" >
      </testcase>
      <testcase name="test_pennant_kind_green_when_raceable_else_grey" assertions="2" status="pass" classname="tests/headless/test_rally_flag.gd" time="0.000128" >
      </testcase>
      <testcase name="test_pennant_kind_locked_is_always_grey" assertions="2" status="pass" classname="tests/headless/test_rally_flag.gd" time="0.000112" >
      </testcase>
      <testcase name="test_accent_is_gold_only_when_won" assertions="6" status="pass" classname="tests/headless/test_rally_flag.gd" time="0.000223" >
      </testcase>
      <testcase name="test_build_yields_a_marker_rooted_at_the_plane" assertions="4" status="pass" classname="tests/headless/test_rally_flag.gd" time="0.000736" >
      </testcase>
      <testcase name="test_marker_has_a_base_disk_on_the_plane" assertions="3" status="pass" classname="tests/headless/test_rally_flag.gd" time="0.000564" >
      </testcase>
      <testcase name="test_won_rally_gilds_tip_and_base_together" assertions="4" status="pass" classname="tests/headless/test_rally_flag.gd" time="0.000762" >
      </testcase>
      <testcase name="test_checkered_pennant_carries_a_texture" assertions="3" status="pass" classname="tests/headless/test_rally_flag.gd" time="0.000696" >
      </testcase>
  </testsuite>
  <testsuite name="tests/headless/test_rally_library.gd" tests="44" failures="0" skipped="0" time="0.56778" >
      <testcase name="test_roster_is_well_formed" assertions="195" status="pass" classname="tests/headless/test_rally_library.gd" time="0.001521" >
      </testcase>
      <testcase name="test_every_rally_has_a_known_region" assertions="26" status="pass" classname="tests/headless/test_rally_library.gd" time="0.000633" >
      </testcase>
      <testcase name="test_exactly_one_showdown_per_region" assertions="2" status="pass" classname="tests/headless/test_rally_library.gd" time="0.00021" >
      </testcase>
      <testcase name="test_event_forestiness_defaults_to_fully_wooded" assertions="4" status="pass" classname="tests/headless/test_rally_library.gd" time="0.000198" >
      </testcase>
      <testcase name="test_event_tarmac_fraction_defaults_to_all_gravel" assertions="4" status="pass" classname="tests/headless/test_rally_library.gd" time="0.000211" >
      </testcase>
      <testcase name="test_event_straightness_defaults_to_unbiased" assertions="4" status="pass" classname="tests/headless/test_rally_library.gd" time="0.000189" >
      </testcase>
      <testcase name="test_event_cliffiness_defaults_to_flat" assertions="4" status="pass" classname="tests/headless/test_rally_library.gd" time="0.000186" >
      </testcase>
      <testcase name="test_starter_always_has_an_enterable_rally" assertions="7" status="pass" classname="tests/headless/test_rally_library.gd" time="0.000234" >
      </testcase>
      <testcase name="test_open_class_matches_every_car" assertions="4" status="pass" classname="tests/headless/test_rally_library.gd" time="0.000146" >
      </testcase>
      <testcase name="test_drive_mode_restriction_filters" assertions="2" status="pass" classname="tests/headless/test_rally_library.gd" time="0.000142" >
      </testcase>
      <testcase name="test_country_restriction_filters" assertions="2" status="pass" classname="tests/headless/test_rally_library.gd" time="0.000139" >
      </testcase>
      <testcase name="test_power_to_weight_restriction_filters" assertions="6" status="pass" classname="tests/headless/test_rally_library.gd" time="0.000176" >
      </testcase>
      <testcase name="test_pw_floor_is_judged_at_the_supplied_floor_meta" assertions="3" status="pass" classname="tests/headless/test_rally_library.gd" time="0.000153" >
      </testcase>
      <testcase name="test_installed_upgrades_change_rally_eligibility" assertions="4" status="pass" classname="tests/headless/test_rally_library.gd" time="0.000247" >
      </testcase>
      <testcase name="test_qualifying_detune_ducks_an_over_powered_car_under_the_cap" assertions="5" status="pass" classname="tests/headless/test_rally_library.gd" time="0.00019" >
      </testcase>
      <testcase name="test_qualifying_detune_full_power_and_unfixable_cases" assertions="3" status="pass" classname="tests/headless/test_rally_library.gd" time="0.000205" >
      </testcase>
      <testcase name="test_track_generation_is_deterministic" assertions="2" status="pass" classname="tests/headless/test_rally_library.gd" time="0.138178" >
      </testcase>
      <testcase name="test_turn_splits_are_monotonic_and_total_matches_target" assertions="8" status="pass" classname="tests/headless/test_rally_library.gd" time="0.000901" >
      </testcase>
      <testcase name="test_turn_splits_empty_without_pieces" assertions="2" status="pass" classname="tests/headless/test_rally_library.gd" time="0.000261" >
      </testcase>
      <testcase name="test_turn_splits_honour_target_override" assertions="4" status="pass" classname="tests/headless/test_rally_library.gd" time="0.00074" >
      </testcase>
      <testcase name="test_turn_splits_final_equals_optimum_ms" assertions="2" status="pass" classname="tests/headless/test_rally_library.gd" time="0.000682" >
      </testcase>
      <testcase name="test_turn_splits_monotonic" assertions="2" status="pass" classname="tests/headless/test_rally_library.gd" time="0.000415" >
      </testcase>
      <testcase name="test_turn_splits_override_rescales_to_total" assertions="1" status="pass" classname="tests/headless/test_rally_library.gd" time="0.00041" >
      </testcase>
      <testcase name="test_opponent_field_shape_and_bounds" assertions="61" status="pass" classname="tests/headless/test_rally_library.gd" time="0.026046" >
      </testcase>
      <testcase name="test_opponent_field_is_deterministic" assertions="1" status="pass" classname="tests/headless/test_rally_library.gd" time="0.027697" >
      </testcase>
      <testcase name="test_opponent_names_are_drawn_from_the_pool_uniquely" assertions="31" status="pass" classname="tests/headless/test_rally_library.gd" time="0.012209" >
      </testcase>
      <testcase name="test_opponents_drive_eligible_cars" assertions="44" status="pass" classname="tests/headless/test_rally_library.gd" time="0.009391" >
      </testcase>
      <testcase name="test_opponents_are_fielded_in_band" assertions="13" status="pass" classname="tests/headless/test_rally_library.gd" time="0.009791" >
      </testcase>
      <testcase name="test_wrecks_occur_somewhere_in_the_roster" assertions="1" status="pass" classname="tests/headless/test_rally_library.gd" time="0.122514" >
      </testcase>
      <testcase name="test_at_most_one_wreck_per_event" assertions="39" status="pass" classname="tests/headless/test_rally_library.gd" time="0.133278" >
      </testcase>
      <testcase name="test_a_wrecked_rival_dnfs_from_its_wreck_event_on" assertions="7" status="pass" classname="tests/headless/test_rally_library.gd" time="0.011594" >
      </testcase>
      <testcase name="test_event_wreck_reports_the_crashed_rival_or_nothing" assertions="5" status="pass" classname="tests/headless/test_rally_library.gd" time="0.000264" >
      </testcase>
      <testcase name="test_opponent_faster_car_posts_faster_time" assertions="1" status="pass" classname="tests/headless/test_rally_library.gd" time="0.000691" >
      </testcase>
      <testcase name="test_opponent_field_deterministic_for_seed" assertions="2" status="pass" classname="tests/headless/test_rally_library.gd" time="0.005615" >
      </testcase>
      <testcase name="test_opponent_field_is_a_ranked_ladder" assertions="17" status="pass" classname="tests/headless/test_rally_library.gd" time="0.024048" >
      </testcase>
      <testcase name="test_higher_tier_fields_faster_rivals" assertions="1" status="pass" classname="tests/headless/test_rally_library.gd" time="0.017731" >
      </testcase>
      <testcase name="test_opponent_times_apply_stock_turbo_boost" assertions="35" status="pass" classname="tests/headless/test_rally_library.gd" time="0.01928" >
      </testcase>
      <testcase name="test_placement_and_top3" assertions="4" status="pass" classname="tests/headless/test_rally_library.gd" time="0.000208" >
      </testcase>
      <testcase name="test_build_standings_ranks_field_and_sinks_dnfs" assertions="8" status="pass" classname="tests/headless/test_rally_library.gd" time="0.000257" >
      </testcase>
      <testcase name="test_build_standings_carries_the_car_each_entrant_drove" assertions="3" status="pass" classname="tests/headless/test_rally_library.gd" time="0.000166" >
      </testcase>
      <testcase name="test_build_standings_handles_a_wrecked_player" assertions="3" status="pass" classname="tests/headless/test_rally_library.gd" time="0.000144" >
      </testcase>
      <testcase name="test_completed_count_tracks_profile" assertions="1" status="pass" classname="tests/headless/test_rally_library.gd" time="0.000134" >
      </testcase>
      <testcase name="test_showdown_unlocks_only_when_all_others_complete" assertions="2" status="pass" classname="tests/headless/test_rally_library.gd" time="0.000142" >
      </testcase>
      <testcase name="test_incomplete_enterable_query_respects_eligibility_and_lock" assertions="2" status="pass" classname="tests/headless/test_rally_library.gd" time="0.000213" >
      </testcase>
  </testsuite>
  <testsuite name="tests/headless/test_rally_session.gd" tests="26" failures="0" skipped="0" time="0.084051" >
      <testcase name="test_current_event_target_ms_tracks_fastest_rival_per_event" assertions="4" status="pass" classname="tests/headless/test_rally_session.gd" time="0.003888" >
      </testcase>
      <testcase name="test_current_event_leaders_lists_top_three_with_cars" assertions="10" status="pass" classname="tests/headless/test_rally_session.gd" time="0.006899" >
      </testcase>
      <testcase name="test_pit_repair_fires_at_each_event_after_the_first" assertions="5" status="pass" classname="tests/headless/test_rally_session.gd" time="0.002647" >
      </testcase>
      <testcase name="test_current_event_wreck_tracks_the_crashed_rival_per_event" assertions="6" status="pass" classname="tests/headless/test_rally_session.gd" time="0.0026" >
      </testcase>
      <testcase name="test_standings_carry_the_player_and_rival_cars" assertions="2" status="pass" classname="tests/headless/test_rally_session.gd" time="0.003048" >
      </testcase>
      <testcase name="test_idle_when_no_rally" assertions="2" status="pass" classname="tests/headless/test_rally_session.gd" time="0.002796" >
      </testcase>
      <testcase name="test_happy_path_accumulates_and_places" assertions="9" status="pass" classname="tests/headless/test_rally_session.gd" time="0.003624" >
      </testcase>
      <testcase name="test_result_carries_rewards_and_standings_for_the_podium" assertions="9" status="pass" classname="tests/headless/test_rally_session.gd" time="0.002926" >
      </testcase>
      <testcase name="test_dev_complete_rally_wins_immediately_from_mid_rally" assertions="7" status="pass" classname="tests/headless/test_rally_session.gd" time="0.00305" >
      </testcase>
      <testcase name="test_dev_complete_rally_is_a_noop_when_idle" assertions="2" status="pass" classname="tests/headless/test_rally_session.gd" time="0.002649" >
      </testcase>
      <testcase name="test_between_event_standings_pause_and_leaderboard" assertions="8" status="pass" classname="tests/headless/test_rally_session.gd" time="0.002993" >
      </testcase>
      <testcase name="test_per_event_upgrades_bind_to_the_driven_car_without_duplicates" assertions="6" status="pass" classname="tests/headless/test_rally_session.gd" time="0.003112" >
      </testcase>
      <testcase name="test_final_event_awards_no_upgrade" assertions="1" status="pass" classname="tests/headless/test_rally_session.gd" time="0.002845" >
      </testcase>
      <testcase name="test_wreck_after_earning_a_per_event_upgrade_keeps_it" assertions="9" status="pass" classname="tests/headless/test_rally_session.gd" time="0.002737" >
      </testcase>
      <testcase name="test_no_retry_reenter_resets_and_field_is_fixed" assertions="7" status="pass" classname="tests/headless/test_rally_session.gd" time="0.006423" >
      </testcase>
      <testcase name="test_showdown_win_beat_instead_of_car_draw" assertions="3" status="pass" classname="tests/headless/test_rally_session.gd" time="0.002687" >
      </testcase>
      <testcase name="test_non_final_region_showdown_completes_without_win_beat" assertions="3" status="pass" classname="tests/headless/test_rally_session.gd" time="0.003174" >
      </testcase>
      <testcase name="test_farming_rewin_grants_car_without_new_completion" assertions="3" status="pass" classname="tests/headless/test_rally_session.gd" time="0.003189" >
      </testcase>
      <testcase name="test_current_event_p1_car_returns_fastest_rivals_car" assertions="3" status="pass" classname="tests/headless/test_rally_session.gd" time="0.00268" >
      </testcase>
      <testcase name="test_current_event_standings_ranks_by_the_just_completed_event" assertions="7" status="pass" classname="tests/headless/test_rally_session.gd" time="0.002747" >
      </testcase>
      <testcase name="test_registered_detune_reverts_to_the_prior_tune_when_the_rally_finishes" assertions="4" status="pass" classname="tests/headless/test_rally_session.gd" time="0.002793" >
      </testcase>
      <testcase name="test_registered_detune_reverts_to_default_on_abandon" assertions="1" status="pass" classname="tests/headless/test_rally_session.gd" time="0.002599" >
      </testcase>
      <testcase name="test_stale_detune_revert_for_an_unfielded_car_is_settled_at_start" assertions="2" status="pass" classname="tests/headless/test_rally_session.gd" time="0.002598" >
      </testcase>
      <testcase name="test_drivetrain_revert_restores_prior_mode_on_reset" assertions="1" status="pass" classname="tests/headless/test_rally_session.gd" time="0.002453" >
      </testcase>
      <testcase name="test_event_terrain_override_flows_into_config" assertions="4" status="pass" classname="tests/headless/test_rally_session.gd" time="0.003361" >
      </testcase>
      <testcase name="test_omitted_keys_fall_back_to_authored_baseline_not_prior_event" assertions="3" status="pass" classname="tests/headless/test_rally_session.gd" time="0.003533" >
      </testcase>
  </testsuite>
  <testsuite name="tests/headless/test_region_library.gd" tests="10" failures="0" skipped="0" time="0.001755" >
      <testcase name="test_grouping_round_trip" assertions="3" status="pass" classname="tests/headless/test_region_library.gd" time="0.00035" >
      </testcase>
      <testcase name="test_is_final_only_last" assertions="2" status="pass" classname="tests/headless/test_region_library.gd" time="0.000124" >
      </testcase>
      <testcase name="test_first_region_always_unlocked" assertions="1" status="pass" classname="tests/headless/test_region_library.gd" time="0.000105" >
      </testcase>
      <testcase name="test_unlock_chain_from_prev_showdown" assertions="4" status="pass" classname="tests/headless/test_region_library.gd" time="0.000134" >
      </testcase>
      <testcase name="test_per_region_showdown_gate_is_independent" assertions="3" status="pass" classname="tests/headless/test_region_library.gd" time="0.00012" >
      </testcase>
      <testcase name="test_look_of_returns_only_present_overrides" assertions="3" status="pass" classname="tests/headless/test_region_library.gd" time="0.000215" >
      </testcase>
      <testcase name="test_look_of_surfaces_color_overrides" assertions="6" status="pass" classname="tests/headless/test_region_library.gd" time="0.000188" >
      </testcase>
      <testcase name="test_tree_mix_defaults_when_unauthored" assertions="1" status="pass" classname="tests/headless/test_region_library.gd" time="0.000292" >
      </testcase>
      <testcase name="test_tree_mix_returns_authored_split" assertions="2" status="pass" classname="tests/headless/test_region_library.gd" time="0.000134" >
      </testcase>
      <testcase name="test_spawns_bush_mesh_defaults_true_and_honours_override" assertions="2" status="pass" classname="tests/headless/test_region_library.gd" time="0.000093" >
      </testcase>
  </testsuite>
  <testsuite name="tests/headless/test_registry.gd" tests="3" failures="0" skipped="0" time="0.000632" >
      <testcase name="test_index_of_finds_position_and_reports_missing" assertions="2" status="pass" classname="tests/headless/test_registry.gd" time="0.000132" >
      </testcase>
      <testcase name="test_by_id_returns_entry_or_empty" assertions="2" status="pass" classname="tests/headless/test_registry.gd" time="0.000094" >
      </testcase>
      <testcase name="test_seam_defaults_to_shipped_then_overrides_then_resets" assertions="4" status="pass" classname="tests/headless/test_registry.gd" time="0.000406" >
      </testcase>
  </testsuite>
  <testsuite name="tests/headless/test_render_smoke.gd" tests="20" failures="0" skipped="0" time="0.353039" >
      <testcase name="test_world_environment_present" assertions="2" status="pass" classname="tests/headless/test_render_smoke.gd" time="0.000219" >
      </testcase>
      <testcase name="test_environment_uses_skybox_with_demoted_fog" assertions="5" status="pass" classname="tests/headless/test_render_smoke.gd" time="0.000308" >
      </testcase>
      <testcase name="test_distant_terrain_backdrop_built" assertions="78" status="pass" classname="tests/headless/test_render_smoke.gd" time="0.000553" >
      </testcase>
      <testcase name="test_terrain_chunks_have_shader_materials" assertions="5" status="pass" classname="tests/headless/test_render_smoke.gd" time="0.000157" >
      </testcase>
      <testcase name="test_post_process_shader_wired" assertions="5" status="pass" classname="tests/headless/test_render_smoke.gd" time="0.000168" >
      </testcase>
      <testcase name="test_hq_hosts_the_same_post_process_pass" assertions="7" status="pass" classname="tests/headless/test_render_smoke.gd" time="0.242201" >
      </testcase>
      <testcase name="test_post_process_mirror_camera_syncs" assertions="3" status="pass" classname="tests/headless/test_render_smoke.gd" time="0.099221" >
      </testcase>
      <testcase name="test_speed_lines_overlay_wired" assertions="7" status="pass" classname="tests/headless/test_render_smoke.gd" time="0.000277" >
      </testcase>
      <testcase name="test_speed_lines_shader_radial_edge_effect" assertions="2" status="pass" classname="tests/headless/test_render_smoke.gd" time="0.00052" >
      </testcase>
      <testcase name="test_post_process_grades_before_quantising" assertions="11" status="pass" classname="tests/headless/test_render_smoke.gd" time="0.000482" >
      </testcase>
      <testcase name="test_shader_sources_load" assertions="6" status="pass" classname="tests/headless/test_render_smoke.gd" time="0.000181" >
      </testcase>
      <testcase name="test_scene_renders_a_few_frames_without_errors" assertions="2" status="pass" classname="tests/headless/test_render_smoke.gd" time="0.005451" >
      </testcase>
      <testcase name="test_models_shader_uses_vertex_color" assertions="1" status="pass" classname="tests/headless/test_render_smoke.gd" time="0.000376" >
      </testcase>
      <testcase name="test_models_shader_blends_to_road_texture" assertions="2" status="pass" classname="tests/headless/test_render_smoke.gd" time="0.00015" >
      </testcase>
      <testcase name="test_lit_car_shader_has_fake_lighting" assertions="3" status="pass" classname="tests/headless/test_render_smoke.gd" time="0.000356" >
      </testcase>
      <testcase name="test_terrain_shader_has_no_vertex_stage" assertions="2" status="pass" classname="tests/headless/test_render_smoke.gd" time="0.000118" >
      </testcase>
      <testcase name="test_car_meshes_are_lit_but_terrain_is_flat" assertions="5" status="pass" classname="tests/headless/test_render_smoke.gd" time="0.000167" >
      </testcase>
      <testcase name="test_terrain_material_enables_road_blend_with_gravel" assertions="4" status="pass" classname="tests/headless/test_render_smoke.gd" time="0.000105" >
      </testcase>
      <testcase name="test_all_shaders_sample_textures_with_nearest_filter" assertions="18" status="pass" classname="tests/headless/test_render_smoke.gd" time="0.001925" >
      </testcase>
      <testcase name="test_canvas_default_texture_filter_is_nearest" assertions="1" status="pass" classname="tests/headless/test_render_smoke.gd" time="0.000104" >
      </testcase>
  </testsuite>
  <testsuite name="tests/headless/test_repair_reveal.gd" tests="3" failures="0" skipped="0" time="0.002567" >
      <testcase name="test_continue_dismisses_and_emits_finished" assertions="1" status="pass" classname="tests/headless/test_repair_reveal.gd" time="0.001553" >
      </testcase>
      <testcase name="test_continue_is_keyboard_gamepad_focusable" assertions="2" status="pass" classname="tests/headless/test_repair_reveal.gd" time="0.000916" >
      </testcase>
      <testcase name="test_worth_showing_needs_at_least_the_min_health_gain" assertions="3" status="pass" classname="tests/headless/test_repair_reveal.gd" time="0.000098" >
      </testcase>
  </testsuite>
  <testsuite name="tests/headless/test_replay_camera.gd" tests="10" failures="0" skipped="0" time="0.001539" >
      <testcase name="test_camera_produces_finite_transform" assertions="2" status="pass" classname="tests/headless/test_replay_camera.gd" time="0.000181" >
      </testcase>
      <testcase name="test_wheel_cam_mounts_at_the_front_and_looks_forward" assertions="2" status="pass" classname="tests/headless/test_replay_camera.gd" time="0.000141" >
      </testcase>
      <testcase name="test_wheel_cam_clears_the_car_body_across_a_range_of_widths" assertions="10" status="pass" classname="tests/headless/test_replay_camera.gd" time="0.000235" >
      </testcase>
      <testcase name="test_shot_cycles_after_dwell" assertions="1" status="pass" classname="tests/headless/test_replay_camera.gd" time="0.00014" >
      </testcase>
      <testcase name="test_roadside_camera_stays_planted_while_car_approaches" assertions="3" status="pass" classname="tests/headless/test_replay_camera.gd" time="0.000151" >
      </testcase>
      <testcase name="test_roadside_camera_replants_after_car_passes" assertions="2" status="pass" classname="tests/headless/test_replay_camera.gd" time="0.000115" >
      </testcase>
      <testcase name="test_roadside_hands_back_to_rotation_after_enough_plants" assertions="1" status="pass" classname="tests/headless/test_replay_camera.gd" time="0.000138" >
      </testcase>
      <testcase name="test_roadside_camera_on_a_cliff_seats_at_the_terrain_top" assertions="1" status="pass" classname="tests/headless/test_replay_camera.gd" time="0.000149" >
      </testcase>
      <testcase name="test_roadside_camera_in_a_pit_is_clamped_up_to_track_height" assertions="2" status="pass" classname="tests/headless/test_replay_camera.gd" time="0.000146" >
      </testcase>
      <testcase name="test_roadside_camera_is_forced_above_the_water_surface" assertions="2" status="pass" classname="tests/headless/test_replay_camera.gd" time="0.000143" >
      </testcase>
  </testsuite>
  <testsuite name="tests/headless/test_replay_playback.gd" tests="7" failures="0" skipped="0" time="0.807675" >
      <testcase name="test_drivetrain_replay_omega_overrides_live" assertions="2" status="pass" classname="tests/headless/test_replay_playback.gd" time="0.047987" >
      </testcase>
      <testcase name="test_replay_follows_recorded_line_and_reports_recorded_velocity" assertions="5" status="pass" classname="tests/headless/test_replay_playback.gd" time="0.125621" >
      </testcase>
      <testcase name="test_replay_loops_at_end" assertions="1" status="pass" classname="tests/headless/test_replay_playback.gd" time="0.146066" >
      </testcase>
      <testcase name="test_replay_ghost_takes_no_damage_and_never_wrecks" assertions="2" status="pass" classname="tests/headless/test_replay_playback.gd" time="0.137126" >
      </testcase>
      <testcase name="test_replay_sets_and_restores_process_priority" assertions="2" status="pass" classname="tests/headless/test_replay_playback.gd" time="0.104487" >
      </testcase>
      <testcase name="test_process_readers_see_the_replay_car_move" assertions="2" status="pass" classname="tests/headless/test_replay_playback.gd" time="0.126171" >
      </testcase>
      <testcase name="test_replay_spins_the_wheels" assertions="1" status="pass" classname="tests/headless/test_replay_playback.gd" time="0.120217" >
      </testcase>
  </testsuite>
  <testsuite name="tests/headless/test_replay_recorder.gd" tests="4" failures="0" skipped="0" time="0.222106" >
      <testcase name="test_records_frames_while_running" assertions="3" status="pass" classname="tests/headless/test_replay_recorder.gd" time="0.063797" >
      </testcase>
      <testcase name="test_timestamps_are_monotonic" assertions="20" status="pass" classname="tests/headless/test_replay_recorder.gd" time="0.064198" >
      </testcase>
      <testcase name="test_sample_interpolates_between_frames" assertions="1" status="pass" classname="tests/headless/test_replay_recorder.gd" time="0.046514" >
      </testcase>
      <testcase name="test_empty_recording_is_noop" assertions="2" status="pass" classname="tests/headless/test_replay_recorder.gd" time="0.047597" >
      </testcase>
  </testsuite>
  <testsuite name="tests/headless/test_replay_standings.gd" tests="5" failures="0" skipped="0" time="0.005872" >
      <testcase name="test_overlay_background_is_transparent" assertions="2" status="pass" classname="tests/headless/test_replay_standings.gd" time="0.001216" >
      </testcase>
      <testcase name="test_toggle_hides_panel_and_keeps_a_focusable_control" assertions="3" status="pass" classname="tests/headless/test_replay_standings.gd" time="0.002092" >
      </testcase>
      <testcase name="test_toggle_emits_hidden_changed" assertions="1" status="pass" classname="tests/headless/test_replay_standings.gd" time="0.001488" >
      </testcase>
      <testcase name="test_non_overlay_mode_is_unaffected" assertions="3" status="pass" classname="tests/headless/test_replay_standings.gd" time="0.0008" >
      </testcase>
      <testcase name="test_session_skips_scene_change_when_host_overlays" assertions="1" status="pass" classname="tests/headless/test_replay_standings.gd" time="0.000276" >
      </testcase>
  </testsuite>
  <testsuite name="tests/headless/test_rest_pose.gd" tests="11" failures="0" skipped="0" time="1.906217" >
      <testcase name="test_analytic_height_matches_the_real_settle_across_configs" assertions="4" status="pass" classname="tests/headless/test_rest_pose.gd" time="0.52514" >
      </testcase>
      <testcase name="test_frozen_prop_wheel_visuals_match_the_live_settle" assertions="3" status="pass" classname="tests/headless/test_rest_pose.gd" time="0.630045" >
      </testcase>
      <testcase name="test_rest_height_is_independent_of_mass" assertions="1" status="pass" classname="tests/headless/test_rest_pose.gd" time="0.265772" >
      </testcase>
      <testcase name="test_settle_wheels_to_ground_places_tyre_on_plane" assertions="8" status="pass" classname="tests/headless/test_rest_pose.gd" time="0.077523" >
      </testcase>
      <testcase name="test_settle_wheels_to_ground_droop_monotonic_and_capped" assertions="13" status="pass" classname="tests/headless/test_rest_pose.gd" time="0.079022" >
      </testcase>
      <testcase name="test_settle_wheels_to_ground_tracks_per_wheel" assertions="2" status="pass" classname="tests/headless/test_rest_pose.gd" time="0.081259" >
      </testcase>
      <testcase name="test_settle_wheels_to_ground_is_stable_across_calls" assertions="4" status="pass" classname="tests/headless/test_rest_pose.gd" time="0.084124" >
      </testcase>
      <testcase name="test_ground_raycast_seats_on_floor_collider" assertions="4" status="pass" classname="tests/headless/test_rest_pose.gd" time="0.080738" >
      </testcase>
      <testcase name="test_ground_raycast_miss_keeps_analytic_droop" assertions="4" status="pass" classname="tests/headless/test_rest_pose.gd" time="0.079474" >
      </testcase>
      <testcase name="test_compression_budget_shrinks_with_stiffness" assertions="1" status="pass" classname="tests/headless/test_rest_pose.gd" time="0.000318" >
      </testcase>
      <testcase name="test_compression_budget_reduced_by_short_rear_travel" assertions="1" status="pass" classname="tests/headless/test_rest_pose.gd" time="0.002802" >
      </testcase>
  </testsuite>
  <testsuite name="tests/headless/test_retune.gd" tests="8" failures="0" skipped="0" time="14.898656" >
      <testcase name="test_retune_applies_the_changed_tuning_to_the_live_config" assertions="2" status="pass" classname="tests/headless/test_retune.gd" time="1.152947" >
      </testcase>
      <testcase name="test_retune_is_idempotent_and_does_not_compound" assertions="1" status="pass" classname="tests/headless/test_retune.gd" time="1.118174" >
      </testcase>
      <testcase name="test_refit_then_retune_matches_a_fresh_field_no_compounding" assertions="1" status="pass" classname="tests/headless/test_retune.gd" time="2.277472" >
      </testcase>
      <testcase name="test_refit_then_retune_grip_matches_a_fresh_field" assertions="2" status="pass" classname="tests/headless/test_retune.gd" time="2.291915" >
      </testcase>
      <testcase name="test_refit_then_retune_aero_downforce_matches_a_fresh_field" assertions="2" status="pass" classname="tests/headless/test_retune.gd" time="2.276754" >
      </testcase>
      <testcase name="test_retune_then_refit_matches_a_fresh_field" assertions="1" status="pass" classname="tests/headless/test_retune.gd" time="2.277876" >
      </testcase>
      <testcase name="test_repeated_refit_does_not_drift" assertions="3" status="pass" classname="tests/headless/test_retune.gd" time="2.409544" >
      </testcase>
      <testcase name="test_retune_does_not_reshape_or_reset_the_body" assertions="6" status="pass" classname="tests/headless/test_retune.gd" time="1.093974" >
      </testcase>
  </testsuite>
  <testsuite name="tests/headless/test_reward_system.gd" tests="15" failures="0" skipped="0" time="0.020117" >
      <testcase name="test_free_parts_are_never_drawn_as_a_reward" assertions="9" status="pass" classname="tests/headless/test_reward_system.gd" time="0.000219" >
      </testcase>
      <testcase name="test_tier_ceiling_is_monotonic_and_clamped" assertions="60" status="pass" classname="tests/headless/test_reward_system.gd" time="0.000359" >
      </testcase>
      <testcase name="test_target_tier_never_exceeds_ceiling" assertions="1" status="pass" classname="tests/headless/test_reward_system.gd" time="0.000128" >
      </testcase>
      <testcase name="test_draw_upgrade_returns_parts_at_target_tier_with_rare_consumables" assertions="579" status="pass" classname="tests/headless/test_reward_system.gd" time="0.004908" >
      </testcase>
      <testcase name="test_draw_upgrade_can_award_an_engine_swap_token" assertions="1" status="pass" classname="tests/headless/test_reward_system.gd" time="0.002246" >
      </testcase>
      <testcase name="test_draw_upgrade_never_awards_a_part_the_driven_car_has" assertions="200" status="pass" classname="tests/headless/test_reward_system.gd" time="0.005663" >
      </testcase>
      <testcase name="test_draw_upgrade_falls_back_to_consumables_when_car_has_everything" assertions="20" status="pass" classname="tests/headless/test_reward_system.gd" time="0.000336" >
      </testcase>
      <testcase name="test_engine_swap_token_is_a_real_consumable" assertions="3" status="pass" classname="tests/headless/test_reward_system.gd" time="0.000151" >
      </testcase>
      <testcase name="test_draw_car_clamped_by_progress_ceiling" assertions="80" status="pass" classname="tests/headless/test_reward_system.gd" time="0.001422" >
      </testcase>
      <testcase name="test_draw_car_difficulty_caps_below_progress_ceiling" assertions="81" status="pass" classname="tests/headless/test_reward_system.gd" time="0.001422" >
      </testcase>
      <testcase name="test_draw_car_prefers_unowned" assertions="30" status="pass" classname="tests/headless/test_reward_system.gd" time="0.001403" >
      </testcase>
      <testcase name="test_draw_car_grants_duplicate_when_everything_owned" assertions="1" status="pass" classname="tests/headless/test_reward_system.gd" time="0.000254" >
      </testcase>
      <testcase name="test_draw_car_always_grants_even_with_everything_completed" assertions="2" status="pass" classname="tests/headless/test_reward_system.gd" time="0.000157" >
      </testcase>
      <testcase name="test_draw_car_unlocks_locked_rally_when_stuck" assertions="41" status="pass" classname="tests/headless/test_reward_system.gd" time="0.001297" >
      </testcase>
      <testcase name="test_draw_excludes_a_locked_regions_showdown" assertions="1" status="pass" classname="tests/headless/test_reward_system.gd" time="0.000152" >
      </testcase>
  </testsuite>
  <testsuite name="tests/headless/test_road_markings.gd" tests="6" failures="0" skipped="0" time="0.012639" >
      <testcase name="test_paints_lines_on_tarmac" assertions="1" status="pass" classname="tests/headless/test_road_markings.gd" time="0.002584" >
      </testcase>
      <testcase name="test_no_paint_on_gravel" assertions="1" status="pass" classname="tests/headless/test_road_markings.gd" time="0.000923" >
      </testcase>
      <testcase name="test_disabled_paints_nothing" assertions="1" status="pass" classname="tests/headless/test_road_markings.gd" time="0.000139" >
      </testcase>
      <testcase name="test_edge_lines_sit_inside_the_road_edges" assertions="2" status="pass" classname="tests/headless/test_road_markings.gd" time="0.002451" >
      </testcase>
      <testcase name="test_paint_only_on_the_tarmac_stretch" assertions="2" status="pass" classname="tests/headless/test_road_markings.gd" time="0.00216" >
      </testcase>
      <testcase name="test_dashed_centre_line_leaves_gaps" assertions="1" status="pass" classname="tests/headless/test_road_markings.gd" time="0.004382" >
      </testcase>
  </testsuite>
  <testsuite name="tests/headless/test_save_manager.gd" tests="49" failures="0" skipped="0" time="0.016805" >
      <testcase name="test_dev_three_star_all_rallies_completes_everything_and_unlocks_regions" assertions="28" status="pass" classname="tests/headless/test_save_manager.gd" time="0.000589" >
      </testcase>
      <testcase name="test_default_profile_is_empty_and_valid" assertions="4" status="pass" classname="tests/headless/test_save_manager.gd" time="0.000266" >
      </testcase>
      <testcase name="test_round_trip_survives_save_and_reload" assertions="7" status="pass" classname="tests/headless/test_save_manager.gd" time="0.000983" >
      </testcase>
      <testcase name="test_instance_ids_are_unique_per_grant" assertions="2" status="pass" classname="tests/headless/test_save_manager.gd" time="0.000265" >
      </testcase>
      <testcase name="test_grant_car_seeds_hp_from_library_max" assertions="1" status="pass" classname="tests/headless/test_save_manager.gd" time="0.000234" >
      </testcase>
      <testcase name="test_complete_rally_is_idempotent_and_keeps_best_time" assertions="2" status="pass" classname="tests/headless/test_save_manager.gd" time="0.000252" >
      </testcase>
      <testcase name="test_wreck_keeps_car_at_zero_hp_with_upgrades" assertions="5" status="pass" classname="tests/headless/test_save_manager.gd" time="0.000268" >
      </testcase>
      <testcase name="test_install_disables_same_slot_incumbent" assertions="5" status="pass" classname="tests/headless/test_save_manager.gd" time="0.000235" >
      </testcase>
      <testcase name="test_install_disabled_parks_the_part_without_enabling" assertions="5" status="pass" classname="tests/headless/test_save_manager.gd" time="0.000231" >
      </testcase>
      <testcase name="test_install_rejects_a_part_already_on_the_car" assertions="3" status="pass" classname="tests/headless/test_save_manager.gd" time="0.00024" >
      </testcase>
      <testcase name="test_same_part_fits_on_two_different_cars_independently" assertions="4" status="pass" classname="tests/headless/test_save_manager.gd" time="0.000232" >
      </testcase>
      <testcase name="test_toggle_upgrade_enabled_is_exclusive_per_slot" assertions="7" status="pass" classname="tests/headless/test_save_manager.gd" time="0.000246" >
      </testcase>
      <testcase name="test_install_rejects_consumables_and_unknown_items" assertions="3" status="pass" classname="tests/headless/test_save_manager.gd" time="0.000239" >
      </testcase>
      <testcase name="test_repair_kit_restores_to_full" assertions="4" status="pass" classname="tests/headless/test_save_manager.gd" time="0.000252" >
      </testcase>
      <testcase name="test_wheel_toe_persists_and_survives_reload" assertions="2" status="pass" classname="tests/headless/test_save_manager.gd" time="0.000877" >
      </testcase>
      <testcase name="test_repair_kit_straightens_wheels" assertions="2" status="pass" classname="tests/headless/test_save_manager.gd" time="0.000345" >
      </testcase>
      <testcase name="test_field_repair_restores_the_given_fraction_of_lost_hp" assertions="4" status="pass" classname="tests/headless/test_save_manager.gd" time="0.00026" >
      </testcase>
      <testcase name="test_field_repair_bends_each_wheel_back_toward_straight" assertions="4" status="pass" classname="tests/headless/test_save_manager.gd" time="0.000263" >
      </testcase>
      <testcase name="test_field_repair_skips_a_pristine_car" assertions="1" status="pass" classname="tests/headless/test_save_manager.gd" time="0.000224" >
      </testcase>
      <testcase name="test_field_repair_leaves_a_wrecked_car_wrecked" assertions="2" status="pass" classname="tests/headless/test_save_manager.gd" time="0.00024" >
      </testcase>
      <testcase name="test_sanitise_backfills_wheel_toe_on_old_saves" assertions="1" status="pass" classname="tests/headless/test_save_manager.gd" time="0.000327" >
      </testcase>
      <testcase name="test_sanitise_drops_parts_retired_from_the_catalogue" assertions="2" status="pass" classname="tests/headless/test_save_manager.gd" time="0.000495" >
      </testcase>
      <testcase name="test_repair_kit_revives_a_wrecked_car" assertions="5" status="pass" classname="tests/headless/test_save_manager.gd" time="0.000249" >
      </testcase>
      <testcase name="test_starter_wrecks_like_any_car" assertions="2" status="pass" classname="tests/headless/test_save_manager.gd" time="0.000239" >
      </testcase>
      <testcase name="test_safety_net_grants_kit_when_all_wrecked_and_none_held" assertions="5" status="pass" classname="tests/headless/test_save_manager.gd" time="0.000278" >
      </testcase>
      <testcase name="test_safety_net_no_op_when_a_car_is_healthy" assertions="2" status="pass" classname="tests/headless/test_save_manager.gd" time="0.00025" >
      </testcase>
      <testcase name="test_safety_net_no_op_with_no_cars" assertions="2" status="pass" classname="tests/headless/test_save_manager.gd" time="0.000228" >
      </testcase>
      <testcase name="test_apply_damage_wrecks_mortal_car_at_zero" assertions="2" status="pass" classname="tests/headless/test_save_manager.gd" time="0.000259" >
      </testcase>
      <testcase name="test_consume_item_respects_counts" assertions="4" status="pass" classname="tests/headless/test_save_manager.gd" time="0.000247" >
      </testcase>
      <testcase name="test_migration_refuses_newer_version" assertions="1" status="pass" classname="tests/headless/test_save_manager.gd" time="0.00021" >
      </testcase>
      <testcase name="test_migration_v1_strips_unbound_slottable_parts_keeps_repair_kits" assertions="4" status="pass" classname="tests/headless/test_save_manager.gd" time="0.000253" >
      </testcase>
      <testcase name="test_migration_backfills_missing_keys" assertions="3" status="pass" classname="tests/headless/test_save_manager.gd" time="0.000221" >
      </testcase>
      <testcase name="test_settings_get_set_round_trip" assertions="3" status="pass" classname="tests/headless/test_save_manager.gd" time="0.000731" >
      </testcase>
      <testcase name="test_corrupt_json_falls_back_to_default" assertions="2" status="pass" classname="tests/headless/test_save_manager.gd" time="0.000469" >
      </testcase>
      <testcase name="test_corrupt_primary_falls_back_to_bak" assertions="1" status="pass" classname="tests/headless/test_save_manager.gd" time="0.000636" >
      </testcase>
      <testcase name="test_unknown_model_id_dropped_on_load" assertions="2" status="pass" classname="tests/headless/test_save_manager.gd" time="0.000553" >
      </testcase>
      <testcase name="test_reset_new_game_overwrites_with_fresh_profile" assertions="2" status="pass" classname="tests/headless/test_save_manager.gd" time="0.000555" >
      </testcase>
      <testcase name="test_swap_engines_exchanges_current_engines" assertions="4" status="pass" classname="tests/headless/test_save_manager.gd" time="0.000295" >
      </testcase>
      <testcase name="test_swap_with_identical_engines_is_a_noop_and_keeps_token" assertions="2" status="pass" classname="tests/headless/test_save_manager.gd" time="0.000247" >
      </testcase>
      <testcase name="test_swapping_back_restores_stock_and_clears_field" assertions="3" status="pass" classname="tests/headless/test_save_manager.gd" time="0.000285" >
      </testcase>
      <testcase name="test_swap_blocked_without_a_token" assertions="3" status="pass" classname="tests/headless/test_save_manager.gd" time="0.000261" >
      </testcase>
      <testcase name="test_swap_succeeds_between_damaged_cars_with_a_token" assertions="2" status="pass" classname="tests/headless/test_save_manager.gd" time="0.000233" >
      </testcase>
      <testcase name="test_set_engine_detune_clamps_and_persists" assertions="3" status="pass" classname="tests/headless/test_save_manager.gd" time="0.000279" >
      </testcase>
      <testcase name="test_set_drivetrain_override_persists" assertions="2" status="pass" classname="tests/headless/test_save_manager.gd" time="0.000269" >
      </testcase>
      <testcase name="test_drivetrain_override_defaults_for_legacy_car" assertions="1" status="pass" classname="tests/headless/test_save_manager.gd" time="0.000252" >
      </testcase>
      <testcase name="test_selecting_a_car_promotes_it_to_front_and_shifts_others_down" assertions="1" status="pass" classname="tests/headless/test_save_manager.gd" time="0.000368" >
      </testcase>
      <testcase name="test_selecting_the_front_car_is_a_no_op" assertions="1" status="pass" classname="tests/headless/test_save_manager.gd" time="0.000366" >
      </testcase>
      <testcase name="test_selecting_an_unowned_id_does_not_corrupt_the_lineup" assertions="1" status="pass" classname="tests/headless/test_save_manager.gd" time="0.000313" >
      </testcase>
      <testcase name="test_promoted_order_survives_save_and_reload" assertions="1" status="pass" classname="tests/headless/test_save_manager.gd" time="0.000696" >
      </testcase>
  </testsuite>
  <testsuite name="tests/headless/test_save_web_lifecycle.gd" tests="4" failures="0" skipped="0" time="0.00149" >
      <testcase name="test_flush_and_sync_writes_immediately" assertions="3" status="pass" classname="tests/headless/test_save_web_lifecycle.gd" time="0.000621" >
      </testcase>
      <testcase name="test_close_notification_reaches_the_same_flush" assertions="2" status="pass" classname="tests/headless/test_save_web_lifecycle.gd" time="0.000558" >
      </testcase>
      <testcase name="test_flush_respects_disabled_storage" assertions="1" status="pass" classname="tests/headless/test_save_web_lifecycle.gd" time="0.00016" >
      </testcase>
      <testcase name="test_install_web_lifecycle_is_inert_off_web" assertions="3" status="pass" classname="tests/headless/test_save_web_lifecycle.gd" time="0.000151" >
      </testcase>
  </testsuite>
  <testsuite name="tests/headless/test_scatter_helpers.gd" tests="11" failures="0" skipped="0" time="0.001844" >
      <testcase name="test_hash01_in_unit_interval" assertions="98" status="pass" classname="tests/headless/test_scatter_helpers.gd" time="0.000604" >
      </testcase>
      <testcase name="test_hash01_deterministic" assertions="1" status="pass" classname="tests/headless/test_scatter_helpers.gd" time="0.000116" >
      </testcase>
      <testcase name="test_hash01_decorrelated_by_seed_and_salt" assertions="2" status="pass" classname="tests/headless/test_scatter_helpers.gd" time="0.000126" >
      </testcase>
      <testcase name="test_cell_of_maps_to_rasterisation_grid" assertions="1" status="pass" classname="tests/headless/test_scatter_helpers.gd" time="0.000116" >
      </testcase>
      <testcase name="test_on_road_only_when_cell_present" assertions="2" status="pass" classname="tests/headless/test_scatter_helpers.gd" time="0.000093" >
      </testcase>
      <testcase name="test_cell_key_floors" assertions="1" status="pass" classname="tests/headless/test_scatter_helpers.gd" time="0.000112" >
      </testcase>
      <testcase name="test_of_points_buckets_by_value" assertions="3" status="pass" classname="tests/headless/test_scatter_helpers.gd" time="0.000127" >
      </testcase>
      <testcase name="test_of_indices_buckets_by_index" assertions="2" status="pass" classname="tests/headless/test_scatter_helpers.gd" time="0.00024" >
      </testcase>
      <testcase name="test_builders_empty_for_nonpositive_cell" assertions="2" status="pass" classname="tests/headless/test_scatter_helpers.gd" time="0.000122" >
      </testcase>
      <testcase name="test_near_point_within_radius" assertions="2" status="pass" classname="tests/headless/test_scatter_helpers.gd" time="0.000098" >
      </testcase>
      <testcase name="test_near_point_false_on_empty_or_zero" assertions="2" status="pass" classname="tests/headless/test_scatter_helpers.gd" time="0.00009" >
      </testcase>
  </testsuite>
  <testsuite name="tests/headless/test_seedlab.gd" tests="10" failures="0" skipped="0" time="1.662772" >
      <testcase name="test_seedlab_reachable_and_renders" assertions="2" status="pass" classname="tests/headless/test_seedlab.gd" time="0.147342" >
      </testcase>
      <testcase name="test_seedlab_is_navigable" assertions="1" status="pass" classname="tests/headless/test_seedlab.gd" time="0.145559" >
      </testcase>
      <testcase name="test_seedlab_leftright_contained_on_fields" assertions="8" status="pass" classname="tests/headless/test_seedlab.gd" time="0.102523" >
      </testcase>
      <testcase name="test_seedlab_leftright_walks_button_row" assertions="14" status="pass" classname="tests/headless/test_seedlab.gd" time="0.100859" >
      </testcase>
      <testcase name="test_load_event_copies_terrain" assertions="4" status="pass" classname="tests/headless/test_seedlab.gd" time="0.187743" >
      </testcase>
      <testcase name="test_event_picker_remembers_focus" assertions="2" status="pass" classname="tests/headless/test_seedlab.gd" time="0.264302" >
      </testcase>
      <testcase name="test_loaded_event_matches_career_cache_key" assertions="1" status="pass" classname="tests/headless/test_seedlab.gd" time="0.19755" >
      </testcase>
      <testcase name="test_terrain_editor_opens_and_is_navigable" assertions="2" status="pass" classname="tests/headless/test_seedlab.gd" time="0.148256" >
      </testcase>
      <testcase name="test_event_picker_opens_and_is_navigable" assertions="2" status="pass" classname="tests/headless/test_seedlab.gd" time="0.149618" >
      </testcase>
      <testcase name="test_load_event_copies_into_inputs" assertions="4" status="pass" classname="tests/headless/test_seedlab.gd" time="0.21902" >
      </testcase>
  </testsuite>
  <testsuite name="tests/headless/test_settings_menu.gd" tests="4" failures="0" skipped="0" time="0.126644" >
      <testcase name="test_fps_rows_match_options_and_default_unset" assertions="3" status="pass" classname="tests/headless/test_settings_menu.gd" time="0.032657" >
      </testcase>
      <testcase name="test_fps_row_press_persists_the_cap" assertions="5" status="pass" classname="tests/headless/test_settings_menu.gd" time="0.030579" >
      </testcase>
      <testcase name="test_complete_rally_button_absent_without_a_rally" assertions="2" status="pass" classname="tests/headless/test_settings_menu.gd" time="0.032212" >
      </testcase>
      <testcase name="test_complete_rally_button_wins_the_active_rally" assertions="7" status="pass" classname="tests/headless/test_settings_menu.gd" time="0.031196" >
      </testcase>
  </testsuite>
  <testsuite name="tests/headless/test_sign_field.gd" tests="6" failures="0" skipped="0" time="2.067973" >
      <testcase name="test_resting_signs_render_via_multimesh_not_nodes" assertions="11" status="pass" classname="tests/headless/test_sign_field.gd" time="0.351159" >
      </testcase>
      <testcase name="test_knocked_sign_swaps_to_real_panels" assertions="5" status="pass" classname="tests/headless/test_sign_field.gd" time="0.341529" >
      </testcase>
      <testcase name="test_wake_is_one_shot_per_sign" assertions="1" status="pass" classname="tests/headless/test_sign_field.gd" time="0.342986" >
      </testcase>
      <testcase name="test_reset_knocked_stands_a_knocked_sign_back_up" assertions="5" status="pass" classname="tests/headless/test_sign_field.gd" time="0.345426" >
      </testcase>
      <testcase name="test_reset_leaves_standing_signs_untouched" assertions="2" status="pass" classname="tests/headless/test_sign_field.gd" time="0.342845" >
      </testcase>
      <testcase name="test_a_reset_sign_can_be_knocked_again" assertions="2" status="pass" classname="tests/headless/test_sign_field.gd" time="0.344028" >
      </testcase>
  </testsuite>
  <testsuite name="tests/headless/test_sign_layout.gd" tests="7" failures="0" skipped="0" time="0.095734" >
      <testcase name="test_only_turn_signs_are_planted" assertions="5" status="pass" classname="tests/headless/test_sign_layout.gd" time="0.018051" >
      </testcase>
      <testcase name="test_turn_signs_only_for_sharp_corners_with_correct_keys" assertions="26" status="pass" classname="tests/headless/test_sign_layout.gd" time="0.018712" >
      </testcase>
      <testcase name="test_arrow_key_maps_shape_and_direction" assertions="6" status="pass" classname="tests/headless/test_sign_layout.gd" time="0.000237" >
      </testcase>
      <testcase name="test_gentle_corners_5_and_6_are_unsigned" assertions="2" status="pass" classname="tests/headless/test_sign_layout.gd" time="0.000087" >
      </testcase>
      <testcase name="test_tangents_are_unit_length" assertions="14" status="pass" classname="tests/headless/test_sign_layout.gd" time="0.019028" >
      </testcase>
      <testcase name="test_plan_is_deterministic" assertions="29" status="pass" classname="tests/headless/test_sign_layout.gd" time="0.021856" >
      </testcase>
      <testcase name="test_sector_offsets_helper_matches_boundaries" assertions="2" status="pass" classname="tests/headless/test_sign_layout.gd" time="0.017763" >
      </testcase>
  </testsuite>
  <testsuite name="tests/headless/test_smoke.gd" tests="41" failures="0" skipped="0" time="2.739938" >
      <testcase name="test_scene_instantiates" assertions="1" status="pass" classname="tests/headless/test_smoke.gd" time="0.000232" >
      </testcase>
      <testcase name="test_save_autoload_registered" assertions="3" status="pass" classname="tests/headless/test_smoke.gd" time="0.000198" >
      </testcase>
      <testcase name="test_music_director_autoload_is_registered" assertions="2" status="pass" classname="tests/headless/test_smoke.gd" time="0.000127" >
      </testcase>
      <testcase name="test_entering_a_rally_event_generates_its_track" assertions="2" status="pass" classname="tests/headless/test_smoke.gd" time="2.681946" >
      </testcase>
      <testcase name="test_spectator_groups_spawn_and_are_not_obstacles" assertions="5" status="pass" classname="tests/headless/test_smoke.gd" time="0.000475" >
      </testcase>
      <testcase name="test_car_is_vehicle_with_four_wheels" assertions="6" status="pass" classname="tests/headless/test_smoke.gd" time="0.000246" >
      </testcase>
      <testcase name="test_chase_camera_targets_car" assertions="2" status="pass" classname="tests/headless/test_smoke.gd" time="0.00024" >
      </testcase>
      <testcase name="test_chase_camera_sits_behind_direction_of_travel" assertions="2" status="pass" classname="tests/headless/test_smoke.gd" time="0.000193" >
      </testcase>
      <testcase name="test_chase_camera_orbit_eases_but_always_looks_at_car" assertions="6" status="pass" classname="tests/headless/test_smoke.gd" time="0.001299" >
      </testcase>
      <testcase name="test_post_process_present" assertions="6" status="pass" classname="tests/headless/test_smoke.gd" time="0.00018" >
      </testcase>
      <testcase name="test_hud_speed_label_present" assertions="2" status="pass" classname="tests/headless/test_smoke.gd" time="0.000126" >
      </testcase>
      <testcase name="test_stage_flow_wired" assertions="4" status="pass" classname="tests/headless/test_smoke.gd" time="0.000138" >
      </testcase>
      <testcase name="test_environment_has_fog_and_no_lights" assertions="2" status="pass" classname="tests/headless/test_smoke.gd" time="0.000154" >
      </testcase>
      <testcase name="test_floor_is_terrain_manager" assertions="3" status="pass" classname="tests/headless/test_smoke.gd" time="0.000153" >
      </testcase>
      <testcase name="test_shaders_load_with_code" assertions="8" status="pass" classname="tests/headless/test_smoke.gd" time="0.000168" >
      </testcase>
      <testcase name="test_car_is_instance_of_car_scene" assertions="1" status="pass" classname="tests/headless/test_smoke.gd" time="0.000125" >
      </testcase>
      <testcase name="test_flat_fixture_has_car_and_ground" assertions="2" status="pass" classname="tests/headless/test_smoke.gd" time="0.046763" >
      </testcase>
      <testcase name="test_input_actions_exist" assertions="10" status="pass" classname="tests/headless/test_smoke.gd" time="0.000213" >
      </testcase>
      <testcase name="test_gameplay_actions_have_joypad_bindings" assertions="10" status="pass" classname="tests/headless/test_smoke.gd" time="0.00016" >
      </testcase>
      <testcase name="test_bonnet_camera_parented_to_car_facing_forward" assertions="3" status="pass" classname="tests/headless/test_smoke.gd" time="0.000147" >
      </testcase>
      <testcase name="test_camera_manager_present_with_both_cameras" assertions="3" status="pass" classname="tests/headless/test_smoke.gd" time="0.000273" >
      </testcase>
      <testcase name="test_car_has_engine_audio_player" assertions="2" status="pass" classname="tests/headless/test_smoke.gd" time="0.000261" >
      </testcase>
      <testcase name="test_billboard_field_builds_instances_and_collision" assertions="9" status="pass" classname="tests/headless/test_smoke.gd" time="0.001012" >
      </testcase>
      <testcase name="test_billboard_field_opaque_mesh_path_uses_silhouette_and_opaque_shader" assertions="9" status="pass" classname="tests/headless/test_smoke.gd" time="0.000373" >
      </testcase>
      <testcase name="test_billboard_field_knock_down_fells_once_and_keeps_shapes" assertions="7" status="pass" classname="tests/headless/test_smoke.gd" time="0.000254" >
      </testcase>
      <testcase name="test_billboard_field_reset_fallen_stands_trees_back_up" assertions="7" status="pass" classname="tests/headless/test_smoke.gd" time="0.000233" >
      </testcase>
      <testcase name="test_billboard_field_knock_down_safe_without_collision_or_quad_path" assertions="2" status="pass" classname="tests/headless/test_smoke.gd" time="0.000202" >
      </testcase>
      <testcase name="test_opaque_billboard_size_jitter_scales_within_range_deterministically" assertions="7" status="pass" classname="tests/headless/test_smoke.gd" time="0.000259" >
      </testcase>
      <testcase name="test_opaque_billboard_aspect_jitter_stretches_x_and_y_independently" assertions="14" status="pass" classname="tests/headless/test_smoke.gd" time="0.000294" >
      </testcase>
      <testcase name="test_world_uses_tree_mesh_field_for_trees_and_bushes" assertions="6" status="pass" classname="tests/headless/test_smoke.gd" time="0.000133" >
      </testcase>
      <testcase name="test_billboard_field_without_collision_has_no_body" assertions="3" status="pass" classname="tests/headless/test_smoke.gd" time="0.000173" >
      </testcase>
      <testcase name="test_spawn_trees_billboard_texture_selects_region_billboard" assertions="1" status="pass" classname="tests/headless/test_smoke.gd" time="0.000142" >
      </testcase>
      <testcase name="test_tree_silhouette_mesh_caches_per_texture" assertions="4" status="pass" classname="tests/headless/test_smoke.gd" time="0.000219" >
      </testcase>
      <testcase name="test_tree_mesh_field_for_bushes_skips_collision_and_bakes_light" assertions="7" status="pass" classname="tests/headless/test_smoke.gd" time="0.000219" >
      </testcase>
      <testcase name="test_tree_mesh_field_xz_radius_scales_with_height" assertions="3" status="pass" classname="tests/headless/test_smoke.gd" time="0.000128" >
      </testcase>
      <testcase name="test_sign_field_builds_knockable_signs_at_road_height" assertions="14" status="pass" classname="tests/headless/test_smoke.gd" time="0.000474" >
      </testcase>
      <testcase name="test_sign_wakes_only_on_dynamic_non_self_contact" assertions="6" status="pass" classname="tests/headless/test_smoke.gd" time="0.000265" >
      </testcase>
      <testcase name="test_main_scene_generates_a_track" assertions="3" status="pass" classname="tests/headless/test_smoke.gd" time="0.001295" >
      </testcase>
      <testcase name="test_finish_arch_straddles_the_road_at_the_stage_end" assertions="8" status="pass" classname="tests/headless/test_smoke.gd" time="0.000182" >
      </testcase>
      <testcase name="test_start_arch_straddles_the_road_at_the_start_line" assertions="7" status="pass" classname="tests/headless/test_smoke.gd" time="0.00014" >
      </testcase>
      <testcase name="test_authored_wing_meshes_are_hidden_mesh_instances" assertions="6" status="pass" classname="tests/headless/test_smoke.gd" time="0.000124" >
      </testcase>
  </testsuite>
  <testsuite name="tests/headless/test_spectator_damage.gd" tests="6" failures="0" skipped="0" time="0.009879" >
      <testcase name="test_knocking_a_spectator_damages_the_car" assertions="4" status="pass" classname="tests/headless/test_spectator_damage.gd" time="0.001976" >
      </testcase>
      <testcase name="test_knock_reuses_a_prebuilt_body_instead_of_constructing_one" assertions="5" status="pass" classname="tests/headless/test_spectator_damage.gd" time="0.00176" >
      </testcase>
      <testcase name="test_a_pooled_body_is_inert_and_a_knocked_one_is_live" assertions="13" status="pass" classname="tests/headless/test_spectator_damage.gd" time="0.001908" >
      </testcase>
      <testcase name="test_knocked_body_starts_upright_not_mid_tumble" assertions="1" status="pass" classname="tests/headless/test_spectator_damage.gd" time="0.00145" >
      </testcase>
      <testcase name="test_a_retired_ragdoll_goes_back_to_the_pool_inert" assertions="9" status="pass" classname="tests/headless/test_spectator_damage.gd" time="0.001403" >
      </testcase>
      <testcase name="test_an_exhausted_pool_still_knocks_the_member_over" assertions="4" status="pass" classname="tests/headless/test_spectator_damage.gd" time="0.001382" >
      </testcase>
  </testsuite>
  <testsuite name="tests/headless/test_spectator_scatter.gd" tests="11" failures="0" skipped="0" time="0.272206" >
      <testcase name="test_mid_offset_within_fraction_band" assertions="20" status="pass" classname="tests/headless/test_spectator_scatter.gd" time="0.000283" >
      </testcase>
      <testcase name="test_mid_offset_deterministic" assertions="1" status="pass" classname="tests/headless/test_spectator_scatter.gd" time="0.000118" >
      </testcase>
      <testcase name="test_mid_offset_varies_with_seed" assertions="1" status="pass" classname="tests/headless/test_spectator_scatter.gd" time="0.000109" >
      </testcase>
      <testcase name="test_members_count_capped_and_nonempty" assertions="2" status="pass" classname="tests/headless/test_spectator_scatter.gd" time="0.03826" >
      </testcase>
      <testcase name="test_members_deterministic" assertions="1" status="pass" classname="tests/headless/test_spectator_scatter.gd" time="0.08035" >
      </testcase>
      <testcase name="test_members_within_band" assertions="160" status="pass" classname="tests/headless/test_spectator_scatter.gd" time="0.039278" >
      </testcase>
      <testcase name="test_members_span_both_sides_of_the_road" assertions="2" status="pass" classname="tests/headless/test_spectator_scatter.gd" time="0.039182" >
      </testcase>
      <testcase name="test_members_respect_separation" assertions="1771" status="pass" classname="tests/headless/test_spectator_scatter.gd" time="0.016319" >
      </testcase>
      <testcase name="test_members_avoid_the_road" assertions="81" status="pass" classname="tests/headless/test_spectator_scatter.gd" time="0.013732" >
      </testcase>
      <testcase name="test_members_avoid_trees" assertions="80" status="pass" classname="tests/headless/test_spectator_scatter.gd" time="0.044414" >
      </testcase>
      <testcase name="test_build_point_grid_buckets_points" assertions="2" status="pass" classname="tests/headless/test_spectator_scatter.gd" time="0.000161" >
      </testcase>
  </testsuite>
  <testsuite name="tests/headless/test_spectator_steering.gd" tests="31" failures="0" skipped="0" time="0.141646" >
      <testcase name="test_separation_pushes_away_from_a_close_neighbour" assertions="1" status="pass" classname="tests/headless/test_spectator_steering.gd" time="0.000106" >
      </testcase>
      <testcase name="test_separation_ignores_distant_and_knocked_neighbours" assertions="2" status="pass" classname="tests/headless/test_spectator_steering.gd" time="0.000129" >
      </testcase>
      <testcase name="test_binned_separation_matches_the_unbinned_scan" assertions="13" status="pass" classname="tests/headless/test_spectator_steering.gd" time="0.00021" >
      </testcase>
      <testcase name="test_separation_grid_skips_knocked_members" assertions="1" status="pass" classname="tests/headless/test_spectator_steering.gd" time="0.000106" >
      </testcase>
      <testcase name="test_flee_pushes_away_from_car_within_radius" assertions="1" status="pass" classname="tests/headless/test_spectator_steering.gd" time="0.000082" >
      </testcase>
      <testcase name="test_flee_is_zero_beyond_radius" assertions="1" status="pass" classname="tests/headless/test_spectator_steering.gd" time="0.000093" >
      </testcase>
      <testcase name="test_flee_is_stronger_closer" assertions="1" status="pass" classname="tests/headless/test_spectator_steering.gd" time="0.000076" >
      </testcase>
      <testcase name="test_road_force_pushes_off_the_carriageway" assertions="1" status="pass" classname="tests/headless/test_spectator_steering.gd" time="0.000102" >
      </testcase>
      <testcase name="test_road_force_zero_with_no_road_nearby" assertions="1" status="pass" classname="tests/headless/test_spectator_steering.gd" time="0.000093" >
      </testcase>
      <testcase name="test_road_force_is_graded_by_distance" assertions="3" status="pass" classname="tests/headless/test_spectator_steering.gd" time="0.000174" >
      </testcase>
      <testcase name="test_obstacle_force_pushes_away_from_a_tree" assertions="1" status="pass" classname="tests/headless/test_spectator_steering.gd" time="0.000087" >
      </testcase>
      <testcase name="test_anchor_pulls_toward_home" assertions="1" status="pass" classname="tests/headless/test_spectator_steering.gd" time="0.000076" >
      </testcase>
      <testcase name="test_anchor_dead_zone" assertions="1" status="pass" classname="tests/headless/test_spectator_steering.gd" time="0.000102" >
      </testcase>
      <testcase name="test_clamp_speed_caps_magnitude" assertions="1" status="pass" classname="tests/headless/test_spectator_steering.gd" time="0.000078" >
      </testcase>
      <testcase name="test_clamp_speed_leaves_slow_vectors" assertions="1" status="pass" classname="tests/headless/test_spectator_steering.gd" time="0.000089" >
      </testcase>
      <testcase name="test_combine_flees_car_before_avoiding_static_obstacles" assertions="2" status="pass" classname="tests/headless/test_spectator_steering.gd" time="0.000091" >
      </testcase>
      <testcase name="test_combine_blends_separation_with_flee_so_a_crowd_never_collapses" assertions="4" status="pass" classname="tests/headless/test_spectator_steering.gd" time="0.00009" >
      </testcase>
      <testcase name="test_combine_uses_avoidance_when_not_fleeing" assertions="1" status="pass" classname="tests/headless/test_spectator_steering.gd" time="0.000071" >
      </testcase>
      <testcase name="test_combine_partial_budget_blends_lower_priority" assertions="3" status="pass" classname="tests/headless/test_spectator_steering.gd" time="0.000083" >
      </testcase>
      <testcase name="test_roadside_crowd_settles_instead_of_jiggling" assertions="2" status="pass" classname="tests/headless/test_spectator_steering.gd" time="0.120638" >
      </testcase>
      <testcase name="test_cached_static_push_equals_the_live_probe" assertions="10" status="pass" classname="tests/headless/test_spectator_steering.gd" time="0.002326" >
      </testcase>
      <testcase name="test_static_push_is_reused_while_the_member_barely_moves" assertions="2" status="pass" classname="tests/headless/test_spectator_steering.gd" time="0.001719" >
      </testcase>
      <testcase name="test_static_push_re_probes_once_the_member_has_really_moved" assertions="4" status="pass" classname="tests/headless/test_spectator_steering.gd" time="0.00166" >
      </testcase>
      <testcase name="test_standing_crowd_probes_the_static_field_once_not_every_tick" assertions="2" status="pass" classname="tests/headless/test_spectator_steering.gd" time="0.004162" >
      </testcase>
      <testcase name="test_cached_push_still_moves_a_spectator_off_the_carriageway" assertions="2" status="pass" classname="tests/headless/test_spectator_steering.gd" time="0.0057" >
      </testcase>
      <testcase name="test_cached_push_leaves_neighbour_separation_intact" assertions="1" status="pass" classname="tests/headless/test_spectator_steering.gd" time="0.002967" >
      </testcase>
      <testcase name="test_ragdoll_centre_of_mass_is_mid_body" assertions="2" status="pass" classname="tests/headless/test_spectator_steering.gd" time="0.000108" >
      </testcase>
      <testcase name="test_ragdoll_mesh_feet_align_with_ground_for_any_foot_offset" assertions="4" status="pass" classname="tests/headless/test_spectator_steering.gd" time="0.00013" >
      </testcase>
      <testcase name="test_knock_launch_impulse_scales_with_car_speed" assertions="4" status="pass" classname="tests/headless/test_spectator_steering.gd" time="0.000096" >
      </testcase>
      <testcase name="test_knock_launch_floor_keeps_a_crawl_from_doing_nothing" assertions="2" status="pass" classname="tests/headless/test_spectator_steering.gd" time="0.000082" >
      </testcase>
      <testcase name="test_knock_spin_scale_tapers_to_zero_at_low_speed" assertions="3" status="pass" classname="tests/headless/test_spectator_steering.gd" time="0.00012" >
      </testcase>
  </testsuite>
  <testsuite name="tests/headless/test_speed_lines.gd" tests="8" failures="0" skipped="0" time="0.000989" >
      <testcase name="test_hidden_at_zero_intensity" assertions="1" status="pass" classname="tests/headless/test_speed_lines.gd" time="0.000165" >
      </testcase>
      <testcase name="test_visible_above_the_gate" assertions="2" status="pass" classname="tests/headless/test_speed_lines.gd" time="0.000132" >
      </testcase>
      <testcase name="test_hides_again_when_the_streaks_fade_out" assertions="2" status="pass" classname="tests/headless/test_speed_lines.gd" time="0.000119" >
      </testcase>
      <testcase name="test_unchanged_intensity_is_not_republished" assertions="2" status="pass" classname="tests/headless/test_speed_lines.gd" time="0.000129" >
      </testcase>
      <testcase name="test_implements_the_warm_up_contract" assertions="2" status="pass" classname="tests/headless/test_speed_lines.gd" time="0.00011" >
      </testcase>
      <testcase name="test_warm_up_draws_then_clears" assertions="3" status="pass" classname="tests/headless/test_speed_lines.gd" time="0.000117" >
      </testcase>
      <testcase name="test_warm_up_stays_visually_transparent" assertions="1" status="pass" classname="tests/headless/test_speed_lines.gd" time="0.000114" >
      </testcase>
      <testcase name="test_warm_up_is_inert_when_the_feature_is_off" assertions="2" status="pass" classname="tests/headless/test_speed_lines.gd" time="0.000103" >
      </testcase>
  </testsuite>
  <testsuite name="tests/headless/test_speed_steer_limit.gd" tests="8" failures="0" skipped="0" time="0.001343" >
      <testcase name="test_full_lock_at_standstill" assertions="2" status="pass" classname="tests/headless/test_speed_steer_limit.gd" time="0.000155" >
      </testcase>
      <testcase name="test_pins_to_optimum_angle_above_blend_end" assertions="3" status="pass" classname="tests/headless/test_speed_steer_limit.gd" time="0.000175" >
      </testcase>
      <testcase name="test_blends_between_full_lock_and_slip_cap" assertions="3" status="pass" classname="tests/headless/test_speed_steer_limit.gd" time="0.000161" >
      </testcase>
      <testcase name="test_looser_surface_allows_bigger_angle" assertions="1" status="pass" classname="tests/headless/test_speed_steer_limit.gd" time="0.000148" >
      </testcase>
      <testcase name="test_never_exceeds_mechanical_limit" assertions="3" status="pass" classname="tests/headless/test_speed_steer_limit.gd" time="0.000149" >
      </testcase>
      <testcase name="test_monotonically_non_increasing_with_speed" assertions="25" status="pass" classname="tests/headless/test_speed_steer_limit.gd" time="0.000222" >
      </testcase>
      <testcase name="test_authority_tracks_the_limit" assertions="3" status="pass" classname="tests/headless/test_speed_steer_limit.gd" time="0.000171" >
      </testcase>
      <testcase name="test_optimum_slip_angle_is_asin" assertions="3" status="pass" classname="tests/headless/test_speed_steer_limit.gd" time="0.000162" >
      </testcase>
  </testsuite>
  <testsuite name="tests/headless/test_stage_manager.gd" tests="24" failures="0" skipped="0" time="0.056806" >
      <testcase name="test_car_handbrake_held_during_countdown" assertions="6" status="pass" classname="tests/headless/test_stage_manager.gd" time="0.002633" >
      </testcase>
      <testcase name="test_countdown_unlocks_and_starts_timer" assertions="5" status="pass" classname="tests/headless/test_stage_manager.gd" time="0.002825" >
      </testcase>
      <testcase name="test_timer_accrues_only_while_running" assertions="3" status="pass" classname="tests/headless/test_stage_manager.gd" time="0.00237" >
      </testcase>
      <testcase name="test_go_flash_hides_after_a_moment" assertions="2" status="pass" classname="tests/headless/test_stage_manager.gd" time="0.00222" >
      </testcase>
      <testcase name="test_completion_freezes_relocks_and_defers_the_signal" assertions="9" status="pass" classname="tests/headless/test_stage_manager.gd" time="0.002284" >
      </testcase>
      <testcase name="test_reported_time_includes_the_cut_penalty" assertions="4" status="pass" classname="tests/headless/test_stage_manager.gd" time="0.002287" >
      </testcase>
      <testcase name="test_no_penalty_reports_clean_elapsed" assertions="1" status="pass" classname="tests/headless/test_stage_manager.gd" time="0.00231" >
      </testcase>
      <testcase name="test_finish_reached_fires_on_crossing_before_stage_completed" assertions="5" status="pass" classname="tests/headless/test_stage_manager.gd" time="0.00227" >
      </testcase>
      <testcase name="test_force_complete_also_fires_finish_reached" assertions="1" status="pass" classname="tests/headless/test_stage_manager.gd" time="0.00217" >
      </testcase>
      <testcase name="test_force_complete_shows_panel_and_defers_the_signal" assertions="6" status="pass" classname="tests/headless/test_stage_manager.gd" time="0.002271" >
      </testcase>
      <testcase name="test_proceed_is_a_noop_before_completion_and_idempotent_after" assertions="2" status="pass" classname="tests/headless/test_stage_manager.gd" time="0.002226" >
      </testcase>
      <testcase name="test_completion_uses_configured_percent" assertions="2" status="pass" classname="tests/headless/test_stage_manager.gd" time="0.002223" >
      </testcase>
      <testcase name="test_no_popup_without_splits" assertions="1" status="pass" classname="tests/headless/test_stage_manager.gd" time="0.002185" >
      </testcase>
      <testcase name="test_popup_fires_every_five_turns_with_ahead_delta" assertions="4" status="pass" classname="tests/headless/test_stage_manager.gd" time="0.002513" >
      </testcase>
      <testcase name="test_popup_behind_reads_positive" assertions="2" status="pass" classname="tests/headless/test_stage_manager.gd" time="0.002423" >
      </testcase>
      <testcase name="test_popup_interval_is_configurable" assertions="1" status="pass" classname="tests/headless/test_stage_manager.gd" time="0.002393" >
      </testcase>
      <testcase name="test_pacenote_strip_seeds_then_advances_with_progress" assertions="3" status="pass" classname="tests/headless/test_stage_manager.gd" time="0.002719" >
      </testcase>
      <testcase name="test_pacenotes_only_pulse_when_the_current_turn_changes" assertions="1" status="pass" classname="tests/headless/test_stage_manager.gd" time="0.0029" >
      </testcase>
      <testcase name="test_no_pacenotes_without_wiring" assertions="1" status="pass" classname="tests/headless/test_stage_manager.gd" time="0.002472" >
      </testcase>
      <testcase name="test_staged_setup_holds_in_staging" assertions="5" status="pass" classname="tests/headless/test_stage_manager.gd" time="0.002308" >
      </testcase>
      <testcase name="test_begin_countdown_leaves_staging" assertions="6" status="pass" classname="tests/headless/test_stage_manager.gd" time="0.002196" >
      </testcase>
      <testcase name="test_begin_countdown_is_noop_outside_staging" assertions="3" status="pass" classname="tests/headless/test_stage_manager.gd" time="0.002176" >
      </testcase>
      <testcase name="test_cut_flash_relayed_to_hud_only_while_running" assertions="2" status="pass" classname="tests/headless/test_stage_manager.gd" time="0.002301" >
      </testcase>
      <testcase name="test_main_scene_holds_car_at_boot" assertions="3" status="pass" classname="tests/headless/test_stage_manager.gd" time="0.002131" >
      </testcase>
  </testsuite>
  <testsuite name="tests/headless/test_star_row.gd" tests="3" failures="0" skipped="0" time="0.000435" >
      <testcase name="test_setup_lights_the_earned_count_and_sizes_to_fit" assertions="4" status="pass" classname="tests/headless/test_star_row.gd" time="0.000204" >
      </testcase>
      <testcase name="test_zero_stars_has_no_gap_padding" assertions="1" status="pass" classname="tests/headless/test_star_row.gd" time="0.000102" >
      </testcase>
      <testcase name="test_star_polygon_has_ten_alternating_vertices" assertions="3" status="pass" classname="tests/headless/test_star_row.gd" time="0.000129" >
      </testcase>
  </testsuite>
  <testsuite name="tests/headless/test_start_line.gd" tests="31" failures="0" skipped="0" time="9.690273" >
      <testcase name="test_three_opponents_line_up_ahead_none_behind" assertions="5" status="pass" classname="tests/headless/test_start_line.gd" time="0.351466" >
      </testcase>
      <testcase name="test_grid_cars_use_the_leaders_actual_cars" assertions="1" status="pass" classname="tests/headless/test_start_line.gd" time="0.321965" >
      </testcase>
      <testcase name="test_grid_cars_are_scripted_and_axis_locked" assertions="5" status="pass" classname="tests/headless/test_start_line.gd" time="0.31025" >
      </testcase>
      <testcase name="test_grid_spawn_does_not_clobber_the_players_config" assertions="2" status="pass" classname="tests/headless/test_start_line.gd" time="0.306866" >
      </testcase>
      <testcase name="test_player_is_staged_behind_the_grid_to_roll_up" assertions="4" status="pass" classname="tests/headless/test_start_line.gd" time="0.307103" >
      </testcase>
      <testcase name="test_start_line_cars_spawn_a_clearance_above_the_road" assertions="3" status="pass" classname="tests/headless/test_start_line.gd" time="0.307039" >
      </testcase>
      <testcase name="test_menu_hides_hud_and_takes_the_camera" assertions="3" status="pass" classname="tests/headless/test_start_line.gd" time="0.307966" >
      </testcase>
      <testcase name="test_start_overlay_uses_the_house_button_row_height" assertions="3" status="pass" classname="tests/headless/test_start_line.gd" time="0.307803" >
      </testcase>
      <testcase name="test_grab_start_focus_seats_the_cursor_on_start" assertions="2" status="pass" classname="tests/headless/test_start_line.gd" time="0.308471" >
      </testcase>
      <testcase name="test_launch_flies_the_camera_then_reveals_the_first_opponent" assertions="6" status="pass" classname="tests/headless/test_start_line.gd" time="0.349322" >
      </testcase>
      <testcase name="test_reveal_card_shows_the_current_front_opponents_name_and_time" assertions="4" status="pass" classname="tests/headless/test_start_line.gd" time="0.443977" >
      </testcase>
      <testcase name="test_reveal_card_shows_the_gap_to_the_fastest_rival" assertions="2" status="pass" classname="tests/headless/test_start_line.gd" time="0.313609" >
      </testcase>
      <testcase name="test_overall_rank_row_is_hidden_on_the_first_event" assertions="1" status="pass" classname="tests/headless/test_start_line.gd" time="0.307632" >
      </testcase>
      <testcase name="test_overall_rank_row_shows_the_championship_position" assertions="2" status="pass" classname="tests/headless/test_start_line.gd" time="0.3091" >
      </testcase>
      <testcase name="test_next_sends_the_front_car_off_and_advances_the_reveal" assertions="6" status="pass" classname="tests/headless/test_start_line.gd" time="0.319349" >
      </testcase>
      <testcase name="test_walks_through_all_three_opponents_then_fades_to_the_countdown" assertions="6" status="pass" classname="tests/headless/test_start_line.gd" time="0.309975" >
      </testcase>
      <testcase name="test_handoff_releases_the_player_to_normal_driving" assertions="3" status="pass" classname="tests/headless/test_start_line.gd" time="0.307608" >
      </testcase>
      <testcase name="test_reveal_hand_off_restores_the_selected_camera_not_always_chase" assertions="2" status="pass" classname="tests/headless/test_start_line.gd" time="0.311343" >
      </testcase>
      <testcase name="test_empty_leaders_skips_straight_to_the_fade" assertions="3" status="pass" classname="tests/headless/test_start_line.gd" time="0.004401" >
      </testcase>
      <testcase name="test_launch_is_idempotent" assertions="2" status="pass" classname="tests/headless/test_start_line.gd" time="0.307082" >
      </testcase>
      <testcase name="test_launch_is_gated_by_rally_eligibility" assertions="2" status="pass" classname="tests/headless/test_start_line.gd" time="0.3165" >
      </testcase>
      <testcase name="test_over_powered_car_gets_change_upgrades_prompt_on_start" assertions="4" status="pass" classname="tests/headless/test_start_line.gd" time="0.325459" >
      </testcase>
      <testcase name="test_launch_proceeds_when_the_car_is_eligible" assertions="1" status="pass" classname="tests/headless/test_start_line.gd" time="0.337294" >
      </testcase>
      <testcase name="test_under_band_car_cannot_start" assertions="2" status="pass" classname="tests/headless/test_start_line.gd" time="0.327676" >
      </testcase>
      <testcase name="test_start_overlay_has_focusable_tune_and_upgrades_buttons" assertions="2" status="pass" classname="tests/headless/test_start_line.gd" time="0.314297" >
      </testcase>
      <testcase name="test_tune_overlay_opens_and_back_returns_to_the_start_overlay" assertions="4" status="pass" classname="tests/headless/test_start_line.gd" time="0.329011" >
      </testcase>
      <testcase name="test_start_line_tune_uses_retune_and_preserves_the_staged_pose" assertions="3" status="pass" classname="tests/headless/test_start_line.gd" time="0.331376" >
      </testcase>
      <testcase name="test_upgrades_overlay_opens_and_back_returns_to_the_start_overlay" assertions="4" status="pass" classname="tests/headless/test_start_line.gd" time="0.332094" >
      </testcase>
      <testcase name="test_upgrade_changed_refits_the_live_car" assertions="1" status="pass" classname="tests/headless/test_start_line.gd" time="0.33035" >
      </testcase>
      <testcase name="test_grid_cars_are_not_force_muted" assertions="2" status="pass" classname="tests/headless/test_start_line.gd" time="0.321565" >
      </testcase>
      <testcase name="test_prune_silences_before_free" assertions="1" status="pass" classname="tests/headless/test_start_line.gd" time="0.312324" >
      </testcase>
  </testsuite>
  <testsuite name="tests/headless/test_terrain.gd" tests="27" failures="0" skipped="0" time="8.107684" >
      <testcase name="test_distant_terrain_tiles_cover_bounds_and_sink_below_noise" assertions="15" status="pass" classname="tests/headless/test_terrain.gd" time="0.001442" >
      </testcase>
      <testcase name="test_distant_terrain_is_static_after_build" assertions="4" status="pass" classname="tests/headless/test_terrain.gd" time="0.313516" >
      </testcase>
      <testcase name="test_height_at_is_deterministic_per_seed" assertions="5" status="pass" classname="tests/headless/test_terrain.gd" time="0.000443" >
      </testcase>
      <testcase name="test_doubling_amplitude_doubles_height" assertions="4" status="pass" classname="tests/headless/test_terrain.gd" time="0.000222" >
      </testcase>
      <testcase name="test_two_layers_sum_of_individual_layers" assertions="4" status="pass" classname="tests/headless/test_terrain.gd" time="0.000233" >
      </testcase>
      <testcase name="test_invalid_layers_are_skipped" assertions="4" status="pass" classname="tests/headless/test_terrain.gd" time="0.000206" >
      </testcase>
      <testcase name="test_ready_with_empty_layers_creates_defaults" assertions="7" status="pass" classname="tests/headless/test_terrain.gd" time="0.354573" >
      </testcase>
      <testcase name="test_chunk_coord_for_partitions_by_chunk_size" assertions="4" status="pass" classname="tests/headless/test_terrain.gd" time="0.00039" >
      </testcase>
      <testcase name="test_target_coords_is_full_ring" assertions="4" status="pass" classname="tests/headless/test_terrain.gd" time="0.000167" >
      </testcase>
      <testcase name="test_car_spawns_just_above_terrain" assertions="2" status="pass" classname="tests/headless/test_terrain.gd" time="5.126595" >
      </testcase>
      <testcase name="test_chunk_builds_mesh_and_collision" assertions="5" status="pass" classname="tests/headless/test_terrain.gd" time="0.311728" >
      </testcase>
      <testcase name="test_adjacent_chunks_agree_on_shared_edge" assertions="51" status="pass" classname="tests/headless/test_terrain.gd" time="0.003257" >
      </testcase>
      <testcase name="test_moving_focus_loads_and_unloads_chunks" assertions="5" status="pass" classname="tests/headless/test_terrain.gd" time="0.623995" >
      </testcase>
      <testcase name="test_compute_chunk_data_shapes_and_heights" assertions="8" status="pass" classname="tests/headless/test_terrain.gd" time="0.006706" >
      </testcase>
      <testcase name="test_vertex_colors_carry_road_weight_in_alpha" assertions="2604" status="pass" classname="tests/headless/test_terrain.gd" time="0.064591" >
      </testcase>
      <testcase name="test_terrain_bakes_static_lighting_into_vertex_colours" assertions="2604" status="pass" classname="tests/headless/test_terrain.gd" time="0.023338" >
      </testcase>
      <testcase name="test_baked_light_halo_matches_per_vertex_sampling" assertions="15" status="pass" classname="tests/headless/test_terrain.gd" time="0.006764" >
      </testcase>
      <testcase name="test_terrain_lighting_off_keeps_flat_tint" assertions="7803" status="pass" classname="tests/headless/test_terrain.gd" time="0.053046" >
      </testcase>
      <testcase name="test_defer_initial_build_skips_ring_until_called" assertions="2" status="pass" classname="tests/headless/test_terrain.gd" time="0.316308" >
      </testcase>
      <testcase name="test_smooth_ramp_is_one_inside_zero_outside_half_at_mid" assertions="3" status="pass" classname="tests/headless/test_terrain.gd" time="0.00031" >
      </testcase>
      <testcase name="test_bake_track_weights_inside_band_outside" assertions="7" status="pass" classname="tests/headless/test_terrain.gd" time="0.015805" >
      </testcase>
      <testcase name="test_bake_track_on_progress_reports_monotonic_without_changing_result" assertions="44" status="pass" classname="tests/headless/test_terrain.gd" time="0.090933" >
      </testcase>
      <testcase name="test_bake_track_carve_progress_spans_both_passes_when_cliffs_active" assertions="25" status="pass" classname="tests/headless/test_terrain.gd" time="0.061884" >
      </testcase>
      <testcase name="test_bake_track_surface_split_and_surface_at" assertions="8" status="pass" classname="tests/headless/test_terrain.gd" time="0.023448" >
      </testcase>
      <testcase name="test_compute_chunk_data_bakes_tarmac_into_uv2" assertions="3" status="pass" classname="tests/headless/test_terrain.gd" time="0.004938" >
      </testcase>
      <testcase name="test_compute_chunk_data_blends_road_height" assertions="3" status="pass" classname="tests/headless/test_terrain.gd" time="0.004735" >
      </testcase>
      <testcase name="test_set_track_bakes_fields_and_rebuilds_loaded_chunks" assertions="3" status="pass" classname="tests/headless/test_terrain.gd" time="0.698111" >
      </testcase>
  </testsuite>
  <testsuite name="tests/headless/test_terrain_cliffs.gd" tests="13" failures="0" skipped="0" time="2.172967" >
      <testcase name="test_disabled_bakes_no_offsets" assertions="1" status="pass" classname="tests/headless/test_terrain_cliffs.gd" time="0.081591" >
      </testcase>
      <testcase name="test_zero_amount_bakes_no_offsets" assertions="1" status="pass" classname="tests/headless/test_terrain_cliffs.gd" time="0.082519" >
      </testcase>
      <testcase name="test_zero_max_height_bakes_no_offsets" assertions="1" status="pass" classname="tests/headless/test_terrain_cliffs.gd" time="0.081892" >
      </testcase>
      <testcase name="test_offset_zero_across_road_and_transition_band" assertions="7410" status="pass" classname="tests/headless/test_terrain_cliffs.gd" time="0.251339" >
      </testcase>
      <testcase name="test_offset_antisymmetric_across_centerline" assertions="22" status="pass" classname="tests/headless/test_terrain_cliffs.gd" time="0.223085" >
      </testcase>
      <testcase name="test_offset_bounded_by_max_height" assertions="7410" status="pass" classname="tests/headless/test_terrain_cliffs.gd" time="0.244577" >
      </testcase>
      <testcase name="test_offset_fades_out_beyond_influence_radius" assertions="2" status="pass" classname="tests/headless/test_terrain_cliffs.gd" time="0.222225" >
      </testcase>
      <testcase name="test_determinism_same_seed_same_offsets" assertions="7373" status="pass" classname="tests/headless/test_terrain_cliffs.gd" time="0.508142" >
      </testcase>
      <testcase name="test_open_removes_thin_wall_keeps_wide" assertions="3" status="pass" classname="tests/headless/test_terrain_cliffs.gd" time="0.001502" >
      </testcase>
      <testcase name="test_open_preserves_sign_and_never_raises" assertions="502" status="pass" classname="tests/headless/test_terrain_cliffs.gd" time="0.004233" >
      </testcase>
      <testcase name="test_open_radius_zero_is_noop" assertions="1" status="pass" classname="tests/headless/test_terrain_cliffs.gd" time="0.000316" >
      </testcase>
      <testcase name="test_chunk_heights_include_cliff_offset" assertions="932" status="pass" classname="tests/headless/test_terrain_cliffs.gd" time="0.236186" >
      </testcase>
      <testcase name="test_cliff_seam_agrees_across_adjacent_chunks" assertions="51" status="pass" classname="tests/headless/test_terrain_cliffs.gd" time="0.23536" >
      </testcase>
  </testsuite>
  <testsuite name="tests/headless/test_terrain_lod.gd" tests="7" failures="0" skipped="0" time="0.049902" >
      <testcase name="test_coarse_level_is_exact_subsample" assertions="850" status="pass" classname="tests/headless/test_terrain_lod.gd" time="0.007764" >
      </testcase>
      <testcase name="test_skirt_hangs_below_and_adds_geometry" assertions="777" status="pass" classname="tests/headless/test_terrain_lod.gd" time="0.009038" >
      </testcase>
      <testcase name="test_build_all_one_mesh_per_level" assertions="11" status="pass" classname="tests/headless/test_terrain_lod.gd" time="0.006973" >
      </testcase>
      <testcase name="test_build_all_from_level_leaves_finer_levels_unbuilt" assertions="6" status="pass" classname="tests/headless/test_terrain_lod.gd" time="0.005576" >
      </testcase>
      <testcase name="test_encode_decode_lights_round_trips" assertions="15" status="pass" classname="tests/headless/test_terrain_lod.gd" time="0.00026" >
      </testcase>
      <testcase name="test_build_finest_reproduces_the_prebaked_level_zero" assertions="4" status="pass" classname="tests/headless/test_terrain_lod.gd" time="0.019722" >
      </testcase>
      <testcase name="test_build_finest_without_heights_is_loud" assertions="2" status="pass" classname="tests/headless/test_terrain_lod.gd" time="0.000569" >
      </testcase>
  </testsuite>
  <testsuite name="tests/headless/test_terrain_memory.gd" tests="21" failures="0" skipped="0" time="20.773472" >
      <testcase name="test_cache_drops_mesh_source_arrays_but_keeps_heights" assertions="7" status="pass" classname="tests/headless/test_terrain_memory.gd" time="0.971537" >
      </testcase>
      <testcase name="test_spawned_chunk_from_cache_still_has_correct_collision_and_height" assertions="4" status="pass" classname="tests/headless/test_terrain_memory.gd" time="0.985424" >
      </testcase>
      <testcase name="test_chunk_can_be_despawned_and_respawned_from_cache" assertions="3" status="pass" classname="tests/headless/test_terrain_memory.gd" time="0.995043" >
      </testcase>
      <testcase name="test_apply_data_without_meshes_or_source_arrays_errors_and_keeps_collision" assertions="2" status="pass" classname="tests/headless/test_terrain_memory.gd" time="0.969418" >
      </testcase>
      <testcase name="test_light_at_serves_baked_light_before_the_free" assertions="1" status="pass" classname="tests/headless/test_terrain_memory.gd" time="0.999567" >
      </testcase>
      <testcase name="test_freeing_lights_makes_a_later_light_at_loud" assertions="188" status="pass" classname="tests/headless/test_terrain_memory.gd" time="0.994614" >
      </testcase>
      <testcase name="test_surface_at_survives_the_bake_field_free" assertions="3" status="pass" classname="tests/headless/test_terrain_memory.gd" time="0.974066" >
      </testcase>
      <testcase name="test_bake_fields_freed_once_the_corridor_is_complete" assertions="5" status="pass" classname="tests/headless/test_terrain_memory.gd" time="0.965925" >
      </testcase>
      <testcase name="test_incomplete_corridor_keeps_the_bake_fields" assertions="2" status="pass" classname="tests/headless/test_terrain_memory.gd" time="0.111606" >
      </testcase>
      <testcase name="test_on_demand_rebuild_still_flattens_after_the_gate_fired" assertions="4" status="pass" classname="tests/headless/test_terrain_memory.gd" time="1.547025" >
      </testcase>
      <testcase name="test_lazily_built_finest_level_has_the_cached_geometry" assertions="4" status="pass" classname="tests/headless/test_terrain_memory.gd" time="1.044577" >
      </testcase>
      <testcase name="test_finest_level_rebuilds_identically_after_a_respawn" assertions="3" status="pass" classname="tests/headless/test_terrain_memory.gd" time="1.28753" >
      </testcase>
      <testcase name="test_finest_level_follows_the_detail_ring" assertions="3" status="pass" classname="tests/headless/test_terrain_memory.gd" time="1.126388" >
      </testcase>
      <testcase name="test_absent_finest_level_leaves_no_uncovered_near_band" assertions="98" status="pass" classname="tests/headless/test_terrain_memory.gd" time="1.078931" >
      </testcase>
      <testcase name="test_finest_level_still_builds_after_the_load_only_frees" assertions="3" status="pass" classname="tests/headless/test_terrain_memory.gd" time="1.04502" >
      </testcase>
      <testcase name="test_entering_chunks_queue_instead_of_building_all_at_once" assertions="52" status="pass" classname="tests/headless/test_terrain_memory.gd" time="1.065143" >
      </testcase>
      <testcase name="test_deferred_ring_is_not_built_by_process_before_build_initial" assertions="2" status="pass" classname="tests/headless/test_terrain_memory.gd" time="0.000353" >
      </testcase>
      <testcase name="test_initial_ring_comes_from_the_corridor_cache" assertions="52" status="pass" classname="tests/headless/test_terrain_memory.gd" time="0.830907" >
      </testcase>
      <testcase name="test_initial_ring_participates_in_the_lazy_finest_path" assertions="99" status="pass" classname="tests/headless/test_terrain_memory.gd" time="0.862168" >
      </testcase>
      <testcase name="test_prebaked_finest_level_needs_no_detail_queue" assertions="100" status="pass" classname="tests/headless/test_terrain_memory.gd" time="1.008392" >
      </testcase>
      <testcase name="test_prebake_does_not_retain_the_lazy_rebuild_light" assertions="183" status="pass" classname="tests/headless/test_terrain_memory.gd" time="1.909838" >
      </testcase>
  </testsuite>
  <testsuite name="tests/headless/test_terrain_noise.gd" tests="2" failures="0" skipped="0" time="0.000401" >
      <testcase name="test_matches_terrain_manager_noise" assertions="3" status="pass" classname="tests/headless/test_terrain_noise.gd" time="0.000281" >
      </testcase>
      <testcase name="test_deterministic" assertions="1" status="pass" classname="tests/headless/test_terrain_noise.gd" time="0.00012" >
      </testcase>
  </testsuite>
  <testsuite name="tests/headless/test_terrain_precompute.gd" tests="15" failures="0" skipped="0" time="9.040254" >
      <testcase name="test_corridor_covers_ring_everywhere_within_leash" assertions="4557" status="pass" classname="tests/headless/test_terrain_precompute.gd" time="0.020011" >
      </testcase>
      <testcase name="test_corridor_covers_straight_span_interiors" assertions="1" status="pass" classname="tests/headless/test_terrain_precompute.gd" time="0.001399" >
      </testcase>
      <testcase name="test_corridor_has_no_duplicates" assertions="187" status="pass" classname="tests/headless/test_terrain_precompute.gd" time="0.001761" >
      </testcase>
      <testcase name="test_cached_chunk_data_matches_fresh_compute" assertions="6" status="pass" classname="tests/headless/test_terrain_precompute.gd" time="0.674116" >
      </testcase>
      <testcase name="test_ring_spawns_from_cache_without_recompute" assertions="1" status="pass" classname="tests/headless/test_terrain_precompute.gd" time="0.671118" >
      </testcase>
      <testcase name="test_cache_miss_with_populated_cache_spawns_no_chunk" assertions="2" status="pass" classname="tests/headless/test_terrain_precompute.gd" time="0.705047" >
      </testcase>
      <testcase name="test_empty_cache_builds_on_demand_without_error" assertions="1" status="pass" classname="tests/headless/test_terrain_precompute.gd" time="0.360714" >
      </testcase>
      <testcase name="test_seed_change_invalidates_and_refills_cache" assertions="2" status="pass" classname="tests/headless/test_terrain_precompute.gd" time="1.727323" >
      </testcase>
      <testcase name="test_height_at_serves_flattened_road_height_from_cache" assertions="2" status="pass" classname="tests/headless/test_terrain_precompute.gd" time="0.818188" >
      </testcase>
      <testcase name="test_height_at_matches_cached_grid_exactly_on_vertices" assertions="1" status="pass" classname="tests/headless/test_terrain_precompute.gd" time="0.654408" >
      </testcase>
      <testcase name="test_height_at_falls_back_to_noise_outside_corridor" assertions="1" status="pass" classname="tests/headless/test_terrain_precompute.gd" time="0.648485" >
      </testcase>
      <testcase name="test_chunks_in_collision_band_have_prebuilt_shape_after_precompute" assertions="183" status="pass" classname="tests/headless/test_terrain_precompute.gd" time="0.652931" >
      </testcase>
      <testcase name="test_chunks_outside_collision_band_have_no_prebuilt_shape" assertions="1" status="pass" classname="tests/headless/test_terrain_precompute.gd" time="0.645393" >
      </testcase>
      <testcase name="test_spawned_chunk_reuses_prebuilt_shape_not_a_fresh_one" assertions="2" status="pass" classname="tests/headless/test_terrain_precompute.gd" time="0.657169" >
      </testcase>
      <testcase name="test_light_at_serves_from_cache_when_lit" assertions="2" status="pass" classname="tests/headless/test_terrain_precompute.gd" time="0.802191" >
      </testcase>
  </testsuite>
  <testsuite name="tests/headless/test_terrain_resolution.gd" tests="13" failures="0" skipped="0" time="0.749941" >
      <testcase name="test_corridor_and_collision_bands_share_the_plus_one_derivation" assertions="1" status="pass" classname="tests/headless/test_terrain_resolution.gd" time="0.000237" >
      </testcase>
      <testcase name="test_classify_picks_finest_reachable_level" assertions="2" status="pass" classname="tests/headless/test_terrain_resolution.gd" time="0.000184" >
      </testcase>
      <testcase name="test_classify_prunes_fine_levels_for_far_chunk" assertions="2" status="pass" classname="tests/headless/test_terrain_resolution.gd" time="0.000163" >
      </testcase>
      <testcase name="test_classify_forces_full_res_inside_collision_band" assertions="1" status="pass" classname="tests/headless/test_terrain_resolution.gd" time="0.000138" >
      </testcase>
      <testcase name="test_corridor_classifies_near_full_res_and_far_coarse" assertions="3" status="pass" classname="tests/headless/test_terrain_resolution.gd" time="0.001097" >
      </testcase>
      <testcase name="test_chunk_class_defaults_full_res_when_unknown" assertions="2" status="pass" classname="tests/headless/test_terrain_resolution.gd" time="0.000159" >
      </testcase>
      <testcase name="test_strided_build_matches_decimated_full_res_with_cliffs" assertions="485" status="pass" classname="tests/headless/test_terrain_resolution.gd" time="0.012696" >
      </testcase>
      <testcase name="test_build_levels_from_nulls_pruned_and_builds_kept" assertions="9" status="pass" classname="tests/headless/test_terrain_resolution.gd" time="0.000849" >
      </testcase>
      <testcase name="test_cache_chunk_coarse_has_meshes_but_no_full_res_grid" assertions="6" status="pass" classname="tests/headless/test_terrain_resolution.gd" time="0.001137" >
      </testcase>
      <testcase name="test_cache_chunk_full_res_unchanged" assertions="2" status="pass" classname="tests/headless/test_terrain_resolution.gd" time="0.00838" >
      </testcase>
      <testcase name="test_apply_data_skips_null_levels_and_builds_no_collision_for_coarse" assertions="2" status="pass" classname="tests/headless/test_terrain_resolution.gd" time="0.003864" >
      </testcase>
      <testcase name="test_height_at_over_coarse_chunk_uses_noise_fallback" assertions="1" status="pass" classname="tests/headless/test_terrain_resolution.gd" time="0.001183" >
      </testcase>
      <testcase name="test_reconcile_does_not_build_on_real_play_miss" assertions="3" status="pass" classname="tests/headless/test_terrain_resolution.gd" time="0.719854" >
      </testcase>
  </testsuite>
  <testsuite name="tests/headless/test_tire_marks.gd" tests="18" failures="0" skipped="0" time="0.075847" >
      <testcase name="test_collects_four_wheels" assertions="1" status="pass" classname="tests/headless/test_tire_marks.gd" time="0.003107" >
      </testcase>
      <testcase name="test_warm_up_draws_then_clears" assertions="3" status="pass" classname="tests/headless/test_tire_marks.gd" time="0.003511" >
      </testcase>
      <testcase name="test_marks_accumulate_on_gravel" assertions="4" status="pass" classname="tests/headless/test_tire_marks.gd" time="0.003184" >
      </testcase>
      <testcase name="test_no_marks_off_the_gravel" assertions="4" status="pass" classname="tests/headless/test_tire_marks.gd" time="0.003743" >
      </testcase>
      <testcase name="test_marks_lay_on_gravel_surface" assertions="4" status="pass" classname="tests/headless/test_tire_marks.gd" time="0.004297" >
      </testcase>
      <testcase name="test_no_marks_on_tarmac_without_wheelspin" assertions="4" status="pass" classname="tests/headless/test_tire_marks.gd" time="0.004328" >
      </testcase>
      <testcase name="test_skidmarks_on_tarmac_under_wheelspin" assertions="4" status="pass" classname="tests/headless/test_tire_marks.gd" time="0.004972" >
      </testcase>
      <testcase name="test_no_skidmarks_on_tarmac_from_undriven_wheels" assertions="4" status="pass" classname="tests/headless/test_tire_marks.gd" time="0.003886" >
      </testcase>
      <testcase name="test_corner_wheel_on_road_ahead_still_marks" assertions="1" status="pass" classname="tests/headless/test_tire_marks.gd" time="0.002675" >
      </testcase>
      <testcase name="test_sub_step_movement_adds_no_segment" assertions="1" status="pass" classname="tests/headless/test_tire_marks.gd" time="0.002503" >
      </testcase>
      <testcase name="test_ring_buffer_caps_segments" assertions="1" status="pass" classname="tests/headless/test_tire_marks.gd" time="0.008953" >
      </testcase>
      <testcase name="test_below_min_speed_lays_nothing" assertions="1" status="pass" classname="tests/headless/test_tire_marks.gd" time="0.002872" >
      </testcase>
      <testcase name="test_airborne_wheel_stops_marking" assertions="1" status="pass" classname="tests/headless/test_tire_marks.gd" time="0.003501" >
      </testcase>
      <testcase name="test_incremental_buffer_matches_full_rebuild" assertions="2" status="pass" classname="tests/headless/test_tire_marks.gd" time="0.004375" >
      </testcase>
      <testcase name="test_uploads_are_coalesced_to_one_per_wheel_per_frame" assertions="4" status="pass" classname="tests/headless/test_tire_marks.gd" time="0.004862" >
      </testcase>
      <testcase name="test_coalescing_loses_no_segments" assertions="16" status="pass" classname="tests/headless/test_tire_marks.gd" time="0.007143" >
      </testcase>
      <testcase name="test_coalescing_survives_a_broken_strip_and_the_cap" assertions="3" status="pass" classname="tests/headless/test_tire_marks.gd" time="0.004514" >
      </testcase>
      <testcase name="test_jump_leaves_a_gap_not_a_stretched_quad" assertions="2" status="pass" classname="tests/headless/test_tire_marks.gd" time="0.003421" >
      </testcase>
  </testsuite>
  <testsuite name="tests/headless/test_touch_scroll_container.gd" tests="3" failures="0" skipped="0" time="0.010732" >
      <testcase name="test_overflowing_list_drag_scrolls_starting_on_a_row" assertions="3" status="pass" classname="tests/headless/test_touch_scroll_container.gd" time="0.006713" >
      </testcase>
      <testcase name="test_small_press_is_left_alone_as_a_tap" assertions="2" status="pass" classname="tests/headless/test_touch_scroll_container.gd" time="0.002644" >
      </testcase>
      <testcase name="test_short_list_does_not_hijack_input" assertions="2" status="pass" classname="tests/headless/test_touch_scroll_container.gd" time="0.001375" >
      </testcase>
  </testsuite>
  <testsuite name="tests/headless/test_track_cache.gd" tests="9" failures="0" skipped="0" time="11.329479" >
      <testcase name="test_cache_key_stable_and_input_sensitive" assertions="4" status="pass" classname="tests/headless/test_track_cache.gd" time="0.001176" >
      </testcase>
      <testcase name="test_cache_key_ignores_origin" assertions="1" status="pass" classname="tests/headless/test_track_cache.gd" time="0.000147" >
      </testcase>
      <testcase name="test_rebuild_matches_live_generation" assertions="7215" status="pass" classname="tests/headless/test_track_cache.gd" time="0.047175" >
      </testcase>
      <testcase name="test_lookup_miss_returns_empty" assertions="1" status="pass" classname="tests/headless/test_track_cache.gd" time="0.000477" >
      </testcase>
      <testcase name="test_lookup_hit_rebuilds_track" assertions="3" status="pass" classname="tests/headless/test_track_cache.gd" time="0.026469" >
      </testcase>
      <testcase name="test_generate_cached_miss_falls_back_live" assertions="1" status="pass" classname="tests/headless/test_track_cache.gd" time="0.012964" >
      </testcase>
      <testcase name="test_canonical_event_config_applies_overrides" assertions="2" status="pass" classname="tests/headless/test_track_cache.gd" time="0.004838" >
      </testcase>
      <testcase name="test_committed_cache_covers_every_event" assertions="78" status="pass" classname="tests/headless/test_track_cache.gd" time="11.153923" >
      </testcase>
      <testcase name="test_committed_source_hash_is_fresh" assertions="2" status="pass" classname="tests/headless/test_track_cache.gd" time="0.08231" >
      </testcase>
  </testsuite>
  <testsuite name="tests/headless/test_track_gen_frame_consistency.gd" tests="2" failures="0" skipped="0" time="0.55438" >
      <testcase name="test_same_event_same_shape" assertions="2" status="pass" classname="tests/headless/test_track_gen_frame_consistency.gd" time="0.471868" >
      </testcase>
      <testcase name="test_water_off_still_generates" assertions="1" status="pass" classname="tests/headless/test_track_gen_frame_consistency.gd" time="0.082512" >
      </testcase>
  </testsuite>
  <testsuite name="tests/headless/test_track_gen_params.gd" tests="5" failures="0" skipped="0" time="0.004288" >
      <testcase name="test_for_event_reads_seed_and_water" assertions="4" status="pass" classname="tests/headless/test_track_gen_params.gd" time="0.000895" >
      </testcase>
      <testcase name="test_for_event_deterministic" assertions="3" status="pass" classname="tests/headless/test_track_gen_params.gd" time="0.001532" >
      </testcase>
      <testcase name="test_for_trial_requires_water_level" assertions="2" status="pass" classname="tests/headless/test_track_gen_params.gd" time="0.000188" >
      </testcase>
      <testcase name="test_dry_start_moves_off_water" assertions="1" status="pass" classname="tests/headless/test_track_gen_params.gd" time="0.000252" >
      </testcase>
      <testcase name="test_dry_start_deterministic" assertions="1" status="pass" classname="tests/headless/test_track_gen_params.gd" time="0.001421" >
      </testcase>
  </testsuite>
  <testsuite name="tests/headless/test_track_gen_water.gd" tests="2" failures="0" skipped="0" time="0.123073" >
      <testcase name="test_water_disabled_is_deterministic" assertions="2" status="pass" classname="tests/headless/test_track_gen_water.gd" time="0.019122" >
      </testcase>
      <testcase name="test_road_avoids_water" assertions="2" status="pass" classname="tests/headless/test_track_gen_water.gd" time="0.103951" >
      </testcase>
  </testsuite>
  <testsuite name="tests/headless/test_track_generator.gd" tests="30" failures="0" skipped="0" time="15.795988" >
      <testcase name="test_frame_transform_maps_local_axes_to_world" assertions="3" status="pass" classname="tests/headless/test_track_generator.gd" time="0.000174" >
      </testcase>
      <testcase name="test_mirror_points_negates_x_when_flipped" assertions="3" status="pass" classname="tests/headless/test_track_generator.gd" time="0.000142" >
      </testcase>
      <testcase name="test_rasterize_cells_covers_width_around_a_straight" assertions="3" status="pass" classname="tests/headless/test_track_generator.gd" time="0.000167" >
      </testcase>
      <testcase name="test_exit_heading_is_unit_direction_of_last_segment" assertions="1" status="pass" classname="tests/headless/test_track_generator.gd" time="0.000105" >
      </testcase>
      <testcase name="test_generate_is_deterministic_per_seed" assertions="2" status="pass" classname="tests/headless/test_track_generator.gd" time="0.018128" >
      </testcase>
      <testcase name="test_generate_places_requested_corner_count" assertions="2" status="pass" classname="tests/headless/test_track_generator.gd" time="0.013164" >
      </testcase>
      <testcase name="test_generate_avoids_the_reserved_start_corridor" assertions="2" status="pass" classname="tests/headless/test_track_generator.gd" time="0.103164" >
      </testcase>
      <testcase name="test_reservation_keeps_generation_deterministic" assertions="2" status="pass" classname="tests/headless/test_track_generator.gd" time="0.186064" >
      </testcase>
      <testcase name="test_generate_starts_at_the_spawn_frame" assertions="2" status="pass" classname="tests/headless/test_track_generator.gd" time="0.017709" >
      </testcase>
      <testcase name="test_generate_avoids_cell_overlap_between_pieces" assertions="10044" status="pass" classname="tests/headless/test_track_generator.gd" time="0.048434" >
      </testcase>
      <testcase name="test_clearance_inflates_the_collision_footprint" assertions="2" status="pass" classname="tests/headless/test_track_generator.gd" time="0.001906" >
      </testcase>
      <testcase name="test_generate_with_clearance_is_deterministic_and_non_overlapping" assertions="30803" status="pass" classname="tests/headless/test_track_generator.gd" time="0.208032" >
      </testcase>
      <testcase name="test_generate_is_g1_continuous_at_joins" assertions="106" status="pass" classname="tests/headless/test_track_generator.gd" time="0.018321" >
      </testcase>
      <testcase name="test_generate_uses_both_left_and_right_flips" assertions="1" status="pass" classname="tests/headless/test_track_generator.gd" time="0.074495" >
      </testcase>
      <testcase name="test_straightness_bias_produces_gentler_tracks" assertions="1" status="pass" classname="tests/headless/test_track_generator.gd" time="1.033234" >
      </testcase>
      <testcase name="test_straightness_generation_is_deterministic_and_complete" assertions="3" status="pass" classname="tests/headless/test_track_generator.gd" time="0.046042" >
      </testcase>
      <testcase name="test_every_rally_event_generates_a_complete_track_quickly" assertions="40" status="pass" classname="tests/headless/test_track_generator.gd" time="13.924223" >
      </testcase>
      <testcase name="test_zero_runoff_reports_no_segment" assertions="2" status="pass" classname="tests/headless/test_track_generator.gd" time="0.014023" >
      </testcase>
      <testcase name="test_runoff_straight_does_not_overlap_the_track" assertions="402" status="pass" classname="tests/headless/test_track_generator.gd" time="0.015629" >
      </testcase>
      <testcase name="test_retreat_depth_first_dead_end_undoes_one_corner" assertions="2" status="pass" classname="tests/headless/test_track_generator.gd" time="0.000241" >
      </testcase>
      <testcase name="test_retreat_depth_is_monotonic_non_decreasing" assertions="19" status="pass" classname="tests/headless/test_track_generator.gd" time="0.000156" >
      </testcase>
      <testcase name="test_retreat_depth_never_exceeds_cap" assertions="50" status="pass" classname="tests/headless/test_track_generator.gd" time="0.000234" >
      </testcase>
      <testcase name="test_retreat_depth_treats_sub_one_cap_as_one" assertions="2" status="pass" classname="tests/headless/test_track_generator.gd" time="0.000119" >
      </testcase>
      <testcase name="test_on_progress_does_not_change_result" assertions="3" status="pass" classname="tests/headless/test_track_generator.gd" time="0.027032" >
      </testcase>
      <testcase name="test_on_progress_receives_valid_partial_polylines" assertions="10" status="pass" classname="tests/headless/test_track_generator.gd" time="0.012976" >
      </testcase>
      <testcase name="test_generate_stays_synchronous_without_callback" assertions="2" status="pass" classname="tests/headless/test_track_generator.gd" time="0.009514" >
      </testcase>
      <testcase name="test_rasterize_cells_matches_a_brute_force_distance_scan" assertions="896" status="pass" classname="tests/headless/test_track_generator.gd" time="0.015088" >
      </testcase>
      <testcase name="test_collide_and_cells_extra_set_is_treated_as_occupied" assertions="3" status="pass" classname="tests/headless/test_track_generator.gd" time="0.001691" >
      </testcase>
      <testcase name="test_corner_straightness_is_memoised_to_the_same_value" assertions="18" status="pass" classname="tests/headless/test_track_generator.gd" time="0.000413" >
      </testcase>
      <testcase name="test_candidate_order_is_a_deterministic_permutation" assertions="387" status="pass" classname="tests/headless/test_track_generator.gd" time="0.005368" >
      </testcase>
  </testsuite>
  <testsuite name="tests/headless/test_track_preview.gd" tests="2" failures="0" skipped="0" time="0.017049" >
      <testcase name="test_accepts_water_cells" assertions="1" status="pass" classname="tests/headless/test_track_preview.gd" time="0.005286" >
      </testcase>
      <testcase name="test_loading_screen_forwards_water" assertions="1" status="pass" classname="tests/headless/test_track_preview.gd" time="0.011763" >
      </testcase>
  </testsuite>
  <testsuite name="tests/headless/test_track_progress.gd" tests="30" failures="0" skipped="0" time="0.1162" >
      <testcase name="test_progress_advances_on_road_and_is_monotonic" assertions="3" status="pass" classname="tests/headless/test_track_progress.gd" time="0.003205" >
      </testcase>
      <testcase name="test_jump_to_finish_pins_progress_to_100_percent" assertions="4" status="pass" classname="tests/headless/test_track_progress.gd" time="0.002286" >
      </testcase>
      <testcase name="test_progress_reaches_100_percent_at_finish_offset_before_curve_end" assertions="2" status="pass" classname="tests/headless/test_track_progress.gd" time="0.002287" >
      </testcase>
      <testcase name="test_jump_to_finish_uses_the_finish_offset" assertions="2" status="pass" classname="tests/headless/test_track_progress.gd" time="0.002233" >
      </testcase>
      <testcase name="test_manual_reset_pose_uses_current_position_not_furthest_progress" assertions="4" status="pass" classname="tests/headless/test_track_progress.gd" time="0.002566" >
      </testcase>
      <testcase name="test_progress_gated_by_distance" assertions="1" status="pass" classname="tests/headless/test_track_progress.gd" time="0.002629" >
      </testcase>
      <testcase name="test_wide_tolerance_keeps_running_wide_on_track" assertions="2" status="pass" classname="tests/headless/test_track_progress.gd" time="0.002371" >
      </testcase>
      <testcase name="test_off_track_triggers_reset_to_last_progress_pose" assertions="5" status="pass" classname="tests/headless/test_track_progress.gd" time="0.002612" >
      </testcase>
      <testcase name="test_off_track_reset_can_be_disabled" assertions="1" status="pass" classname="tests/headless/test_track_progress.gd" time="0.003541" >
      </testcase>
      <testcase name="test_falling_below_the_world_y_resets_to_last_progress_pose" assertions="2" status="pass" classname="tests/headless/test_track_progress.gd" time="0.002485" >
      </testcase>
      <testcase name="test_falling_below_the_tracks_water_level_resets_to_last_progress_pose" assertions="3" status="pass" classname="tests/headless/test_track_progress.gd" time="0.003257" >
      </testcase>
      <testcase name="test_progress_percent_tracks_fraction" assertions="1" status="pass" classname="tests/headless/test_track_progress.gd" time="0.003812" >
      </testcase>
      <testcase name="test_progress_reads_zero_at_the_start_line_despite_the_lead_in" assertions="2" status="pass" classname="tests/headless/test_track_progress.gd" time="0.002565" >
      </testcase>
      <testcase name="test_mark_start_rezeros_progress_at_the_cars_position" assertions="3" status="pass" classname="tests/headless/test_track_progress.gd" time="0.003167" >
      </testcase>
      <testcase name="test_flooring_it_and_going_nowhere_recovers" assertions="1" status="pass" classname="tests/headless/test_track_progress.gd" time="0.003438" >
      </testcase>
      <testcase name="test_does_not_recover_before_the_timeout" assertions="1" status="pass" classname="tests/headless/test_track_progress.gd" time="0.003652" >
      </testcase>
      <testcase name="test_flipped_car_recovers" assertions="1" status="pass" classname="tests/headless/test_track_progress.gd" time="0.003006" >
      </testcase>
      <testcase name="test_car_in_a_pit_recovers_without_throttle" assertions="1" status="pass" classname="tests/headless/test_track_progress.gd" time="0.006137" >
      </testcase>
      <testcase name="test_parked_upright_on_road_never_recovers" assertions="1" status="pass" classname="tests/headless/test_track_progress.gd" time="0.003445" >
      </testcase>
      <testcase name="test_moving_car_never_recovers" assertions="1" status="pass" classname="tests/headless/test_track_progress.gd" time="0.002916" >
      </testcase>
      <testcase name="test_recovery_disabled_never_recovers" assertions="1" status="pass" classname="tests/headless/test_track_progress.gd" time="0.003637" >
      </testcase>
      <testcase name="test_recovery_target_is_the_last_on_road_pose" assertions="2" status="pass" classname="tests/headless/test_track_progress.gd" time="0.002658" >
      </testcase>
      <testcase name="test_tracked_offset_matches_a_direct_curve_query_while_driving" assertions="2" status="pass" classname="tests/headless/test_track_progress.gd" time="0.019868" >
      </testcase>
      <testcase name="test_offset_reacquires_after_an_off_track_reset" assertions="3" status="pass" classname="tests/headless/test_track_progress.gd" time="0.003186" >
      </testcase>
      <testcase name="test_offset_reacquires_after_a_teleport_via_retarget" assertions="2" status="pass" classname="tests/headless/test_track_progress.gd" time="0.003072" >
      </testcase>
      <testcase name="test_jump_to_finish_leaves_tracking_usable_at_the_finish" assertions="2" status="pass" classname="tests/headless/test_track_progress.gd" time="0.002784" >
      </testcase>
      <testcase name="test_clean_straight_drive_bills_no_cut" assertions="2" status="pass" classname="tests/headless/test_track_progress.gd" time="0.010849" >
      </testcase>
      <testcase name="test_cutting_the_neck_bills_the_stolen_metres" assertions="3" status="pass" classname="tests/headless/test_track_progress.gd" time="0.003062" >
      </testcase>
      <testcase name="test_cut_penalty_disabled_never_bills" assertions="1" status="pass" classname="tests/headless/test_track_progress.gd" time="0.002406" >
      </testcase>
      <testcase name="test_setup_resets_accumulated_excess" assertions="2" status="pass" classname="tests/headless/test_track_progress.gd" time="0.003068" >
      </testcase>
  </testsuite>
  <testsuite name="tests/headless/test_track_surface.gd" tests="5" failures="0" skipped="0" time="0.002026" >
      <testcase name="test_full_one_surface_has_no_switch" assertions="20" status="pass" classname="tests/headless/test_track_surface.gd" time="0.000454" >
      </testcase>
      <testcase name="test_gravel_first_opens_gravel_then_tarmac" assertions="5" status="pass" classname="tests/headless/test_track_surface.gd" time="0.000173" >
      </testcase>
      <testcase name="test_tarmac_first_opens_tarmac_then_gravel" assertions="3" status="pass" classname="tests/headless/test_track_surface.gd" time="0.000135" >
      </testcase>
      <testcase name="test_weight_is_monotonic_across_the_band" assertions="202" status="pass" classname="tests/headless/test_track_surface.gd" time="0.00112" >
      </testcase>
      <testcase name="test_orientation_is_deterministic_and_varies" assertions="2" status="pass" classname="tests/headless/test_track_surface.gd" time="0.000144" >
      </testcase>
  </testsuite>
  <testsuite name="tests/headless/test_tree_fall.gd" tests="15" failures="0" skipped="0" time="0.002196" >
      <testcase name="test_fell_speed_scales_linearly_with_size" assertions="13" status="pass" classname="tests/headless/test_tree_fall.gd" time="0.00023" >
      </testcase>
      <testcase name="test_should_fell_sized_smaller_tree_fells_at_lower_speed" assertions="2" status="pass" classname="tests/headless/test_tree_fall.gd" time="0.000159" >
      </testcase>
      <testcase name="test_should_fell_sized_disabled_when_threshold_non_positive" assertions="1" status="pass" classname="tests/headless/test_tree_fall.gd" time="0.000155" >
      </testcase>
      <testcase name="test_plough_keep_full_size_is_zero_and_monotonic_and_bounded" assertions="23" status="pass" classname="tests/headless/test_tree_fall.gd" time="0.000211" >
      </testcase>
      <testcase name="test_plough_keep_off_switch" assertions="11" status="pass" classname="tests/headless/test_tree_fall.gd" time="0.000225" >
      </testcase>
      <testcase name="test_plough_restore_zero_keep_is_a_hard_stop" assertions="1" status="pass" classname="tests/headless/test_tree_fall.gd" time="0.000123" >
      </testcase>
      <testcase name="test_plough_restore_returns_forward_momentum_scaled_by_keep" assertions="3" status="pass" classname="tests/headless/test_tree_fall.gd" time="0.000115" >
      </testcase>
      <testcase name="test_plough_restore_never_exceeds_approach_speed" assertions="1" status="pass" classname="tests/headless/test_tree_fall.gd" time="0.000092" >
      </testcase>
      <testcase name="test_plough_restore_preserves_vertical_component" assertions="1" status="pass" classname="tests/headless/test_tree_fall.gd" time="0.000097" >
      </testcase>
      <testcase name="test_should_fell_boundary_is_relative_to_threshold" assertions="3" status="pass" classname="tests/headless/test_tree_fall.gd" time="0.000161" >
      </testcase>
      <testcase name="test_should_fell_disabled_when_threshold_non_positive" assertions="1" status="pass" classname="tests/headless/test_tree_fall.gd" time="0.000152" >
      </testcase>
      <testcase name="test_fall_angle_starts_upright_is_monotonic_and_clamps_flat" assertions="23" status="pass" classname="tests/headless/test_tree_fall.gd" time="0.000153" >
      </testcase>
      <testcase name="test_fall_angle_zero_duration_is_immediately_flat" assertions="1" status="pass" classname="tests/headless/test_tree_fall.gd" time="0.0001" >
      </testcase>
      <testcase name="test_topple_axis_is_horizontal_and_perpendicular" assertions="3" status="pass" classname="tests/headless/test_tree_fall.gd" time="0.000116" >
      </testcase>
      <testcase name="test_topple_axis_degenerate_input_yields_valid_unit_axis" assertions="2" status="pass" classname="tests/headless/test_tree_fall.gd" time="0.000107" >
      </testcase>
  </testsuite>
  <testsuite name="tests/headless/test_tree_mesh_field.gd" tests="1" failures="0" skipped="0" time="0.000198" >
      <testcase name="test_size_factor_is_always_one" assertions="2" status="pass" classname="tests/headless/test_tree_mesh_field.gd" time="0.000198" >
      </testcase>
  </testsuite>
  <testsuite name="tests/headless/test_tree_scatter.gd" tests="18" failures="0" skipped="0" time="0.928548" >
      <testcase name="test_turn_anchor_is_centroid_of_cell_centres" assertions="1" status="pass" classname="tests/headless/test_tree_scatter.gd" time="0.000185" >
      </testcase>
      <testcase name="test_deterministic_for_same_seed" assertions="1" status="pass" classname="tests/headless/test_tree_scatter.gd" time="0.076705" >
      </testcase>
      <testcase name="test_different_seed_differs" assertions="1" status="pass" classname="tests/headless/test_tree_scatter.gd" time="0.074827" >
      </testcase>
      <testcase name="test_no_tree_lands_on_a_road_cell" assertions="42" status="pass" classname="tests/headless/test_tree_scatter.gd" time="0.071471" >
      </testcase>
      <testcase name="test_grid_guarantees_minimum_spacing" assertions="821" status="pass" classname="tests/headless/test_tree_scatter.gd" time="0.113395" >
      </testcase>
      <testcase name="test_within_spawn_radius_of_some_anchor" assertions="41" status="pass" classname="tests/headless/test_tree_scatter.gd" time="0.073862" >
      </testcase>
      <testcase name="test_density_in_a_reasonable_band" assertions="2" status="pass" classname="tests/headless/test_tree_scatter.gd" time="0.072495" >
      </testcase>
      <testcase name="test_zero_target_places_nothing" assertions="1" status="pass" classname="tests/headless/test_tree_scatter.gd" time="0.069458" >
      </testcase>
      <testcase name="test_forestiness_one_is_unfiltered" assertions="2" status="pass" classname="tests/headless/test_tree_scatter.gd" time="0.073579" >
      </testcase>
      <testcase name="test_forestiness_zero_places_no_trees" assertions="1" status="pass" classname="tests/headless/test_tree_scatter.gd" time="0.07033" >
      </testcase>
      <testcase name="test_forestiness_only_keeps_trees_above_the_noise_threshold" assertions="26" status="pass" classname="tests/headless/test_tree_scatter.gd" time="0.071641" >
      </testcase>
      <testcase name="test_forestiness_is_monotonic" assertions="4" status="pass" classname="tests/headless/test_tree_scatter.gd" time="0.075714" >
      </testcase>
      <testcase name="test_all_on_road_places_nothing" assertions="1" status="pass" classname="tests/headless/test_tree_scatter.gd" time="0.081109" >
      </testcase>
      <testcase name="test_partition_covers_all_points_once" assertions="2" status="pass" classname="tests/headless/test_tree_scatter.gd" time="0.000645" >
      </testcase>
      <testcase name="test_partition_is_deterministic_per_seed" assertions="2" status="pass" classname="tests/headless/test_tree_scatter.gd" time="0.002089" >
      </testcase>
      <testcase name="test_partition_weight_shifts_the_split" assertions="1" status="pass" classname="tests/headless/test_tree_scatter.gd" time="0.000456" >
      </testcase>
      <testcase name="test_partition_single_species_takes_everything" assertions="2" status="pass" classname="tests/headless/test_tree_scatter.gd" time="0.000417" >
      </testcase>
      <testcase name="test_partition_zero_weights_fall_back_to_first_group" assertions="2" status="pass" classname="tests/headless/test_tree_scatter.gd" time="0.00017" >
      </testcase>
  </testsuite>
  <testsuite name="tests/headless/test_tree_silhouette.gd" tests="3" failures="0" skipped="0" time="0.000814" >
      <testcase name="test_solid_image_fills_normalized_card_bounds" assertions="70" status="pass" classname="tests/headless/test_tree_silhouette.gd" time="0.000517" >
      </testcase>
      <testcase name="test_two_separated_blobs_leave_a_gap_between_them" assertions="4" status="pass" classname="tests/headless/test_tree_silhouette.gd" time="0.000178" >
      </testcase>
      <testcase name="test_fully_transparent_image_returns_empty_mesh" assertions="1" status="pass" classname="tests/headless/test_tree_silhouette.gd" time="0.000119" >
      </testcase>
  </testsuite>
  <testsuite name="tests/headless/test_tuning_library.gd" tests="10" failures="0" skipped="0" time="0.002609" >
      <testcase name="test_neutral_tuning_is_a_no_op" assertions="5" status="pass" classname="tests/headless/test_tuning_library.gd" time="0.000326" >
      </testcase>
      <testcase name="test_grip_balance_shifts_grip_forward_and_is_monotonic" assertions="6" status="pass" classname="tests/headless/test_tuning_library.gd" time="0.000398" >
      </testcase>
      <testcase name="test_grip_balance_needs_no_upgrade" assertions="1" status="pass" classname="tests/headless/test_tuning_library.gd" time="0.000193" >
      </testcase>
      <testcase name="test_aero_balance_is_gated_by_the_aero_upgrade" assertions="4" status="pass" classname="tests/headless/test_tuning_library.gd" time="0.000287" >
      </testcase>
      <testcase name="test_brake_bias_is_tunable_with_no_upgrades" assertions="3" status="pass" classname="tests/headless/test_tuning_library.gd" time="0.000335" >
      </testcase>
      <testcase name="test_brake_bias_slider_recenters_on_the_car_baseline" assertions="1" status="pass" classname="tests/headless/test_tuning_library.gd" time="0.000256" >
      </testcase>
      <testcase name="test_out_of_range_sliders_clamp" assertions="6" status="pass" classname="tests/headless/test_tuning_library.gd" time="0.000223" >
      </testcase>
      <testcase name="test_axis_unlocked_reports_gating" assertions="4" status="pass" classname="tests/headless/test_tuning_library.gd" time="0.000138" >
      </testcase>
      <testcase name="test_engine_detune_scales_torque" assertions="3" status="pass" classname="tests/headless/test_tuning_library.gd" time="0.000331" >
      </testcase>
      <testcase name="test_engine_detune_is_not_a_handling_axis" assertions="1" status="pass" classname="tests/headless/test_tuning_library.gd" time="0.000122" >
      </testcase>
  </testsuite>
  <testsuite name="tests/headless/test_tuning_panel.gd" tests="7" failures="0" skipped="0" time="0.011326" >
      <testcase name="test_setup_builds_a_slider_per_axis" assertions="3" status="pass" classname="tests/headless/test_tuning_panel.gd" time="0.00159" >
      </testcase>
      <testcase name="test_editing_grip_writes_axis_and_fires_callback" assertions="2" status="pass" classname="tests/headless/test_tuning_panel.gd" time="0.002234" >
      </testcase>
      <testcase name="test_locked_axis_slider_not_editable" assertions="3" status="pass" classname="tests/headless/test_tuning_panel.gd" time="0.001731" >
      </testcase>
      <testcase name="test_reset_clears_handling_axes" assertions="1" status="pass" classname="tests/headless/test_tuning_panel.gd" time="0.001309" >
      </testcase>
      <testcase name="test_reset_preserves_engine_detune" assertions="2" status="pass" classname="tests/headless/test_tuning_panel.gd" time="0.001944" >
      </testcase>
      <testcase name="test_no_detune_slider_on_the_tuning_panel" assertions="1" status="pass" classname="tests/headless/test_tuning_panel.gd" time="0.002247" >
      </testcase>
      <testcase name="test_grip_tuning_shifts_front_rear_grip_off_baseline" assertions="2" status="pass" classname="tests/headless/test_tuning_panel.gd" time="0.000271" >
      </testcase>
  </testsuite>
  <testsuite name="tests/headless/test_turbo.gd" tests="11" failures="0" skipped="0" time="0.015735" >
      <testcase name="test_boost_fraction_zero_at_rest_and_rises_with_speed" assertions="4" status="pass" classname="tests/headless/test_turbo.gd" time="0.000198" >
      </testcase>
      <testcase name="test_exhaust_drive_scales_with_flow_and_antilag_floor" assertions="3" status="pass" classname="tests/headless/test_turbo.gd" time="0.000167" >
      </testcase>
      <testcase name="test_boost_torque_factor_shape" assertions="12" status="pass" classname="tests/headless/test_turbo.gd" time="0.000262" >
      </testcase>
      <testcase name="test_shaft_accel_inverse_with_inertia" assertions="2" status="pass" classname="tests/headless/test_turbo.gd" time="0.00013" >
      </testcase>
      <testcase name="test_boost_spools_up_over_time_at_full_throttle" assertions="2" status="pass" classname="tests/headless/test_turbo.gd" time="0.001795" >
      </testcase>
      <testcase name="test_lag_scales_with_inertia" assertions="1" status="pass" classname="tests/headless/test_turbo.gd" time="0.000446" >
      </testcase>
      <testcase name="test_parasitic_friction_bogs_low_rpm_climb" assertions="2" status="pass" classname="tests/headless/test_turbo.gd" time="0.003157" >
      </testcase>
      <testcase name="test_boost_stays_zero_when_disabled" assertions="2" status="pass" classname="tests/headless/test_turbo.gd" time="0.000787" >
      </testcase>
      <testcase name="test_antilag_holds_boost_off_throttle" assertions="1" status="pass" classname="tests/headless/test_turbo.gd" time="0.00533" >
      </testcase>
      <testcase name="test_bov_event_fires_on_lift_while_boosted" assertions="4" status="pass" classname="tests/headless/test_turbo.gd" time="0.001782" >
      </testcase>
      <testcase name="test_bov_fires_on_gearshift_even_with_throttle_held" assertions="3" status="pass" classname="tests/headless/test_turbo.gd" time="0.001681" >
      </testcase>
  </testsuite>
  <testsuite name="tests/headless/test_turbo_fielding.gd" tests="1" failures="0" skipped="0" time="1.140576" >
      <testcase name="test_turbo_upgrade_on_na_car_reconfigures_audio" assertions="2" status="pass" classname="tests/headless/test_turbo_fielding.gd" time="1.140576" >
      </testcase>
  </testsuite>
  <testsuite name="tests/headless/test_ui_theme.gd" tests="12" failures="0" skipped="0" time="0.003298" >
      <testcase name="test_theme_resource_loads" assertions="2" status="pass" classname="tests/headless/test_ui_theme.gd" time="0.000189" >
      </testcase>
      <testcase name="test_project_default_theme_is_the_design_system" assertions="1" status="pass" classname="tests/headless/test_ui_theme.gd" time="0.000158" >
      </testcase>
      <testcase name="test_theme_uses_the_house_font" assertions="2" status="pass" classname="tests/headless/test_ui_theme.gd" time="0.00015" >
      </testcase>
      <testcase name="test_primary_font_loads" assertions="1" status="pass" classname="tests/headless/test_ui_theme.gd" time="0.000109" >
      </testcase>
      <testcase name="test_label_helper_applies_role_colour" assertions="2" status="pass" classname="tests/headless/test_ui_theme.gd" time="0.000223" >
      </testcase>
      <testcase name="test_caps_uppercases" assertions="1" status="pass" classname="tests/headless/test_ui_theme.gd" time="0.000113" >
      </testcase>
      <testcase name="test_button_helper_uppercases_fixed_height_unfocusable" assertions="3" status="pass" classname="tests/headless/test_ui_theme.gd" time="0.000209" >
      </testcase>
      <testcase name="test_label_helper_uppercases_and_uses_one_size" assertions="2" status="pass" classname="tests/headless/test_ui_theme.gd" time="0.00014" >
      </testcase>
      <testcase name="test_enforce_applies_rules_across_a_menu_tree" assertions="4" status="pass" classname="tests/headless/test_ui_theme.gd" time="0.000945" >
      </testcase>
      <testcase name="test_mark_selected_underlines_green_when_selected" assertions="5" status="pass" classname="tests/headless/test_ui_theme.gd" time="0.000256" >
      </testcase>
      <testcase name="test_flank_shows_markers_only_when_active" assertions="4" status="pass" classname="tests/headless/test_ui_theme.gd" time="0.000367" >
      </testcase>
      <testcase name="test_panel_box_is_black_and_sharp_cornered" assertions="3" status="pass" classname="tests/headless/test_ui_theme.gd" time="0.000439" >
      </testcase>
  </testsuite>
  <testsuite name="tests/headless/test_ui_theme_fmt.gd" tests="5" failures="0" skipped="0" time="0.000604" >
      <testcase name="test_format_time_basic" assertions="1" status="pass" classname="tests/headless/test_ui_theme_fmt.gd" time="0.000142" >
      </testcase>
      <testcase name="test_format_time_zero" assertions="1" status="pass" classname="tests/headless/test_ui_theme_fmt.gd" time="0.000123" >
      </testcase>
      <testcase name="test_format_time_minutes_rollover" assertions="1" status="pass" classname="tests/headless/test_ui_theme_fmt.gd" time="0.000116" >
      </testcase>
      <testcase name="test_format_time_negative_default_sentinel" assertions="1" status="pass" classname="tests/headless/test_ui_theme_fmt.gd" time="0.000113" >
      </testcase>
      <testcase name="test_format_time_negative_custom_sentinel" assertions="1" status="pass" classname="tests/headless/test_ui_theme_fmt.gd" time="0.00011" >
      </testcase>
  </testsuite>
  <testsuite name="tests/headless/test_upgrade_library.gd" tests="18" failures="0" skipped="0" time="0.004452" >
      <testcase name="test_catalogue_is_well_formed" assertions="28" status="pass" classname="tests/headless/test_upgrade_library.gd" time="0.000399" >
      </testcase>
      <testcase name="test_lookups" assertions="10" status="pass" classname="tests/headless/test_upgrade_library.gd" time="0.000346" >
      </testcase>
      <testcase name="test_effect_application_multiplies_and_adds_on_baseline" assertions="5" status="pass" classname="tests/headless/test_upgrade_library.gd" time="0.000349" >
      </testcase>
      <testcase name="test_effective_meta_adjusts_power_to_weight_for_eligibility" assertions="5" status="pass" classname="tests/headless/test_upgrade_library.gd" time="0.000278" >
      </testcase>
      <testcase name="test_effective_meta_uses_swapped_engine_torque" assertions="2" status="pass" classname="tests/headless/test_upgrade_library.gd" time="0.000224" >
      </testcase>
      <testcase name="test_effective_meta_applies_detune_to_torque" assertions="2" status="pass" classname="tests/headless/test_upgrade_library.gd" time="0.000215" >
      </testcase>
      <testcase name="test_max_potential_meta_undoes_detune_and_drops_ballast" assertions="2" status="pass" classname="tests/headless/test_upgrade_library.gd" time="0.000243" >
      </testcase>
      <testcase name="test_no_upgrades_leaves_config_untouched" assertions="1" status="pass" classname="tests/headless/test_upgrade_library.gd" time="0.000247" >
      </testcase>
      <testcase name="test_aero_tuning_is_gated_by_the_aero_upgrade" assertions="2" status="pass" classname="tests/headless/test_upgrade_library.gd" time="0.000176" >
      </testcase>
      <testcase name="test_disabled_upgrades_are_inert_everywhere" assertions="7" status="pass" classname="tests/headless/test_upgrade_library.gd" time="0.000327" >
      </testcase>
      <testcase name="test_no_supercharger_upgrade_exists" assertions="9" status="pass" classname="tests/headless/test_upgrade_library.gd" time="0.000185" >
      </testcase>
      <testcase name="test_install_turbo_writes_turbo_fields_onto_config" assertions="3" status="pass" classname="tests/headless/test_upgrade_library.gd" time="0.000246" >
      </testcase>
      <testcase name="test_effective_meta_rates_turbo_at_peak_boost" assertions="1" status="pass" classname="tests/headless/test_upgrade_library.gd" time="0.000189" >
      </testcase>
      <testcase name="test_drivetrain_slot_is_valid" assertions="4" status="pass" classname="tests/headless/test_upgrade_library.gd" time="0.000192" >
      </testcase>
      <testcase name="test_drivetrain_swap_unlocked_gate" assertions="3" status="pass" classname="tests/headless/test_upgrade_library.gd" time="0.000198" >
      </testcase>
      <testcase name="test_resolve_drive_override" assertions="3" status="pass" classname="tests/headless/test_upgrade_library.gd" time="0.000223" >
      </testcase>
      <testcase name="test_effective_meta_reports_override_drive_mode" assertions="2" status="pass" classname="tests/headless/test_upgrade_library.gd" time="0.000227" >
      </testcase>
      <testcase name="test_effective_meta_keeps_stock_mode_without_kit" assertions="1" status="pass" classname="tests/headless/test_upgrade_library.gd" time="0.000188" >
      </testcase>
  </testsuite>
  <testsuite name="tests/headless/test_upgrade_reveal.gd" tests="7" failures="0" skipped="0" time="0.041613" >
      <testcase name="test_slottable_part_reveal_leaves_it_fitted_disabled_and_finishes" assertions="5" status="pass" classname="tests/headless/test_upgrade_reveal.gd" time="0.007555" >
      </testcase>
      <testcase name="test_repair_kit_on_full_health_car_skips_the_choice_and_finishes" assertions="2" status="pass" classname="tests/headless/test_upgrade_reveal.gd" time="0.009281" >
      </testcase>
      <testcase name="test_repair_kit_on_damaged_car_offers_use_now_and_repairs" assertions="6" status="pass" classname="tests/headless/test_upgrade_reveal.gd" time="0.005252" >
      </testcase>
      <testcase name="test_repair_kit_save_it_leaves_car_damaged_and_keeps_the_kit" assertions="2" status="pass" classname="tests/headless/test_upgrade_reveal.gd" time="0.005247" >
      </testcase>
      <testcase name="test_skip_button_hidden_when_spin_resolves_instantly" assertions="1" status="pass" classname="tests/headless/test_upgrade_reveal.gd" time="0.005611" >
      </testcase>
      <testcase name="test_skip_fast_forwards_a_running_spin_to_the_actual_won_item" assertions="6" status="pass" classname="tests/headless/test_upgrade_reveal.gd" time="0.003683" >
      </testcase>
      <testcase name="test_drivetrain_kit_installs_enabled_without_choice" assertions="2" status="pass" classname="tests/headless/test_upgrade_reveal.gd" time="0.004984" >
      </testcase>
  </testsuite>
  <testsuite name="tests/headless/test_upgrade_reveal_grant.gd" tests="1" failures="0" skipped="0" time="0.005189" >
      <testcase name="test_normal_part_reveal_leaves_part_fitted_disabled_and_emits_finished" assertions="3" status="pass" classname="tests/headless/test_upgrade_reveal_grant.gd" time="0.005189" >
      </testcase>
  </testsuite>
  <testsuite name="tests/headless/test_upgrades_menu.gd" tests="14" failures="0" skipped="0" time="0.047574" >
      <testcase name="test_setup_renders_against_the_given_owned_car" assertions="2" status="pass" classname="tests/headless/test_upgrades_menu.gd" time="0.002773" >
      </testcase>
      <testcase name="test_swap_row_only_when_on_swap_valid" assertions="2" status="pass" classname="tests/headless/test_upgrades_menu.gd" time="0.004914" >
      </testcase>
      <testcase name="test_no_limit_by_default_not_over" assertions="1" status="pass" classname="tests/headless/test_upgrades_menu.gd" time="0.003552" >
      </testcase>
      <testcase name="test_limit_below_ratio_flags_over" assertions="2" status="pass" classname="tests/headless/test_upgrades_menu.gd" time="0.002519" >
      </testcase>
      <testcase name="test_limit_above_ratio_not_over" assertions="2" status="pass" classname="tests/headless/test_upgrades_menu.gd" time="0.002594" >
      </testcase>
      <testcase name="test_close_button_blocks_and_reddens_over_the_limit" assertions="2" status="pass" classname="tests/headless/test_upgrades_menu.gd" time="0.003761" >
      </testcase>
      <testcase name="test_close_button_allows_close_within_the_limit" assertions="2" status="pass" classname="tests/headless/test_upgrades_menu.gd" time="0.003531" >
      </testcase>
      <testcase name="test_close_button_closes_freely_with_no_limit" assertions="2" status="pass" classname="tests/headless/test_upgrades_menu.gd" time="0.002588" >
      </testcase>
      <testcase name="test_has_an_engine_detune_slider" assertions="1" status="pass" classname="tests/headless/test_upgrades_menu.gd" time="0.002892" >
      </testcase>
      <testcase name="test_detune_slider_is_full_range" assertions="2" status="pass" classname="tests/headless/test_upgrades_menu.gd" time="0.006452" >
      </testcase>
      <testcase name="test_editing_detune_writes_fraction_and_fires_callback" assertions="2" status="pass" classname="tests/headless/test_upgrades_menu.gd" time="0.002956" >
      </testcase>
      <testcase name="test_detune_label_shows_pw_but_not_the_cap" assertions="2" status="pass" classname="tests/headless/test_upgrades_menu.gd" time="0.003177" >
      </testcase>
      <testcase name="test_weight_delta_label_is_signed_and_rounded_to_100" assertions="4" status="pass" classname="tests/headless/test_upgrades_menu.gd" time="0.00303" >
      </testcase>
      <testcase name="test_weight_slot_ballast_is_free_lightweight_is_gated" assertions="5" status="pass" classname="tests/headless/test_upgrades_menu.gd" time="0.002835" >
      </testcase>
  </testsuite>
  <testsuite name="tests/headless/test_water_config.gd" tests="1" failures="0" skipped="0" time="0.000466" >
      <testcase name="test_water_defaults_off" assertions="3" status="pass" classname="tests/headless/test_water_config.gd" time="0.000466" >
      </testcase>
  </testsuite>
  <testsuite name="tests/headless/test_web_fullscreen.gd" tests="4" failures="0" skipped="0" time="0.000429" >
      <testcase name="test_taller_than_wide_is_portrait" assertions="1" status="pass" classname="tests/headless/test_web_fullscreen.gd" time="0.000119" >
      </testcase>
      <testcase name="test_wider_than_tall_is_not_portrait" assertions="1" status="pass" classname="tests/headless/test_web_fullscreen.gd" time="0.000105" >
      </testcase>
      <testcase name="test_square_counts_as_landscape" assertions="1" status="pass" classname="tests/headless/test_web_fullscreen.gd" time="0.0001" >
      </testcase>
      <testcase name="test_autoload_is_inert_off_web" assertions="2" status="pass" classname="tests/headless/test_web_fullscreen.gd" time="0.000105" >
      </testcase>
  </testsuite>
  <testsuite name="tests/headless/test_wheel_customization.gd" tests="28" failures="0" skipped="0" time="4.249216" >
      <testcase name="test_wheel_catalogue_entries_are_all_real_catalogue_cars" assertions="13" status="pass" classname="tests/headless/test_wheel_customization.gd" time="0.002905" >
      </testcase>
      <testcase name="test_cars_without_a_wheel_texture_donate_nothing" assertions="4" status="pass" classname="tests/headless/test_wheel_customization.gd" time="0.002408" >
      </testcase>
      <testcase name="test_options_put_the_cars_own_wheels_first" assertions="6" status="pass" classname="tests/headless/test_wheel_customization.gd" time="0.003531" >
      </testcase>
      <testcase name="test_a_textureless_car_still_gets_a_stock_option" assertions="5" status="pass" classname="tests/headless/test_wheel_customization.gd" time="0.002769" >
      </testcase>
      <testcase name="test_absent_key_means_stock_wheels" assertions="3" status="pass" classname="tests/headless/test_wheel_customization.gd" time="0.002637" >
      </testcase>
      <testcase name="test_a_fitted_style_resolves_to_the_donors_texture" assertions="3" status="pass" classname="tests/headless/test_wheel_customization.gd" time="0.003352" >
      </testcase>
      <testcase name="test_unknown_style_falls_back_to_stock" assertions="1" status="pass" classname="tests/headless/test_wheel_customization.gd" time="0.002616" >
      </testcase>
      <testcase name="test_option_index_finds_the_worn_style_and_defaults_to_stock" assertions="2" status="pass" classname="tests/headless/test_wheel_customization.gd" time="0.002395" >
      </testcase>
      <testcase name="test_set_wheels_round_trips" assertions="2" status="pass" classname="tests/headless/test_wheel_customization.gd" time="0.004148" >
      </testcase>
      <testcase name="test_reverting_to_stock_erases_the_key_and_restores_the_hash" assertions="4" status="pass" classname="tests/headless/test_wheel_customization.gd" time="0.003135" >
      </testcase>
      <testcase name="test_new_cars_carry_no_wheels_key" assertions="1" status="pass" classname="tests/headless/test_wheel_customization.gd" time="0.003293" >
      </testcase>
      <testcase name="test_set_wheels_on_an_unknown_car_is_a_no_op" assertions="1" status="pass" classname="tests/headless/test_wheel_customization.gd" time="0.002995" >
      </testcase>
      <testcase name="test_wheels_are_independent_of_the_engine_swap_system" assertions="2" status="pass" classname="tests/headless/test_wheel_customization.gd" time="0.00255" >
      </testcase>
      <testcase name="test_fitting_wheels_changes_no_physics" assertions="10" status="pass" classname="tests/headless/test_wheel_customization.gd" time="0.193867" >
      </testcase>
      <testcase name="test_fitting_wheels_changes_the_rendered_texture" assertions="9" status="pass" classname="tests/headless/test_wheel_customization.gd" time="0.09865" >
      </testcase>
      <testcase name="test_bare_apply_car_reverts_to_stock_wheels" assertions="1" status="pass" classname="tests/headless/test_wheel_customization.gd" time="0.144207" >
      </testcase>
      <testcase name="test_reskin_wheels_changes_only_the_texture" assertions="5" status="pass" classname="tests/headless/test_wheel_customization.gd" time="0.143649" >
      </testcase>
      <testcase name="test_wheel_view_parks_the_car_alone" assertions="5" status="pass" classname="tests/headless/test_wheel_customization.gd" time="0.379501" >
      </testcase>
      <testcase name="test_wheel_view_uses_the_side_on_camera" assertions="2" status="pass" classname="tests/headless/test_wheel_customization.gd" time="0.277289" >
      </testcase>
      <testcase name="test_cycling_steps_the_style_and_previews_it" assertions="4" status="pass" classname="tests/headless/test_wheel_customization.gd" time="0.288347" >
      </testcase>
      <testcase name="test_fitting_wheels_saves_the_style_and_returns_to_the_lift" assertions="3" status="pass" classname="tests/headless/test_wheel_customization.gd" time="0.398823" >
      </testcase>
      <testcase name="test_fitting_the_stock_option_reverts_to_stock" assertions="1" status="pass" classname="tests/headless/test_wheel_customization.gd" time="0.392001" >
      </testcase>
      <testcase name="test_backing_out_discards_the_preview_and_reskins_the_car" assertions="3" status="pass" classname="tests/headless/test_wheel_customization.gd" time="0.308066" >
      </testcase>
      <testcase name="test_re_entering_after_an_early_back_out_rewires_cleanly" assertions="6" status="pass" classname="tests/headless/test_wheel_customization.gd" time="0.373399" >
      </testcase>
      <testcase name="test_a_wrecked_car_can_still_change_wheels" assertions="3" status="pass" classname="tests/headless/test_wheel_customization.gd" time="0.271324" >
      </testcase>
      <testcase name="test_wheel_view_is_keyboard_and_gamepad_navigable" assertions="5" status="pass" classname="tests/headless/test_wheel_customization.gd" time="0.437711" >
      </testcase>
      <testcase name="test_wheel_view_back_action_leaves_the_view" assertions="1" status="pass" classname="tests/headless/test_wheel_customization.gd" time="0.301244" >
      </testcase>
      <testcase name="test_the_lift_hub_offers_wheels_in_its_cursor" assertions="3" status="pass" classname="tests/headless/test_wheel_customization.gd" time="0.202404" >
      </testcase>
  </testsuite>
  <testsuite name="tests/headless/test_wheel_particles.gd" tests="16" failures="0" skipped="0" time="0.041633" >
      <testcase name="test_pool_starts_empty_and_capped" assertions="2" status="pass" classname="tests/headless/test_wheel_particles.gd" time="0.0032" >
      </testcase>
      <testcase name="test_driven_spinning_on_gravel_emits" assertions="1" status="pass" classname="tests/headless/test_wheel_particles.gd" time="0.002718" >
      </testcase>
      <testcase name="test_undriven_wheel_does_not_emit" assertions="1" status="pass" classname="tests/headless/test_wheel_particles.gd" time="0.002683" >
      </testcase>
      <testcase name="test_no_emit_when_not_spinning_faster_than_ground" assertions="1" status="pass" classname="tests/headless/test_wheel_particles.gd" time="0.002352" >
      </testcase>
      <testcase name="test_grass_emits_blades" assertions="1" status="pass" classname="tests/headless/test_wheel_particles.gd" time="0.002364" >
      </testcase>
      <testcase name="test_no_emit_on_tarmac" assertions="1" status="pass" classname="tests/headless/test_wheel_particles.gd" time="0.002347" >
      </testcase>
      <testcase name="test_sliding_and_spinning_still_emits_and_sprays_sideways" assertions="4" status="pass" classname="tests/headless/test_wheel_particles.gd" time="0.003314" >
      </testcase>
      <testcase name="test_warm_up_draws_then_clears" assertions="2" status="pass" classname="tests/headless/test_wheel_particles.gd" time="0.002613" >
      </testcase>
      <testcase name="test_ring_buffer_caps_live_particles" assertions="1" status="pass" classname="tests/headless/test_wheel_particles.gd" time="0.002921" >
      </testcase>
      <testcase name="test_one_shared_pool_for_every_surface" assertions="4" status="pass" classname="tests/headless/test_wheel_particles.gd" time="0.002311" >
      </testcase>
      <testcase name="test_slot_basis_encodes_size_and_roll" assertions="7" status="pass" classname="tests/headless/test_wheel_particles.gd" time="0.002275" >
      </testcase>
      <testcase name="test_slot_half_extents_are_independent_axes" assertions="2" status="pass" classname="tests/headless/test_wheel_particles.gd" time="0.002218" >
      </testcase>
      <testcase name="test_slot_writes_per_instance_colour" assertions="3" status="pass" classname="tests/headless/test_wheel_particles.gd" time="0.002554" >
      </testcase>
      <testcase name="test_advance_moves_origin_but_freezes_look" assertions="14" status="pass" classname="tests/headless/test_wheel_particles.gd" time="0.003198" >
      </testcase>
      <testcase name="test_zero_jitter_uses_the_look_colour_verbatim" assertions="1" status="pass" classname="tests/headless/test_wheel_particles.gd" time="0.002267" >
      </testcase>
      <testcase name="test_look_for_surface_picks_by_surface" assertions="3" status="pass" classname="tests/headless/test_wheel_particles.gd" time="0.002298" >
      </testcase>
  </testsuite>
  <testsuite name="tests/headless/test_wheel_texture_imports.gd" tests="2" failures="0" skipped="0" time="0.004114" >
      <testcase name="test_every_wheel_texture_opts_out_of_the_silent_3d_reimport" assertions="28" status="pass" classname="tests/headless/test_wheel_texture_imports.gd" time="0.00318" >
      </testcase>
      <testcase name="test_vram_compressed_wheel_textures_are_block_aligned" assertions="3" status="pass" classname="tests/headless/test_wheel_texture_imports.gd" time="0.000934" >
      </testcase>
  </testsuite>
  <testsuite name="tests/headless/test_world_engine_mute.gd" tests="1" failures="0" skipped="0" time="0.000329" >
      <testcase name="test_leaderboard_mute_disables_engine_processing" assertions="2" status="pass" classname="tests/headless/test_world_engine_mute.gd" time="0.000329" >
      </testcase>
  </testsuite>
  <testsuite name="tests/headless/test_world_fps_cap.gd" tests="4" failures="0" skipped="0" time="4.368532" >
      <testcase name="test_a_loading_cap_is_applied_before_the_final_one" assertions="1" status="pass" classname="tests/headless/test_world_fps_cap.gd" time="1.126851" >
      </testcase>
      <testcase name="test_post_load_cap_is_the_resolver_s_choice" assertions="1" status="pass" classname="tests/headless/test_world_fps_cap.gd" time="1.079251" >
      </testcase>
      <testcase name="test_loading_cap_is_never_left_in_place" assertions="1" status="pass" classname="tests/headless/test_world_fps_cap.gd" time="1.082612" >
      </testcase>
      <testcase name="test_benchmark_never_sees_a_transient_loading_cap" assertions="2" status="pass" classname="tests/headless/test_world_fps_cap.gd" time="1.079818" >
      </testcase>
  </testsuite>
  <testsuite name="tests/headless/test_wreck_screen.gd" tests="1" failures="0" skipped="0" time="0.004025" >
      <testcase name="test_crashes_then_orbits_and_requests_return" assertions="8" status="pass" classname="tests/headless/test_wreck_screen.gd" time="0.004025" >
      </testcase>
  </testsuite>
  <testsuite name="tests/headless/test_wreck_site_gate.gd" tests="3" failures="0" skipped="0" time="0.000473" >
      <testcase name="test_picks_first_candidate_within_budget" assertions="1" status="pass" classname="tests/headless/test_wreck_site_gate.gd" time="0.000153" >
      </testcase>
      <testcase name="test_falls_back_to_flattest_when_none_fit" assertions="1" status="pass" classname="tests/headless/test_wreck_site_gate.gd" time="0.000217" >
      </testcase>
      <testcase name="test_empty_returns_empty" assertions="1" status="pass" classname="tests/headless/test_wreck_site_gate.gd" time="0.000103" >
      </testcase>
  </testsuite>
</testsuites>